Component: Arm Compiler for Embedded 6.22 Tool: armlink [5ee90200]

==============================================================================

Section Cross References

    startup_stm32f103xb.o(RESET) refers to startup_stm32f103xb.o(STACK) for __initial_sp
    startup_stm32f103xb.o(RESET) refers to startup_stm32f103xb.o(.text) for Reset_Handler
    startup_stm32f103xb.o(RESET) refers to stm32f1xx_it.o(.text.NMI_Handler) for NMI_Handler
    startup_stm32f103xb.o(RESET) refers to stm32f1xx_it.o(.text.HardFault_Handler) for HardFault_Handler
    startup_stm32f103xb.o(RESET) refers to stm32f1xx_it.o(.text.MemManage_Handler) for MemManage_Handler
    startup_stm32f103xb.o(RESET) refers to stm32f1xx_it.o(.text.BusFault_Handler) for BusFault_Handler
    startup_stm32f103xb.o(RESET) refers to stm32f1xx_it.o(.text.UsageFault_Handler) for UsageFault_Handler
    startup_stm32f103xb.o(RESET) refers to stm32f1xx_it.o(.text.SVC_Handler) for SVC_Handler
    startup_stm32f103xb.o(RESET) refers to stm32f1xx_it.o(.text.DebugMon_Handler) for DebugMon_Handler
    startup_stm32f103xb.o(RESET) refers to stm32f1xx_it.o(.text.PendSV_Handler) for PendSV_Handler
    startup_stm32f103xb.o(RESET) refers to stm32f1xx_it.o(.text.SysTick_Handler) for SysTick_Handler
    startup_stm32f103xb.o(RESET) refers to stm32f1xx_it.o(.text.DMA1_Channel1_IRQHandler) for DMA1_Channel1_IRQHandler
    startup_stm32f103xb.o(RESET) refers to stm32f1xx_it.o(.text.USB_LP_CAN1_RX0_IRQHandler) for USB_LP_CAN1_RX0_IRQHandler
    startup_stm32f103xb.o(RESET) refers to stm32f1xx_it.o(.text.TIM3_IRQHandler) for TIM3_IRQHandler
    startup_stm32f103xb.o(.text) refers to system_stm32f1xx.o(.text.SystemInit) for SystemInit
    startup_stm32f103xb.o(.text) refers to entry.o(.ARM.Collect$$$$00000000) for __main
    main.o(.text.main) refers to stm32f1xx_hal.o(.text.HAL_Init) for HAL_Init
    main.o(.text.main) refers to main.o(.text.SystemClock_Config) for SystemClock_Config
    main.o(.text.main) refers to gpio.o(.text.MX_GPIO_Init) for MX_GPIO_Init
    main.o(.text.main) refers to dma.o(.text.MX_DMA_Init) for MX_DMA_Init
    main.o(.text.main) refers to adc.o(.text.MX_ADC1_Init) for MX_ADC1_Init
    main.o(.text.main) refers to spi.o(.text.MX_SPI1_Init) for MX_SPI1_Init
    main.o(.text.main) refers to usart.o(.text.MX_USART1_UART_Init) for MX_USART1_UART_Init
    main.o(.text.main) refers to tim.o(.text.MX_TIM4_Init) for MX_TIM4_Init
    main.o(.text.main) refers to tim.o(.text.MX_TIM3_Init) for MX_TIM3_Init
    main.o(.text.main) refers to usb_device.o(.text.MX_USB_DEVICE_Init) for MX_USB_DEVICE_Init
    main.o(.text.main) refers to oled_driver.o(.text.OLED_Init) for OLED_Init
    main.o(.text.main) refers to main.o(.rodata.XY_LOGO_Font) for XY_LOGO_Font
    main.o(.text.main) refers to oled.o(.text.OLED_ShowImage) for OLED_ShowImage
    main.o(.text.main) refers to oled_driver.o(.text.OLED_Update) for OLED_Update
    main.o(.text.main) refers to led.o(.text.LED_Init) for LED_Init
    main.o(.text.main) refers to led.o(.text.LED_Init_Task) for LED_Init_Task
    main.o(.text.main) refers to beep.o(.text.Beep_Init) for Beep_Init
    main.o(.text.main) refers to key.o(.text.Key_Init) for Key_Init
    main.o(.text.main) refers to remote_adc.o(.text.Remote_ADC_Init) for Remote_ADC_Init
    main.o(.text.main) refers to menusetting.o(.text.MenuInit) for MenuInit
    main.o(.text.main) refers to stm32f1xx_hal.o(.text.HAL_Delay) for HAL_Delay
    main.o(.text.main) refers to remote_adc.o(.text.Start_Joystick_Calibration) for Start_Joystick_Calibration
    main.o(.text.main) refers to remote_adc.o(.text.Is_Joystick_Calibration_Complete) for Is_Joystick_Calibration_Complete
    main.o(.text.main) refers to tim.o(.bss..L_MergedGlobals) for main_1ms_flag
    main.o(.text.main) refers to usb_device.o(.bss.hUsbDeviceFS) for hUsbDeviceFS
    main.o(.text.main) refers to remote_adc.o(.bss.gamepad_report) for gamepad_report
    main.o(.text.main) refers to menuselector.o(.text.GetDisplayState) for GetDisplayState
    main.o(.text.main) refers to menuselector.o(.text.PrintSelector) for PrintSelector
    main.o(.text.main) refers to my_display.o(.text.Remote_ADC_DisplayFunc) for Remote_ADC_DisplayFunc
    main.o(.text.main) refers to usbd_customhid.o(.text.USBD_CUSTOM_HID_SendReport) for USBD_CUSTOM_HID_SendReport
    main.o(.text.main) refers to my_display.o(.text.Remote_ADC_Joystick_Dis) for Remote_ADC_Joystick_Dis
    main.o(.text.main) refers to oled.o(.text.OLED_Clear) for OLED_Clear
    main.o(.text.main) refers to remote_adc.o(.text.Auto_Joystick_Calibration) for Auto_Joystick_Calibration
    main.o(.ARM.exidx.text.main) refers to main.o(.text.main) for [Anonymous Symbol]
    main.o(.text.SystemClock_Config) refers to stm32f1xx_hal_rcc.o(.text.HAL_RCC_OscConfig) for HAL_RCC_OscConfig
    main.o(.text.SystemClock_Config) refers to led.o(.text.LED_Toggle) for LED_Toggle
    main.o(.text.SystemClock_Config) refers to stm32f1xx_hal.o(.text.HAL_Delay) for HAL_Delay
[...]
    _printf_a                                0x00000000   Number         0  printfstubs.o ABSOLUTE
    _printf_c                                0x00000000   Number         0  printfstubs.o ABSOLUTE
    _printf_charcount                        0x00000000   Number         0  printfstubs.o ABSOLUTE
    _printf_d                                0x00000000   Number         0  printfstubs.o ABSOLUTE
    _printf_e                                0x00000000   Number         0  printfstubs.o ABSOLUTE
    _printf_f                                0x00000000   Number         0  printfstubs.o ABSOLUTE
    _printf_flags                            0x00000000   Number         0  printfstubs.o ABSOLUTE
    _printf_fp_dec                           0x00000000   Number         0  printfstubs.o ABSOLUTE
    _printf_fp_hex                           0x00000000   Number         0  printfstubs.o ABSOLUTE
    _printf_g                                0x00000000   Number         0  printfstubs.o ABSOLUTE
    _printf_i                                0x00000000   Number         0  printfstubs.o ABSOLUTE
    _printf_int_dec                          0x00000000   Number         0  printfstubs.o ABSOLUTE
    _printf_l                                0x00000000   Number         0  printfstubs.o ABSOLUTE
    _printf_lc                               0x00000000   Number         0  printfstubs.o ABSOLUTE
    _printf_ll                               0x00000000   Number         0  printfstubs.o ABSOLUTE
    _printf_lld                              0x00000000   Number         0  printfstubs.o ABSOLUTE
    _printf_lli                              0x00000000   Number         0  printfstubs.o ABSOLUTE
    _printf_llo                              0x00000000   Number         0  printfstubs.o ABSOLUTE
    _printf_llu                              0x00000000   Number         0  printfstubs.o ABSOLUTE
    _printf_llx                              0x00000000   Number         0  printfstubs.o ABSOLUTE
    _printf_longlong_dec                     0x00000000   Number         0  printfstubs.o ABSOLUTE
    _printf_longlong_hex                     0x00000000   Number         0  printfstubs.o ABSOLUTE
    _printf_longlong_oct                     0x00000000   Number         0  printfstubs.o ABSOLUTE
    _printf_ls                               0x00000000   Number         0  printfstubs.o ABSOLUTE
    _printf_mbtowc                           0x00000000   Number         0  printfstubs.o ABSOLUTE
    _printf_n                                0x00000000   Number         0  printfstubs.o ABSOLUTE
    _printf_o                                0x00000000   Number         0  printfstubs.o ABSOLUTE
    _printf_p                                0x00000000   Number         0  printfstubs.o ABSOLUTE
    _printf_percent                          0x00000000   Number         0  printfstubs.o ABSOLUTE
    _printf_pre_padding                      0x00000000   Number         0  printfstubs.o ABSOLUTE
    _printf_return_value                     0x00000000   Number         0  printfstubs.o ABSOLUTE
    _printf_s                                0x00000000   Number         0  printfstubs.o ABSOLUTE
    _printf_sizespec                         0x00000000   Number         0  printfstubs.o ABSOLUTE
    _printf_str                              0x00000000   Number         0  printfstubs.o ABSOLUTE
    _printf_truncate_signed                  0x00000000   Number         0  printfstubs.o ABSOLUTE
    _printf_truncate_unsigned                0x00000000   Number         0  printfstubs.o ABSOLUTE
    _printf_u                                0x00000000   Number         0  printfstubs.o ABSOLUTE
    _printf_wc                               0x00000000   Number         0  printfstubs.o ABSOLUTE
    _printf_wctomb                           0x00000000   Number         0  printfstubs.o ABSOLUTE
    _printf_widthprec                        0x00000000   Number         0  printfstubs.o ABSOLUTE
    _printf_x                                0x00000000   Number         0  printfstubs.o ABSOLUTE
    __cpp_initialize__aeabi_                  - Undefined Weak Reference
    __cxa_finalize                            - Undefined Weak Reference
    _clock_init                               - Undefined Weak Reference
    _microlib_exit                            - Undefined Weak Reference
    __Vectors_Size                           0x000000ec   Number         0  startup_stm32f103xb.o ABSOLUTE
    __Vectors                                0x08000000   Data           4  startup_stm32f103xb.o(RESET)
    __Vectors_End                            0x080000ec   Data           0  startup_stm32f103xb.o(RESET)
    __main                                   0x080000ed   Thumb Code     0  entry.o(.ARM.Collect$$$$00000000)
    _main_stk                                0x080000ed   Thumb Code     0  entry2.o(.ARM.Collect$$$$00000001)
    _main_scatterload                        0x080000f1   Thumb Code     0  entry5.o(.ARM.Collect$$$$00000004)
    __main_after_scatterload                 0x080000f5   Thumb Code     0  entry5.o(.ARM.Collect$$$$00000004)
    _main_clock                              0x080000f5   Thumb Code     0  entry7b.o(.ARM.Collect$$$$00000008)
    _main_cpp_init                           0x080000f5   Thumb Code     0  entry8b.o(.ARM.Collect$$$$0000000A)
    _main_init                               0x080000f5   Thumb Code     0  entry9a.o(.ARM.Collect$$$$0000000B)
    __rt_final_cpp                           0x080000fd   Thumb Code     0  entry10a.o(.ARM.Collect$$$$0000000D)
    __rt_final_exit                          0x080000fd   Thumb Code     0  entry11a.o(.ARM.Collect$$$$0000000F)
    Reset_Handler                            0x08000101   Thumb Code     8  startup_stm32f103xb.o(.text)
    ADC1_2_IRQHandler                        0x0800011b   Thumb Code     0  startup_stm32f103xb.o(.text)
    CAN1_RX1_IRQHandler                      0x0800011b   Thumb Code     0  startup_stm32f103xb.o(.text)
    CAN1_SCE_IRQHandler                      0x0800011b   Thumb Code     0  startup_stm32f103xb.o(.text)
    DMA1_Channel2_IRQHandler                 0x0800011b   Thumb Code     0  startup_stm32f103xb.o(.text)
    DMA1_Channel3_IRQHandler                 0x0800011b   Thumb Code     0  startup_stm32f103xb.o(.text)
    DMA1_Channel4_IRQHandler                 0x0800011b   Thumb Code     0  startup_stm32f103xb.o(.text)
    DMA1_Channel5_IRQHandler                 0x0800011b   Thumb Code     0  startup_stm32f103xb.o(.text)
    DMA1_Channel6_IRQHandler                 0x0800011b   Thumb Code     0  startup_stm32f103xb.o(.text)
    DMA1_Channel7_IRQHandler                 0x0800011b   Thumb Code     0  startup_stm32f103xb.o(.text)
    EXTI0_IRQHandler                         0x0800011b   Thumb Code     0  startup_stm32f103xb.o(.text)
    EXTI15_10_IRQHandler                     0x0800011b   Thumb Code     0  startup_stm32f103xb.o(.text)
    EXTI1_IRQHandler                         0x0800011b   Thumb Code     0  startup_stm32f103xb.o(.text)
    EXTI2_IRQHandler                         0x0800011b   Thumb Code     0  startup_stm32f103xb.o(.text)
    EXTI3_IRQHandler                         0x0800011b   Thumb Code     0  startup_stm32f103xb.o(.text)
    EXTI4_IRQHandler                         0x0800011b   Thumb Code     0  startup_stm32f103xb.o(.text)
    EXTI9_5_IRQHandler                       0x0800011b   Thumb Code     0  startup_stm32f103xb.o(.text)
    FLASH_IRQHandler                         0x0800011b   Thumb Code     0  startup_stm32f103xb.o(.text)
    I2C1_ER_IRQHandler                       0x0800011b   Thumb Code     0  startup_stm32f103xb.o(.text)
    I2C1_EV_IRQHandler                       0x0800011b   Thumb Code     0  startup_stm32f103xb.o(.text)
    I2C2_ER_IRQHandler                       0x0800011b   Thumb Code     0  startup_stm32f103xb.o(.text)
    I2C2_EV_IRQHandler                       0x0800011b   Thumb Code     0  startup_stm32f103xb.o(.text)
    PVD_IRQHandler                           0x0800011b   Thumb Code     0  startup_stm32f103xb.o(.text)
    RCC_IRQHandler                           0x0800011b   Thumb Code     0  startup_stm32f103xb.o(.text)
    RTC_Alarm_IRQHandler                     0x0800011b   Thumb Code     0  startup_stm32f103xb.o(.text)
    RTC_IRQHandler                           0x0800011b   Thumb Code     0  startup_stm32f103xb.o(.text)
    SPI1_IRQHandler                          0x0800011b   Thumb Code     0  startup_stm32f103xb.o(.text)
    SPI2_IRQHandler                          0x0800011b   Thumb Code     0  startup_stm32f103xb.o(.text)
    TAMPER_IRQHandler                        0x0800011b   Thumb Code     0  startup_stm32f103xb.o(.text)
    TIM1_BRK_IRQHandler                      0x0800011b   Thumb Code     0  startup_stm32f103xb.o(.text)
    TIM1_CC_IRQHandler                       0x0800011b   Thumb Code     0  startup_stm32f103xb.o(.text)
    TIM1_TRG_COM_IRQHandler                  0x0800011b   Thumb Code     0  startup_stm32f103xb.o(.text)
    TIM1_UP_IRQHandler                       0x0800011b   Thumb Code     0  startup_stm32f103xb.o(.text)
    TIM2_IRQHandler                          0x0800011b   Thumb Code     0  startup_stm32f103xb.o(.text)
    TIM4_IRQHandler                          0x0800011b   Thumb Code     0  startup_stm32f103xb.o(.text)
    USART1_IRQHandler                        0x0800011b   Thumb Code     0  startup_stm32f103xb.o(.text)
    USART2_IRQHandler                        0x0800011b   Thumb Code     0  startup_stm32f103xb.o(.text)
    USART3_IRQHandler                        0x0800011b   Thumb Code     0  startup_stm32f103xb.o(.text)
    USBWakeUp_IRQHandler                     0x0800011b   Thumb Code     0  startup_stm32f103xb.o(.text)
    USB_HP_CAN1_TX_IRQHandler                0x0800011b   Thumb Code     0  startup_stm32f103xb.o(.text)
    WWDG_IRQHandler                          0x0800011b   Thumb Code     0  startup_stm32f103xb.o(.text)
    __aeabi_memset                           0x08000125   Thumb Code    14  memseta.o(.text)
    __aeabi_memset4                          0x08000125   Thumb Code     0  memseta.o(.text)
    __aeabi_memset8                          0x08000125   Thumb Code     0  memseta.o(.text)
    __aeabi_memclr                           0x08000133   Thumb Code     4  memseta.o(.text)
    __aeabi_memclr4                          0x08000133   Thumb Code     0  memseta.o(.text)
    __aeabi_memclr8                          0x08000133   Thumb Code     0  memseta.o(.text)
    _memset$wrapper                          0x08000137   Thumb Code    18  memseta.o(.text)
    __aeabi_fmul                             0x08000149   Thumb Code   100  fmul.o(.text)
    __aeabi_fdiv                             0x080001ad   Thumb Code   124  fdiv.o(.text)
    __aeabi_dadd                             0x08000229   Thumb Code   322  dadd.o(.text)
    __aeabi_dsub                             0x0800036b   Thumb Code     6  dadd.o(.text)
    __aeabi_drsub                            0x08000371   Thumb Code     6  dadd.o(.text)
    __aeabi_dmul                             0x08000377   Thumb Code   228  dmul.o(.text)
    __aeabi_ddiv                             0x0800045b   Thumb Code   222  ddiv.o(.text)
    __aeabi_i2f                              0x08000539   Thumb Code    18  fflti.o(.text)
    __aeabi_f2iz                             0x0800054b   Thumb Code    50  ffixi.o(.text)
    __aeabi_uidiv                            0x0800057d   Thumb Code     0  uidiv.o(.text)
    __aeabi_uidivmod                         0x0800057d   Thumb Code    44  uidiv.o(.text)
    __aeabi_uldivmod                         0x080005a9   Thumb Code    98  uldiv.o(.text)
    __aeabi_llsl                             0x0800060b   Thumb Code    30  llshl.o(.text)
    _ll_shift_l                              0x0800060b   Thumb Code     0  llshl.o(.text)
    __aeabi_llsr                             0x08000629   Thumb Code    32  llushr.o(.text)
    _ll_ushift_r                             0x08000629   Thumb Code     0  llushr.o(.text)
    __aeabi_lasr                             0x08000649   Thumb Code    36  llsshr.o(.text)
    _ll_sshift_r                             0x08000649   Thumb Code     0  llsshr.o(.text)
    __I$use$fp                               0x0800066d   Thumb Code     0  iusefp.o(.text)
    _float_round                             0x0800066d   Thumb Code    18  fepilogue.o(.text)
    _float_epilogue                          0x0800067f   Thumb Code    92  fepilogue.o(.text)
    _fsqrt                                   0x080006db   Thumb Code    94  fsqrt.o(.text)
    _double_round                            0x08000739   Thumb Code    30  depilogue.o(.text)
    _double_epilogue                         0x08000757   Thumb Code   156  depilogue.o(.text)
    __aeabi_d2ulz                            0x080007f3   Thumb Code    48  dfixul.o(.text)
    __aeabi_cdrcmple                         0x08000825   Thumb Code    48  cdrcmple.o(.text)
    __scatterload                            0x08000855   Thumb Code    38  init.o(.text)
    __scatterload_rt2                        0x08000855   Thumb Code     0  init.o(.text)
    __decompress                             0x08000885   Thumb Code     0  __dczerorl2.o(.text)
    __decompress1                            0x08000885   Thumb Code    86  __dczerorl2.o(.text)
    ADC_ConversionStop_Disable               0x080008dd   Thumb Code    84  stm32f1xx_hal_adc.o(.text.ADC_ConversionStop_Disable)
    ADC_DMAConvCplt                          0x08000931   Thumb Code    82  stm32f1xx_hal_adc.o(.text.ADC_DMAConvCplt)
    ADC_DMAError                             0x08000985   Thumb Code    22  stm32f1xx_hal_adc.o(.text.ADC_DMAError)
    ADC_DMAHalfConvCplt                      0x0800099d   Thumb Code     6  stm32f1xx_hal_adc.o(.text.ADC_DMAHalfConvCplt)
    ADC_Enable                               0x080009a5   Thumb Code   174  stm32f1xx_hal_adc.o(.text.ADC_Enable)
    Auto_Joystick_Calibration                0x08000a55   Thumb Code   374  remote_adc.o(.text.Auto_Joystick_Calibration)
    Beep_Init                                0x08000bcd   Thumb Code     2  beep.o(.text.Beep_Init)
    Beep_Toggle                              0x08000bd1   Thumb Code    22  beep.o(.text.Beep_Toggle)
    BusFault_Handler                         0x08000be9   Thumb Code     2  stm32f1xx_it.o(.text.BusFault_Handler)
    DMA1_Channel1_IRQHandler                 0x08000bf9   Thumb Code    12  stm32f1xx_it.o(.text.DMA1_Channel1_IRQHandler)
    DebugMon_Handler                         0x08000c05   Thumb Code     2  stm32f1xx_it.o(.text.DebugMon_Handler)
    EnterJoystickAnimation                   0x08000c09   Thumb Code    18  menuselector.o(.text.EnterJoystickAnimation)
    EnterRealTimeData                        0x08000c1d   Thumb Code    18  menuselector.o(.text.EnterRealTimeData)
    Error_Handler                            0x08000c31   Thumb Code    38  main.o(.text.Error_Handler)
    GetDisplayState                          0x08000c59   Thumb Code    12  menuselector.o(.text.GetDisplayState)
    Get_Calibration_State                    0x08000c65   Thumb Code    12  remote_adc.o(.text.Get_Calibration_State)
    HAL_ADCEx_Calibration_Start              0x08000c71   Thumb Code   282  stm32f1xx_hal_adc_ex.o(.text.HAL_ADCEx_Calibration_Start)
    HAL_ADC_ConfigChannel                    0x08000d8d   Thumb Code   374  stm32f1xx_hal_adc.o(.text.HAL_ADC_ConfigChannel)
    HAL_ADC_ConvCpltCallback                 0x08000f05   Thumb Code     2  stm32f1xx_hal_adc.o(.text.HAL_ADC_ConvCpltCallback)
    HAL_ADC_ConvHalfCpltCallback             0x08000f09   Thumb Code     2  stm32f1xx_hal_adc.o(.text.HAL_ADC_ConvHalfCpltCallback)
    HAL_ADC_ErrorCallback                    0x08000f0d   Thumb Code     2  stm32f1xx_hal_adc.o(.text.HAL_ADC_ErrorCallback)
    HAL_ADC_Init                             0x08000f11   Thumb Code   344  stm32f1xx_hal_adc.o(.text.HAL_ADC_Init)
    HAL_ADC_MspInit                          0x08001069   Thumb Code   212  adc.o(.text.HAL_ADC_MspInit)
    HAL_ADC_Start_DMA                        0x0800113d   Thumb Code   296  stm32f1xx_hal_adc.o(.text.HAL_ADC_Start_DMA)
    HAL_DMA_IRQHandler                       0x08001265   Thumb Code   416  stm32f1xx_hal_dma.o(.text.HAL_DMA_IRQHandler)
    HAL_DMA_Init                             0x08001405   Thumb Code   132  stm32f1xx_hal_dma.o(.text.HAL_DMA_Init)
    HAL_DMA_Start_IT                         0x08001489   Thumb Code   160  stm32f1xx_hal_dma.o(.text.HAL_DMA_Start_IT)
    HAL_Delay                                0x08001529   Thumb Code    40  stm32f1xx_hal.o(.text.HAL_Delay)
    HAL_GPIO_Init                            0x08001551   Thumb Code   526  stm32f1xx_hal_gpio.o(.text.HAL_GPIO_Init)
    HAL_GPIO_ReadPin                         0x08001761   Thumb Code    10  stm32f1xx_hal_gpio.o(.text.HAL_GPIO_ReadPin)
    HAL_GPIO_WritePin                        0x0800176d   Thumb Code    10  stm32f1xx_hal_gpio.o(.text.HAL_GPIO_WritePin)
    HAL_GetTick                              0x08001779   Thumb Code    12  stm32f1xx_hal.o(.text.HAL_GetTick)
    HAL_IncTick                              0x08001785   Thumb Code    26  stm32f1xx_hal.o(.text.HAL_IncTick)
    HAL_Init                                 0x080017a1   Thumb Code    38  stm32f1xx_hal.o(.text.HAL_Init)
    HAL_InitTick                             0x080017c9   Thumb Code    72  stm32f1xx_hal.o(.text.HAL_InitTick)
    HAL_MspInit                              0x08001811   Thumb Code    66  stm32f1xx_hal_msp.o(.text.HAL_MspInit)
    HAL_NVIC_EnableIRQ                       0x08001855   Thumb Code    34  stm32f1xx_hal_cortex.o(.text.HAL_NVIC_EnableIRQ)
    HAL_NVIC_SetPriority                     0x08001879   Thumb Code    86  stm32f1xx_hal_cortex.o(.text.HAL_NVIC_SetPriority)
    HAL_NVIC_SetPriorityGrouping             0x080018d1   Thumb Code    32  stm32f1xx_hal_cortex.o(.text.HAL_NVIC_SetPriorityGrouping)
    HAL_PCDEx_PMAConfig                      0x080018f1   Thumb Code    76  stm32f1xx_hal_pcd_ex.o(.text.HAL_PCDEx_PMAConfig)
    HAL_PCDEx_SetConnectionState             0x0800193d   Thumb Code     2  usbd_conf.o(.text.HAL_PCDEx_SetConnectionState)
    HAL_PCD_DataInStageCallback              0x08001941   Thumb Code    20  usbd_conf.o(.text.HAL_PCD_DataInStageCallback)
    HAL_PCD_DataOutStageCallback             0x08001955   Thumb Code    22  usbd_conf.o(.text.HAL_PCD_DataOutStageCallback)
    HAL_PCD_EP_Close                         0x0800196d   Thumb Code    78  stm32f1xx_hal_pcd.o(.text.HAL_PCD_EP_Close)
    HAL_PCD_EP_ClrStall                      0x080019bd   Thumb Code   100  stm32f1xx_hal_pcd.o(.text.HAL_PCD_EP_ClrStall)
    HAL_PCD_EP_Open                          0x08001a21   Thumb Code    90  stm32f1xx_hal_pcd.o(.text.HAL_PCD_EP_Open)
    HAL_PCD_EP_Receive                       0x08001a7d   Thumb Code    50  stm32f1xx_hal_pcd.o(.text.HAL_PCD_EP_Receive)
    HAL_PCD_EP_SetStall                      0x08001ab1   Thumb Code   108  stm32f1xx_hal_pcd.o(.text.HAL_PCD_EP_SetStall)
    HAL_PCD_EP_Transmit                      0x08001b1d   Thumb Code    54  stm32f1xx_hal_pcd.o(.text.HAL_PCD_EP_Transmit)
    HAL_PCD_IRQHandler                       0x08001b55   Thumb Code  2362  stm32f1xx_hal_pcd.o(.text.HAL_PCD_IRQHandler)
    HAL_PCD_Init                             0x08002491   Thumb Code   582  stm32f1xx_hal_pcd.o(.text.HAL_PCD_Init)
    HAL_PCD_MspInit                          0x080026d9   Thumb Code    68  usbd_conf.o(.text.HAL_PCD_MspInit)
    HAL_PCD_ResetCallback                    0x0800271d   Thumb Code    36  usbd_conf.o(.text.HAL_PCD_ResetCallback)
    HAL_PCD_ResumeCallback                   0x08002741   Thumb Code     8  usbd_conf.o(.text.HAL_PCD_ResumeCallback)
    HAL_PCD_SOFCallback                      0x08002749   Thumb Code     8  usbd_conf.o(.text.HAL_PCD_SOFCallback)
    HAL_PCD_SetAddress                       0x08002751   Thumb Code    40  stm32f1xx_hal_pcd.o(.text.HAL_PCD_SetAddress)
    HAL_PCD_SetupStageCallback               0x08002779   Thumb Code    14  usbd_conf.o(.text.HAL_PCD_SetupStageCallback)
    HAL_PCD_Start                            0x08002789   Thumb Code    52  stm32f1xx_hal_pcd.o(.text.HAL_PCD_Start)
    HAL_PCD_SuspendCallback                  0x080027bd   Thumb Code    38  usbd_conf.o(.text.HAL_PCD_SuspendCallback)
    HAL_RCCEx_GetPeriphCLKFreq               0x080027e5   Thumb Code   228  stm32f1xx_hal_rcc_ex.o(.text.HAL_RCCEx_GetPeriphCLKFreq)
    HAL_RCCEx_PeriphCLKConfig                0x080028dd   Thumb Code   258  stm32f1xx_hal_rcc_ex.o(.text.HAL_RCCEx_PeriphCLKConfig)
    HAL_RCC_ClockConfig                      0x080029e1   Thumb Code   442  stm32f1xx_hal_rcc.o(.text.HAL_RCC_ClockConfig)
    HAL_RCC_GetPCLK1Freq                     0x08002b9d   Thumb Code    38  stm32f1xx_hal_rcc.o(.text.HAL_RCC_GetPCLK1Freq)
    HAL_RCC_GetPCLK2Freq                     0x08002bc5   Thumb Code    38  stm32f1xx_hal_rcc.o(.text.HAL_RCC_GetPCLK2Freq)
    HAL_RCC_OscConfig                        0x08002bed   Thumb Code  1024  stm32f1xx_hal_rcc.o(.text.HAL_RCC_OscConfig)
    HAL_SPI_Init                             0x08002fed   Thumb Code   168  stm32f1xx_hal_spi.o(.text.HAL_SPI_Init)
    HAL_SPI_MspInit                          0x08003095   Thumb Code   122  spi.o(.text.HAL_SPI_MspInit)
    HAL_SYSTICK_Config                       0x08003111   Thumb Code    44  stm32f1xx_hal_cortex.o(.text.HAL_SYSTICK_Config)
    HAL_TIMEx_BreakCallback                  0x0800313d   Thumb Code     2  stm32f1xx_hal_tim_ex.o(.text.HAL_TIMEx_BreakCallback)
    HAL_TIMEx_CommutCallback                 0x08003141   Thumb Code     2  stm32f1xx_hal_tim_ex.o(.text.HAL_TIMEx_CommutCallback)
    HAL_TIMEx_MasterConfigSynchronization    0x08003145   Thumb Code   126  stm32f1xx_hal_tim_ex.o(.text.HAL_TIMEx_MasterConfigSynchronization)
    HAL_TIM_Base_Init                        0x080031c5   Thumb Code   250  stm32f1xx_hal_tim.o(.text.HAL_TIM_Base_Init)
    HAL_TIM_Base_MspInit                     0x080032c1   Thumb Code   110  tim.o(.text.HAL_TIM_Base_MspInit)
    HAL_TIM_Base_Start                       0x08003331   Thumb Code   102  stm32f1xx_hal_tim.o(.text.HAL_TIM_Base_Start)
    HAL_TIM_Base_Start_IT                    0x08003399   Thumb Code   110  stm32f1xx_hal_tim.o(.text.HAL_TIM_Base_Start_IT)
    HAL_TIM_ConfigClockSource                0x08003409   Thumb Code   416  stm32f1xx_hal_tim.o(.text.HAL_TIM_ConfigClockSource)
    HAL_TIM_IC_CaptureCallback               0x080035a9   Thumb Code     2  stm32f1xx_hal_tim.o(.text.HAL_TIM_IC_CaptureCallback)
    HAL_TIM_IRQHandler                       0x080035ad   Thumb Code   334  stm32f1xx_hal_tim.o(.text.HAL_TIM_IRQHandler)
    HAL_TIM_OC_DelayElapsedCallback          0x080036fd   Thumb Code     2  stm32f1xx_hal_tim.o(.text.HAL_TIM_OC_DelayElapsedCallback)
    HAL_TIM_PWM_ConfigChannel                0x08003701   Thumb Code   516  stm32f1xx_hal_tim.o(.text.HAL_TIM_PWM_ConfigChannel)
    HAL_TIM_PWM_Init                         0x08003905   Thumb Code   250  stm32f1xx_hal_tim.o(.text.HAL_TIM_PWM_Init)
    HAL_TIM_PWM_MspInit                      0x08003a01   Thumb Code     2  stm32f1xx_hal_tim.o(.text.HAL_TIM_PWM_MspInit)
    HAL_TIM_PWM_PulseFinishedCallback        0x08003a05   Thumb Code     2  stm32f1xx_hal_tim.o(.text.HAL_TIM_PWM_PulseFinishedCallback)
    HAL_TIM_PWM_Start                        0x08003a09   Thumb Code   218  stm32f1xx_hal_tim.o(.text.HAL_TIM_PWM_Start)
    HAL_TIM_PeriodElapsedCallback            0x08003ae5   Thumb Code   146  tim.o(.text.HAL_TIM_PeriodElapsedCallback)
    HAL_TIM_TriggerCallback                  0x08003b79   Thumb Code     2  stm32f1xx_hal_tim.o(.text.HAL_TIM_TriggerCallback)
    HAL_UART_Init                            0x08003b7d   Thumb Code   226  stm32f1xx_hal_uart.o(.text.HAL_UART_Init)
    HAL_UART_MspInit                         0x08003c61   Thumb Code   126  usart.o(.text.HAL_UART_MspInit)
    HardFault_Handler                        0x08003ce1   Thumb Code     2  stm32f1xx_it.o(.text.HardFault_Handler)
    Is_Joystick_Calibration_Complete         0x08003ce5   Thumb Code    20  remote_adc.o(.text.Is_Joystick_Calibration_Complete)
    Key_Handler                              0x08003cf9   Thumb Code   188  key.o(.text.Key_Handler)
    Key_Init                                 0x08003db5   Thumb Code     2  key.o(.text.Key_Init)
    Key_Scan                                 0x08003db9   Thumb Code   372  key.o(.text.Key_Scan)
    LED1_OFF                                 0x08003f2d   Thumb Code     8  menusetting.o(.text.LED1_OFF)
    LED1_ON                                  0x08003f35   Thumb Code     8  menusetting.o(.text.LED1_ON)
    LED_Init                                 0x08003f3d   Thumb Code     2  led.o(.text.LED_Init)
    LED_Init_Task                            0x08003f41   Thumb Code   102  led.o(.text.LED_Init_Task)
    LED_Toggle                               0x08003fa9   Thumb Code    38  led.o(.text.LED_Toggle)
    MX_ADC1_Init                             0x08003fd1   Thumb Code   214  adc.o(.text.MX_ADC1_Init)
    MX_DMA_Init                              0x080040a9   Thumb Code    52  dma.o(.text.MX_DMA_Init)
    MX_GPIO_Init                             0x080040dd   Thumb Code   294  gpio.o(.text.MX_GPIO_Init)
    MX_SPI1_Init                             0x08004205   Thumb Code    76  spi.o(.text.MX_SPI1_Init)
    MX_TIM3_Init                             0x08004251   Thumb Code   126  tim.o(.text.MX_TIM3_Init)
    MX_TIM4_Init                             0x080042d1   Thumb Code   242  tim.o(.text.MX_TIM4_Init)
    MX_USART1_UART_Init                      0x080043c5   Thumb Code    60  usart.o(.text.MX_USART1_UART_Init)
    MX_USB_DEVICE_Init                       0x08004401   Thumb Code   114  usb_device.o(.text.MX_USB_DEVICE_Init)
    MemManage_Handler                        0x08004475   Thumb Code     2  stm32f1xx_it.o(.text.MemManage_Handler)
    MenuInit                                 0x08004479   Thumb Code   340  menusetting.o(.text.MenuInit)
    NMI_Handler                              0x08004645   Thumb Code     2  stm32f1xx_it.o(.text.NMI_Handler)
    NodeAlloc                                0x08004649   Thumb Code    54  menucore.o(.text.NodeAlloc)
    NodeBranchAlloc                          0x08004681   Thumb Code    56  menucore.o(.text.NodeBranchAlloc)
    OLED_Clear                               0x080046b9   Thumb Code    20  oled.o(.text.OLED_Clear)
    OLED_DrawCircle                          0x080046cd   Thumb Code  2410  oled.o(.text.OLED_DrawCircle)
    OLED_DrawPoint                           0x08005039   Thumb Code    58  oled.o(.text.OLED_DrawPoint)
    OLED_I2C_SendByte                        0x08005075   Thumb Code   342  oled_driver.o(.text.OLED_I2C_SendByte)
    OLED_Init                                0x080051cd   Thumb Code   234  oled_driver.o(.text.OLED_Init)
    OLED_ShowChar                            0x080052b9   Thumb Code   168  oled.o(.text.OLED_ShowChar)
    OLED_ShowImage                           0x08005361   Thumb Code   684  oled.o(.text.OLED_ShowImage)
    OLED_ShowSignedNum                       0x0800560d   Thumb Code   438  oled.o(.text.OLED_ShowSignedNum)
    OLED_ShowString                          0x080057c5   Thumb Code    60  oled.o(.text.OLED_ShowString)
    OLED_Update                              0x08005801   Thumb Code   236  oled_driver.o(.text.OLED_Update)
    OLED_WriteDataArr                        0x080058ed   Thumb Code   132  oled_driver.o(.text.OLED_WriteDataArr)
    OLED_Write_CMD                           0x08005971   Thumb Code   118  oled_driver.o(.text.OLED_Write_CMD)
    PendSV_Handler                           0x080059e9   Thumb Code     2  stm32f1xx_it.o(.text.PendSV_Handler)
    PrintSelector                            0x080059ed   Thumb Code   200  menuselector.o(.text.PrintSelector)
    Read_joystick                            0x08005ac5   Thumb Code   378  remote_adc.o(.text.Read_joystick)
    Remote_ADC_DisplayFunc                   0x08005c41   Thumb Code   168  my_display.o(.text.Remote_ADC_DisplayFunc)
    Remote_ADC_Init                          0x08005d01   Thumb Code    22  remote_adc.o(.text.Remote_ADC_Init)
    Remote_ADC_Joystick_Dis                  0x08005d19   Thumb Code   504  my_display.o(.text.Remote_ADC_Joystick_Dis)
    SVC_Handler                              0x08005f71   Thumb Code     2  stm32f1xx_it.o(.text.SVC_Handler)
    SelectDOWN                               0x08005f75   Thumb Code    16  menuselector.o(.text.SelectDOWN)
    SelectINorRUN                            0x08005f85   Thumb Code   100  menuselector.o(.text.SelectINorRUN)
    SelectOut                                0x08005fe9   Thumb Code    38  menuselector.o(.text.SelectOut)
    SelectUP                                 0x08006011   Thumb Code    16  menuselector.o(.text.SelectUP)
    Start_Joystick_Calibration               0x08006021   Thumb Code    18  remote_adc.o(.text.Start_Joystick_Calibration)
    SysTick_Handler                          0x08006035   Thumb Code     4  stm32f1xx_it.o(.text.SysTick_Handler)
    SystemClock_Config                       0x08006039   Thumb Code   220  main.o(.text.SystemClock_Config)
    SystemInit                               0x08006115   Thumb Code     2  system_stm32f1xx.o(.text.SystemInit)
    TIM3_IRQHandler                          0x08006119   Thumb Code    12  stm32f1xx_it.o(.text.TIM3_IRQHandler)
    USBD_CUSTOM_HID_RegisterInterface        0x08006235   Thumb Code    14  usbd_customhid.o(.text.USBD_CUSTOM_HID_RegisterInterface)
    USBD_CUSTOM_HID_SendReport               0x08006245   Thumb Code    56  usbd_customhid.o(.text.USBD_CUSTOM_HID_SendReport)
    USBD_ClrClassConfig                      0x08006369   Thumb Code    14  usbd_core.o(.text.USBD_ClrClassConfig)
    USBD_CtlContinueRx                       0x08006379   Thumb Code    16  usbd_ioreq.o(.text.USBD_CtlContinueRx)
    USBD_CtlContinueSendData                 0x08006389   Thumb Code    16  usbd_ioreq.o(.text.USBD_CtlContinueSendData)
    USBD_CtlError                            0x08006399   Thumb Code    22  usbd_ctlreq.o(.text.USBD_CtlError)
    USBD_CtlPrepareRx                        0x080063b1   Thumb Code    26  usbd_ioreq.o(.text.USBD_CtlPrepareRx)
    USBD_CtlReceiveStatus                    0x080063cd   Thumb Code    22  usbd_ioreq.o(.text.USBD_CtlReceiveStatus)
    USBD_CtlSendData                         0x080063e5   Thumb Code    26  usbd_ioreq.o(.text.USBD_CtlSendData)
    USBD_CtlSendStatus                       0x08006401   Thumb Code    22  usbd_ioreq.o(.text.USBD_CtlSendStatus)
    USBD_FS_ConfigStrDescriptor              0x08006419   Thumb Code    24  usbd_desc.o(.text.USBD_FS_ConfigStrDescriptor)
    USBD_FS_DeviceDescriptor                 0x08006445   Thumb Code    14  usbd_desc.o(.text.USBD_FS_DeviceDescriptor)
    USBD_FS_InterfaceStrDescriptor           0x08006455   Thumb Code    24  usbd_desc.o(.text.USBD_FS_InterfaceStrDescriptor)
    USBD_FS_LangIDStrDescriptor              0x08006485   Thumb Code    14  usbd_desc.o(.text.USBD_FS_LangIDStrDescriptor)
    USBD_FS_ManufacturerStrDescriptor        0x08006495   Thumb Code    24  usbd_desc.o(.text.USBD_FS_ManufacturerStrDescriptor)
    USBD_FS_ProductStrDescriptor             0x080064c1   Thumb Code    24  usbd_desc.o(.text.USBD_FS_ProductStrDescriptor)
    USBD_FS_SerialStrDescriptor              0x080064f1   Thumb Code   136  usbd_desc.o(.text.USBD_FS_SerialStrDescriptor)
    USBD_GetString                           0x08006579   Thumb Code   114  usbd_ctlreq.o(.text.USBD_GetString)
    USBD_Init                                0x080065ed   Thumb Code    48  usbd_core.o(.text.USBD_Init)
    USBD_LL_ClearStallEP                     0x0800661d   Thumb Code    34  usbd_conf.o(.text.USBD_LL_ClearStallEP)
    USBD_LL_CloseEP                          0x08006641   Thumb Code    34  usbd_conf.o(.text.USBD_LL_CloseEP)
    USBD_LL_DataInStage                      0x08006665   Thumb Code   196  usbd_core.o(.text.USBD_LL_DataInStage)
    USBD_LL_DataOutStage                     0x08006729   Thumb Code   120  usbd_core.o(.text.USBD_LL_DataOutStage)
    USBD_LL_Init                             0x080067a1   Thumb Code   116  usbd_conf.o(.text.USBD_LL_Init)
    USBD_LL_IsStallEP                        0x08006815   Thumb Code    42  usbd_conf.o(.text.USBD_LL_IsStallEP)
    USBD_LL_OpenEP                           0x08006841   Thumb Code    40  usbd_conf.o(.text.USBD_LL_OpenEP)
    USBD_LL_PrepareReceive                   0x08006869   Thumb Code    34  usbd_conf.o(.text.USBD_LL_PrepareReceive)
    USBD_LL_Reset                            0x0800688d   Thumb Code    84  usbd_core.o(.text.USBD_LL_Reset)
    USBD_LL_Resume                           0x080068e1   Thumb Code    20  usbd_core.o(.text.USBD_LL_Resume)
    USBD_LL_SOF                              0x080068f5   Thumb Code    28  usbd_core.o(.text.USBD_LL_SOF)
    USBD_LL_SetSpeed                         0x08006911   Thumb Code     8  usbd_core.o(.text.USBD_LL_SetSpeed)
    USBD_LL_SetUSBAddress                    0x08006919   Thumb Code    34  usbd_conf.o(.text.USBD_LL_SetUSBAddress)
    USBD_LL_SetupStage                       0x0800693d   Thumb Code    86  usbd_core.o(.text.USBD_LL_SetupStage)
    USBD_LL_StallEP                          0x08006995   Thumb Code    34  usbd_conf.o(.text.USBD_LL_StallEP)
    USBD_LL_Start                            0x080069b9   Thumb Code    34  usbd_conf.o(.text.USBD_LL_Start)
    USBD_LL_Suspend                          0x080069dd   Thumb Code    20  usbd_core.o(.text.USBD_LL_Suspend)
    USBD_LL_Transmit                         0x080069f1   Thumb Code    34  usbd_conf.o(.text.USBD_LL_Transmit)
    USBD_ParseSetupRequest                   0x08006a15   Thumb Code    22  usbd_ctlreq.o(.text.USBD_ParseSetupRequest)
    USBD_RegisterClass                       0x08006a2d   Thumb Code    14  usbd_core.o(.text.USBD_RegisterClass)
    USBD_SetClassConfig                      0x08006a3d   Thumb Code    28  usbd_core.o(.text.USBD_SetClassConfig)
    USBD_Start                               0x08006a59   Thumb Code    10  usbd_core.o(.text.USBD_Start)
    USBD_StdDevReq                           0x08006a65   Thumb Code   674  usbd_ctlreq.o(.text.USBD_StdDevReq)
    USBD_StdEPReq                            0x08006d09   Thumb Code   286  usbd_ctlreq.o(.text.USBD_StdEPReq)
    USBD_StdItfReq                           0x08006e29   Thumb Code    92  usbd_ctlreq.o(.text.USBD_StdItfReq)
    USBD_static_free                         0x08006e85   Thumb Code     2  usbd_conf.o(.text.USBD_static_free)
    USBD_static_malloc                       0x08006e89   Thumb Code    10  usbd_conf.o(.text.USBD_static_malloc)
    USB_ActivateEndpoint                     0x08006e95   Thumb Code   634  stm32f1xx_ll_usb.o(.text.USB_ActivateEndpoint)
    USB_CoreInit                             0x08007111   Thumb Code     4  stm32f1xx_ll_usb.o(.text.USB_CoreInit)
    USB_DeactivateEndpoint                   0x08007115   Thumb Code   226  stm32f1xx_ll_usb.o(.text.USB_DeactivateEndpoint)
    USB_DevConnect                           0x080071f9   Thumb Code     4  stm32f1xx_ll_usb.o(.text.USB_DevConnect)
    USB_DevDisconnect                        0x080071fd   Thumb Code     4  stm32f1xx_ll_usb.o(.text.USB_DevDisconnect)
    USB_DevInit                              0x08007201   Thumb Code    26  stm32f1xx_ll_usb.o(.text.USB_DevInit)
    USB_DisableGlobalInt                     0x0800721d   Thumb Code    20  stm32f1xx_ll_usb.o(.text.USB_DisableGlobalInt)
    USB_EP0_OutStart                         0x08007231   Thumb Code     4  stm32f1xx_ll_usb.o(.text.USB_EP0_OutStart)
    USB_EPClearStall                         0x08007235   Thumb Code   124  stm32f1xx_ll_usb.o(.text.USB_EPClearStall)
    USB_EPSetStall                           0x080072b1   Thumb Code    50  stm32f1xx_ll_usb.o(.text.USB_EPSetStall)
    USB_EPStartXfer                          0x080072e5   Thumb Code  2102  stm32f1xx_ll_usb.o(.text.USB_EPStartXfer)
    USB_EnableGlobalInt                      0x08007b1d   Thumb Code    18  stm32f1xx_ll_usb.o(.text.USB_EnableGlobalInt)
    USB_LP_CAN1_RX0_IRQHandler               0x08007b31   Thumb Code    12  stm32f1xx_it.o(.text.USB_LP_CAN1_RX0_IRQHandler)
    USB_ReadInterrupts                       0x08007b3d   Thumb Code     6  stm32f1xx_ll_usb.o(.text.USB_ReadInterrupts)
    USB_ReadPMA                              0x08007b45   Thumb Code   180  stm32f1xx_ll_usb.o(.text.USB_ReadPMA)
    USB_SetCurrentMode                       0x08007bf9   Thumb Code     4  stm32f1xx_ll_usb.o(.text.USB_SetCurrentMode)
    USB_SetDevAddress                        0x08007bfd   Thumb Code    14  stm32f1xx_ll_usb.o(.text.USB_SetDevAddress)
    USB_WritePMA                             0x08007c0d   Thumb Code   154  stm32f1xx_ll_usb.o(.text.USB_WritePMA)
    UsageFault_Handler                       0x08007ca9   Thumb Code     2  stm32f1xx_it.o(.text.UsageFault_Handler)
    block_decrease                           0x08007cad   Thumb Code    40  block.o(.text.block_decrease)
    block_increase                           0x08007cd5   Thumb Code    68  block.o(.text.block_increase)
    block_init                               0x08007d19   Thumb Code    30  block.o(.text.block_init)
    main                                     0x08007d39   Thumb Code   268  main.o(.text.main)
    myOLEDPrintStringLine                    0x08007e45   Thumb Code    14  menusetting.o(.text.myOLEDPrintStringLine)
    myOLED_Clear                             0x08007e55   Thumb Code     4  menusetting.o(.text.myOLED_Clear)
    set_branch                               0x08007e59   Thumb Code   112  menucore.o(.text.set_branch)
    set_node                                 0x08007ec9   Thumb Code    40  menucore.o(.text.set_node)
    __0snprintf                              0x08007ef1   Thumb Code    48  printfa.o(i.__0snprintf)
    __1snprintf                              0x08007ef1   Thumb Code     0  printfa.o(i.__0snprintf)
    __2snprintf                              0x08007ef1   Thumb Code     0  printfa.o(i.__0snprintf)
    __c89snprintf                            0x08007ef1   Thumb Code     0  printfa.o(i.__0snprintf)
    snprintf                                 0x08007ef1   Thumb Code     0  printfa.o(i.__0snprintf)
    __scatterload_copy                       0x08007f25   Thumb Code    14  handlers.o(i.__scatterload_copy)
    __scatterload_null                       0x08007f33   Thumb Code     2  handlers.o(i.__scatterload_null)
    __scatterload_zeroinit                   0x08007f35   Thumb Code    14  handlers.o(i.__scatterload_zeroinit)
    __set_errno                              0x08007f45   Thumb Code     6  errno.o(i.__set_errno)
    sqrtf                                    0x08008819   Thumb Code    44  sqrtf.o(i.sqrtf)
    AHBPrescTable                            0x0800884a   Data          16  system_stm32f1xx.o(.rodata.AHBPrescTable)
    APBPrescTable                            0x0800885a   Data           8  system_stm32f1xx.o(.rodata.APBPrescTable)
    OLED_F10x20                              0x08008864   Data        2850  oled_fonts.o(.rodata.OLED_F10x20)
    OLED_F6x8                                0x08009386   Data         570  oled_fonts.o(.rodata.OLED_F6x8)
    OLED_F7x12                               0x080095c0   Data        1330  oled_fonts.o(.rodata.OLED_F7x12)
    OLED_F8x16                               0x08009af2   Data        1520  oled_fonts.o(.rodata.OLED_F8x16)
    XY_LOGO_Font                             0x0800a0e2   Data         904  main.o(.rodata.XY_LOGO_Font)
    Region$$Table$$Base                      0x0800a480   Number         0  anon$$obj.o(Region$$Table)
    Region$$Table$$Limit                     0x0800a4a0   Number         0  anon$$obj.o(Region$$Table)
    uwTickFreq                               0x20000004   Data           1  stm32f1xx_hal.o(.data..L_MergedGlobals)
    uwTickPrio                               0x20000008   Data           4  stm32f1xx_hal.o(.data..L_MergedGlobals)
    left_joystick_cal                        0x2000000c   Data          12  remote_adc.o(.data..L_MergedGlobals)
    right_joystick_cal                       0x20000018   Data          12  remote_adc.o(.data..L_MergedGlobals)
    FS_Desc                                  0x20000060   Data          28  usbd_desc.o(.data.FS_Desc)
    Key_MOVE_TIME                            0x2000007c   Data           2  key.o(.data.Key_MOVE_TIME)
    Read_key                                 0x2000007e   Data           1  main.o(.data.Read_key)
    SystemCoreClock                          0x20000080   Data           4  system_stm32f1xx.o(.data.SystemCoreClock)
    USBD_CUSTOM_HID                          0x20000084   Data          56  usbd_customhid.o(.data.USBD_CUSTOM_HID)
    USBD_CustomHID_fops_FS                   0x20000158   Data          16  usbd_custom_hid_if.o(.data.USBD_CustomHID_fops_FS)
    USBD_FS_DeviceDesc                       0x20000168   Data          18  usbd_desc.o(.data.USBD_FS_DeviceDesc)
    USBD_LangIDDesc                          0x2000017c   Data           4  usbd_desc.o(.data.USBD_LangIDDesc)
    USBD_StringSerial                        0x20000180   Data          26  usbd_desc.o(.data.USBD_StringSerial)
    ADC_Buf                                  0x200001a0   Data          10  adc.o(.bss..L_MergedGlobals)
    hadc1                                    0x200001ac   Data          48  adc.o(.bss..L_MergedGlobals)
    main_1ms_flag                            0x200001dc   Data           1  tim.o(.bss..L_MergedGlobals)
    System_1MS                               0x200001de   Data           2  tim.o(.bss..L_MergedGlobals)
    htim3                                    0x200001e0   Data          72  tim.o(.bss..L_MergedGlobals)
    Selector                                 0x20000234   Data           4  menuselector.o(.bss..L_MergedGlobals)
    cal_state                                0x20000238   Data           1  remote_adc.o(.bss..L_MergedGlobals.8)
    NodeArr                                  0x20000240   Data        3600  menucore.o(.bss.NodeArr)
    NodeBranchArr                            0x20001054   Data        2000  menucore.o(.bss.NodeBranchArr)
    OLED_DisplayBuf                          0x20001826   Data        1024  oled_driver.o(.bss.OLED_DisplayBuf)
    USBD_StrDesc                             0x20001c28   Data         256  usbd_desc.o(.bss.USBD_StrDesc)
    gamepad_report                           0x20001d44   Data           5  remote_adc.o(.bss.gamepad_report)
    hUsbDeviceFS                             0x20001d4c   Data         708  usb_device.o(.bss.hUsbDeviceFS)
    hdma_adc1                                0x20002010   Data          68  adc.o(.bss.hdma_adc1)
    hpcd_USB_FS                              0x20002054   Data         728  usbd_conf.o(.bss.hpcd_USB_FS)
    hspi1                                    0x2000232c   Data          88  spi.o(.bss.hspi1)
    htim4                                    0x20002384   Data          72  tim.o(.bss.htim4)
    huart1                                   0x200023cc   Data          72  usart.o(.bss.huart1)
    rootNode                                 0x20002414   Data           4  menusetting.o(.bss.rootNode)
    uwTick                                   0x20002418   Data           4  stm32f1xx_hal.o(.bss.uwTick)
    __initial_sp                             0x20002820   Data           0  startup_stm32f103xb.o(STACK)



==============================================================================

Memory Map of the image

  Image Entry point : 0x080000ed

  Load Region LR_IROM1 (Base: 0x08000000, Size: 0x0000a640, Max: 0x00010000, ABSOLUTE, COMPRESSED[0x0000a578])

    Execution Region ER_IROM1 (Exec base: 0x08000000, Load base: 0x08000000, Size: 0x0000a4a0, Max: 0x00010000, ABSOLUTE)

    Exec Addr    Load Addr    Size         Type   Attr      Idx    E Section Name        Object

    0x08000000   0x08000000   0x000000ec   Data   RO            3    RESET               startup_stm32f103xb.o
    0x080000ec   0x080000ec   0x00000000   Code   RO         2039  * .ARM.Collect$$$$00000000  mc_w.l(entry.o)
    0x080000ec   0x080000ec   0x00000004   Code   RO         2384    .ARM.Collect$$$$00000001  mc_w.l(entry2.o)
    0x080000f0   0x080000f0   0x00000004   Code   RO         2387    .ARM.Collect$$$$00000004  mc_w.l(entry5.o)
    0x080000f4   0x080000f4   0x00000000   Code   RO         2389    .ARM.Collect$$$$00000008  mc_w.l(entry7b.o)
    0x080000f4   0x080000f4   0x00000000   Code   RO         2391    .ARM.Collect$$$$0000000A  mc_w.l(entry8b.o)
    0x080000f4   0x080000f4   0x00000008   Code   RO         2392    .ARM.Collect$$$$0000000B  mc_w.l(entry9a.o)
    0x080000fc   0x080000fc   0x00000000   Code   RO         2394    .ARM.Collect$$$$0000000D  mc_w.l(entry10a.o)
    0x080000fc   0x080000fc   0x00000000   Code   RO         2396    .ARM.Collect$$$$0000000F  mc_w.l(entry11a.o)
    0x080000fc   0x080000fc   0x00000004   Code   RO         2385    .ARM.Collect$$$$00002712  mc_w.l(entry2.o)
    0x08000100   0x08000100   0x00000024   Code   RO            4    .text               startup_stm32f103xb.o
    0x08000124   0x08000124   0x00000024   Code   RO         2042    .text               mc_w.l(memseta.o)
    0x08000148   0x08000148   0x00000064   Code   RO         2309    .text               mf_w.l(fmul.o)
    0x080001ac   0x080001ac   0x0000007c   Code   RO         2311    .text               mf_w.l(fdiv.o)
    0x08000228   0x08000228   0x0000014e   Code   RO         2313    .text               mf_w.l(dadd.o)
    0x08000376   0x08000376   0x000000e4   Code   RO         2315    .text               mf_w.l(dmul.o)
    0x0800045a   0x0800045a   0x000000de   Code   RO         2317    .text               mf_w.l(ddiv.o)
    0x08000538   0x08000538   0x00000012   Code   RO         2331    .text               mf_w.l(fflti.o)
    0x0800054a   0x0800054a   0x00000032   Code   RO         2337    .text               mf_w.l(ffixi.o)
    0x0800057c   0x0800057c   0x0000002c   Code   RO         2408    .text               mc_w.l(uidiv.o)
    0x080005a8   0x080005a8   0x00000062   Code   RO         2410    .text               mc_w.l(uldiv.o)
    0x0800060a   0x0800060a   0x0000001e   Code   RO         2412    .text               mc_w.l(llshl.o)
    0x08000628   0x08000628   0x00000020   Code   RO         2414    .text               mc_w.l(llushr.o)
    0x08000648   0x08000648   0x00000024   Code   RO         2416    .text               mc_w.l(llsshr.o)
    0x0800066c   0x0800066c   0x00000000   Code   RO         2425    .text               mc_w.l(iusefp.o)
    0x0800066c   0x0800066c   0x0000006e   Code   RO         2426    .text               mf_w.l(fepilogue.o)
    0x080006da   0x080006da   0x0000005e   Code   RO         2428    .text               mf_w.l(fsqrt.o)
    0x08000738   0x08000738   0x000000ba   Code   RO         2432    .text               mf_w.l(depilogue.o)
    0x080007f2   0x080007f2   0x00000030   Code   RO         2436    .text               mf_w.l(dfixul.o)
    0x08000822   0x08000822   0x00000002   PAD
    0x08000824   0x08000824   0x00000030   Code   RO         2440    .text               mf_w.l(cdrcmple.o)
    0x08000854   0x08000854   0x00000030   Code   RO         2446    .text               mc_w.l(init.o)
    0x08000884   0x08000884   0x00000056   Code   RO         2462    .text               mc_w.l(__dczerorl2.o)
    0x080008da   0x080008da   0x00000002   PAD
    0x080008dc   0x080008dc   0x00000054   Code   RO          667    .text.ADC_ConversionStop_Disable  stm32f1xx_hal_adc.o
    0x08000930   0x08000930   0x00000052   Code   RO          689    .text.ADC_DMAConvCplt  stm32f1xx_hal_adc.o
    0x08000982   0x08000982   0x00000002   PAD
    0x08000984   0x08000984   0x00000016   Code   RO          693    .text.ADC_DMAError  stm32f1xx_hal_adc.o
    0x0800099a   0x0800099a   0x00000002   PAD
    0x0800099c   0x0800099c   0x00000006   Code   RO          691    .text.ADC_DMAHalfConvCplt  stm32f1xx_hal_adc.o
    0x080009a2   0x080009a2   0x00000002   PAD
    0x080009a4   0x080009a4   0x000000ae   Code   RO          675    .text.ADC_Enable    stm32f1xx_hal_adc.o
    0x08000a52   0x08000a52   0x00000002   PAD
    0x08000a54   0x08000a54   0x00000176   Code   RO         1389    .text.Auto_Joystick_Calibration  remote_adc.o
    0x08000bca   0x08000bca   0x00000002   PAD
    0x08000bcc   0x08000bcc   0x00000002   Code   RO         1329    .text.Beep_Init     beep.o
    0x08000bce   0x08000bce   0x00000002   PAD
    0x08000bd0   0x08000bd0   0x00000016   Code   RO         1331    .text.Beep_Toggle   beep.o
    0x08000be6   0x08000be6   0x00000002   PAD
    0x08000be8   0x08000be8   0x00000002   Code   RO          126    .text.BusFault_Handler  stm32f1xx_it.o
    0x08000bea   0x08000bea   0x00000002   PAD
    0x08000bec   0x08000bec   0x00000004   Code   RO         1808    .text.CUSTOM_HID_DeInit_FS  usbd_custom_hid_if.o
    0x08000bf0   0x08000bf0   0x00000004   Code   RO         1806    .text.CUSTOM_HID_Init_FS  usbd_custom_hid_if.o
    0x08000bf4   0x08000bf4   0x00000004   Code   RO         1810    .text.CUSTOM_HID_OutEvent_FS  usbd_custom_hid_if.o
    0x08000bf8   0x08000bf8   0x0000000c   Code   RO          138    .text.DMA1_Channel1_IRQHandler  stm32f1xx_it.o
    0x08000c04   0x08000c04   0x00000002   Code   RO          132    .text.DebugMon_Handler  stm32f1xx_it.o
    0x08000c06   0x08000c06   0x00000002   PAD
    0x08000c08   0x08000c08   0x00000012   Code   RO         1721    .text.EnterJoystickAnimation  menuselector.o
    0x08000c1a   0x08000c1a   0x00000002   PAD
    0x08000c1c   0x08000c1c   0x00000012   Code   RO         1719    .text.EnterRealTimeData  menuselector.o
    0x08000c2e   0x08000c2e   0x00000002   PAD
    0x08000c30   0x08000c30   0x00000026   Code   RO           17    .text.Error_Handler  main.o
    0x08000c56   0x08000c56   0x00000002   PAD
    0x08000c58   0x08000c58   0x0000000c   Code   RO         1723    .text.GetDisplayState  menuselector.o
    0x08000c64   0x08000c64   0x0000000c   Code   RO         1393    .text.Get_Calibration_State  remote_adc.o
    0x08000c70   0x08000c70   0x0000011a   Code   RO          725    .text.HAL_ADCEx_Calibration_Start  stm32f1xx_hal_adc_ex.o
    0x08000d8a   0x08000d8a   0x00000002   PAD
    0x08000d8c   0x08000d8c   0x00000176   Code   RO          709    .text.HAL_ADC_ConfigChannel  stm32f1xx_hal_adc.o
    0x08000f02   0x08000f02   0x00000002   PAD
    0x08000f04   0x08000f04   0x00000002   Code   RO          701    .text.HAL_ADC_ConvCpltCallback  stm32f1xx_hal_adc.o
    0x08000f06   0x08000f06   0x00000002   PAD
    0x08000f08   0x08000f08   0x00000002   Code   RO          705    .text.HAL_ADC_ConvHalfCpltCallback  stm32f1xx_hal_adc.o
    0x08000f0a   0x08000f0a   0x00000002   PAD
    0x08000f0c   0x08000f0c   0x00000002   Code   RO          707    .text.HAL_ADC_ErrorCallback  stm32f1xx_hal_adc.o
    0x08000f0e   0x08000f0e   0x00000002   PAD
    0x08000f10   0x08000f10   0x00000158   Code   RO          663    .text.HAL_ADC_Init  stm32f1xx_hal_adc.o
    0x08001068   0x08001068   0x000000d4   Code   RO           43    .text.HAL_ADC_MspInit  adc.o
    0x0800113c   0x0800113c   0x00000128   Code   RO          687    .text.HAL_ADC_Start_DMA  stm32f1xx_hal_adc.o
    0x08001264   0x08001264   0x000001a0   Code   RO          480    .text.HAL_DMA_IRQHandler  stm32f1xx_hal_dma.o
    0x08001404   0x08001404   0x00000084   Code   RO          466    .text.HAL_DMA_Init  stm32f1xx_hal_dma.o
    0x08001488   0x08001488   0x000000a0   Code   RO          472    .text.HAL_DMA_Start_IT  stm32f1xx_hal_dma.o
    0x08001528   0x08001528   0x00000028   Code   RO          350    .text.HAL_Delay     stm32f1xx_hal.o
    0x08001550   0x08001550   0x0000020e   Code   RO          442    .text.HAL_GPIO_Init  stm32f1xx_hal_gpio.o
    0x0800175e   0x0800175e   0x00000002   PAD
    0x08001760   0x08001760   0x0000000a   Code   RO          446    .text.HAL_GPIO_ReadPin  stm32f1xx_hal_gpio.o
    0x0800176a   0x0800176a   0x00000002   PAD
    0x0800176c   0x0800176c   0x0000000a   Code   RO          448    .text.HAL_GPIO_WritePin  stm32f1xx_hal_gpio.o
    0x08001776   0x08001776   0x00000002   PAD
    0x08001778   0x08001778   0x0000000c   Code   RO          342    .text.HAL_GetTick   stm32f1xx_hal.o
    0x08001784   0x08001784   0x0000001a   Code   RO          340    .text.HAL_IncTick   stm32f1xx_hal.o
    0x0800179e   0x0800179e   0x00000002   PAD
    0x080017a0   0x080017a0   0x00000026   Code   RO          330    .text.HAL_Init      stm32f1xx_hal.o
    0x080017c6   0x080017c6   0x00000002   PAD
    0x080017c8   0x080017c8   0x00000048   Code   RO          332    .text.HAL_InitTick  stm32f1xx_hal.o
    0x08001810   0x08001810   0x00000042   Code   RO          151    .text.HAL_MspInit   stm32f1xx_hal_msp.o
    0x08001852   0x08001852   0x00000002   PAD
    0x08001854   0x08001854   0x00000022   Code   RO          502    .text.HAL_NVIC_EnableIRQ  stm32f1xx_hal_cortex.o
    0x08001876   0x08001876   0x00000002   PAD
    0x08001878   0x08001878   0x00000056   Code   RO          500    .text.HAL_NVIC_SetPriority  stm32f1xx_hal_cortex.o
    0x080018ce   0x080018ce   0x00000002   PAD
    0x080018d0   0x080018d0   0x00000020   Code   RO          498    .text.HAL_NVIC_SetPriorityGrouping  stm32f1xx_hal_cortex.o
    0x080018f0   0x080018f0   0x0000004c   Code   RO          250    .text.HAL_PCDEx_PMAConfig  stm32f1xx_hal_pcd_ex.o
    0x0800193c   0x0800193c   0x00000002   Code   RO         1881    .text.HAL_PCDEx_SetConnectionState  usbd_conf.o
    0x0800193e   0x0800193e   0x00000002   PAD
    0x08001940   0x08001940   0x00000014   Code   RO         1829    .text.HAL_PCD_DataInStageCallback  usbd_conf.o
    0x08001954   0x08001954   0x00000016   Code   RO         1827    .text.HAL_PCD_DataOutStageCallback  usbd_conf.o
    0x0800196a   0x0800196a   0x00000002   PAD
    0x0800196c   0x0800196c   0x0000004e   Code   RO          220    .text.HAL_PCD_EP_Close  stm32f1xx_hal_pcd.o
    0x080019ba   0x080019ba   0x00000002   PAD
    0x080019bc   0x080019bc   0x00000064   Code   RO          230    .text.HAL_PCD_EP_ClrStall  stm32f1xx_hal_pcd.o
    0x08001a20   0x08001a20   0x0000005a   Code   RO          218    .text.HAL_PCD_EP_Open  stm32f1xx_hal_pcd.o
    0x08001a7a   0x08001a7a   0x00000002   PAD
    0x08001a7c   0x08001a7c   0x00000032   Code   RO          222    .text.HAL_PCD_EP_Receive  stm32f1xx_hal_pcd.o
    0x08001aae   0x08001aae   0x00000002   PAD
    0x08001ab0   0x08001ab0   0x0000006c   Code   RO          228    .text.HAL_PCD_EP_SetStall  stm32f1xx_hal_pcd.o
    0x08001b1c   0x08001b1c   0x00000036   Code   RO          226    .text.HAL_PCD_EP_Transmit  stm32f1xx_hal_pcd.o
    0x08001b52   0x08001b52   0x00000002   PAD
    0x08001b54   0x08001b54   0x0000093a   Code   RO          186    .text.HAL_PCD_IRQHandler  stm32f1xx_hal_pcd.o
    0x0800248e   0x0800248e   0x00000002   PAD
    0x08002490   0x08002490   0x00000246   Code   RO          174    .text.HAL_PCD_Init  stm32f1xx_hal_pcd.o
    0x080026d6   0x080026d6   0x00000002   PAD
    0x080026d8   0x080026d8   0x00000044   Code   RO         1821    .text.HAL_PCD_MspInit  usbd_conf.o
    0x0800271c   0x0800271c   0x00000024   Code   RO         1833    .text.HAL_PCD_ResetCallback  usbd_conf.o
    0x08002740   0x08002740   0x00000008   Code   RO         1837    .text.HAL_PCD_ResumeCallback  usbd_conf.o
    0x08002748   0x08002748   0x00000008   Code   RO         1831    .text.HAL_PCD_SOFCallback  usbd_conf.o
    0x08002750   0x08002750   0x00000028   Code   RO          190    .text.HAL_PCD_SetAddress  stm32f1xx_hal_pcd.o
    0x08002778   0x08002778   0x0000000e   Code   RO         1825    .text.HAL_PCD_SetupStageCallback  usbd_conf.o
    0x08002786   0x08002786   0x00000002   PAD
    0x08002788   0x08002788   0x00000034   Code   RO          182    .text.HAL_PCD_Start  stm32f1xx_hal_pcd.o
    0x080027bc   0x080027bc   0x00000026   Code   RO         1835    .text.HAL_PCD_SuspendCallback  usbd_conf.o
    0x080027e2   0x080027e2   0x00000002   PAD
    0x080027e4   0x080027e4   0x000000f8   Code   RO          432    .text.HAL_RCCEx_GetPeriphCLKFreq  stm32f1xx_hal_rcc_ex.o
    0x080028dc   0x080028dc   0x00000102   Code   RO          428    .text.HAL_RCCEx_PeriphCLKConfig  stm32f1xx_hal_rcc_ex.o
    0x080029de   0x080029de   0x00000002   PAD
    0x080029e0   0x080029e0   0x000001ba   Code   RO          394    .text.HAL_RCC_ClockConfig  stm32f1xx_hal_rcc.o
    0x08002b9a   0x08002b9a   0x00000002   PAD
    0x08002b9c   0x08002b9c   0x00000026   Code   RO          406    .text.HAL_RCC_GetPCLK1Freq  stm32f1xx_hal_rcc.o
    0x08002bc2   0x08002bc2   0x00000002   PAD
    0x08002bc4   0x08002bc4   0x00000026   Code   RO          408    .text.HAL_RCC_GetPCLK2Freq  stm32f1xx_hal_rcc.o
    0x08002bea   0x08002bea   0x00000002   PAD
    0x08002bec   0x08002bec   0x00000400   Code   RO          392    .text.HAL_RCC_OscConfig  stm32f1xx_hal_rcc.o
    0x08002fec   0x08002fec   0x000000a8   Code   RO          759    .text.HAL_SPI_Init  stm32f1xx_hal_spi.o
    0x08003094   0x08003094   0x0000007a   Code   RO           68    .text.HAL_SPI_MspInit  spi.o
    0x0800310e   0x0800310e   0x00000002   PAD
    0x08003110   0x08003110   0x0000002c   Code   RO          510    .text.HAL_SYSTICK_Config  stm32f1xx_hal_cortex.o
    0x0800313c   0x0800313c   0x00000002   Code   RO         1178    .text.HAL_TIMEx_BreakCallback  stm32f1xx_hal_tim_ex.o
    0x0800313e   0x0800313e   0x00000002   PAD
    0x08003140   0x08003140   0x00000002   Code   RO         1174    .text.HAL_TIMEx_CommutCallback  stm32f1xx_hal_tim_ex.o
    0x08003142   0x08003142   0x00000002   PAD
    0x08003144   0x08003144   0x0000007e   Code   RO         1168    .text.HAL_TIMEx_MasterConfigSynchronization  stm32f1xx_hal_tim_ex.o
    0x080031c2   0x080031c2   0x00000002   PAD
    0x080031c4   0x080031c4   0x000000fa   Code   RO          873    .text.HAL_TIM_Base_Init  stm32f1xx_hal_tim.o
    0x080032be   0x080032be   0x00000002   PAD
    0x080032c0   0x080032c0   0x0000006e   Code   RO           85    .text.HAL_TIM_Base_MspInit  tim.o
    0x0800332e   0x0800332e   0x00000002   PAD
    0x08003330   0x08003330   0x00000066   Code   RO          883    .text.HAL_TIM_Base_Start  stm32f1xx_hal_tim.o
    0x08003396   0x08003396   0x00000002   PAD
    0x08003398   0x08003398   0x0000006e   Code   RO          887    .text.HAL_TIM_Base_Start_IT  stm32f1xx_hal_tim.o
    0x08003406   0x08003406   0x00000002   PAD
    0x08003408   0x08003408   0x000001a0   Code   RO         1053    .text.HAL_TIM_ConfigClockSource  stm32f1xx_hal_tim.o
    0x080035a8   0x080035a8   0x00000002   Code   RO         1009    .text.HAL_TIM_IC_CaptureCallback  stm32f1xx_hal_tim.o
    0x080035aa   0x080035aa   0x00000002   PAD
    0x080035ac   0x080035ac   0x0000014e   Code   RO         1007    .text.HAL_TIM_IRQHandler  stm32f1xx_hal_tim.o
    0x080036fa   0x080036fa   0x00000002   PAD
    0x080036fc   0x080036fc   0x00000002   Code   RO         1011    .text.HAL_TIM_OC_DelayElapsedCallback  stm32f1xx_hal_tim.o
    0x080036fe   0x080036fe   0x00000002   PAD
    0x08003700   0x08003700   0x00000204   Code   RO         1027    .text.HAL_TIM_PWM_ConfigChannel  stm32f1xx_hal_tim.o
    0x08003904   0x08003904   0x000000fa   Code   RO          927    .text.HAL_TIM_PWM_Init  stm32f1xx_hal_tim.o
    0x080039fe   0x080039fe   0x00000002   PAD
    0x08003a00   0x08003a00   0x00000002   Code   RO          929    .text.HAL_TIM_PWM_MspInit  stm32f1xx_hal_tim.o
    0x08003a02   0x08003a02   0x00000002   PAD
    0x08003a04   0x08003a04   0x00000002   Code   RO         1013    .text.HAL_TIM_PWM_PulseFinishedCallback  stm32f1xx_hal_tim.o
    0x08003a06   0x08003a06   0x00000002   PAD
    0x08003a08   0x08003a08   0x000000da   Code   RO          935    .text.HAL_TIM_PWM_Start  stm32f1xx_hal_tim.o
    0x08003ae2   0x08003ae2   0x00000002   PAD
    0x08003ae4   0x08003ae4   0x00000092   Code   RO           89    .text.HAL_TIM_PeriodElapsedCallback  tim.o
    0x08003b76   0x08003b76   0x00000002   PAD
    0x08003b78   0x08003b78   0x00000002   Code   RO         1017    .text.HAL_TIM_TriggerCallback  stm32f1xx_hal_tim.o
    0x08003b7a   0x08003b7a   0x00000002   PAD
    0x08003b7c   0x08003b7c   0x000000e2   Code   RO         1192    .text.HAL_UART_Init  stm32f1xx_hal_uart.o
    0x08003c5e   0x08003c5e   0x00000002   PAD
    0x08003c60   0x08003c60   0x0000007e   Code   RO          107    .text.HAL_UART_MspInit  usart.o
    0x08003cde   0x08003cde   0x00000002   PAD
    0x08003ce0   0x08003ce0   0x00000002   Code   RO          122    .text.HardFault_Handler  stm32f1xx_it.o
    0x08003ce2   0x08003ce2   0x00000002   PAD
    0x08003ce4   0x08003ce4   0x00000014   Code   RO         1397    .text.Is_Joystick_Calibration_Complete  remote_adc.o
    0x08003cf8   0x08003cf8   0x000000bc   Code   RO         1349    .text.Key_Handler   key.o
    0x08003db4   0x08003db4   0x00000002   Code   RO         1345    .text.Key_Init      key.o
    0x08003db6   0x08003db6   0x00000002   PAD
    0x08003db8   0x08003db8   0x00000174   Code   RO         1347    .text.Key_Scan      key.o
    0x08003f2c   0x08003f2c   0x00000008   Code   RO         1740    .text.LED1_OFF      menusetting.o
    0x08003f34   0x08003f34   0x00000008   Code   RO         1738    .text.LED1_ON       menusetting.o
    0x08003f3c   0x08003f3c   0x00000002   Code   RO         1366    .text.LED_Init      led.o
    0x08003f3e   0x08003f3e   0x00000002   PAD
    0x08003f40   0x08003f40   0x00000066   Code   RO         1372    .text.LED_Init_Task  led.o
    0x08003fa6   0x08003fa6   0x00000002   PAD
    0x08003fa8   0x08003fa8   0x00000026   Code   RO         1368    .text.LED_Toggle    led.o
    0x08003fce   0x08003fce   0x00000002   PAD
    0x08003fd0   0x08003fd0   0x000000d6   Code   RO           41    .text.MX_ADC1_Init  adc.o
    0x080040a6   0x080040a6   0x00000002   PAD
    0x080040a8   0x080040a8   0x00000034   Code   RO           57    .text.MX_DMA_Init   dma.o
    0x080040dc   0x080040dc   0x00000126   Code   RO           32    .text.MX_GPIO_Init  gpio.o
    0x08004202   0x08004202   0x00000002   PAD
    0x08004204   0x08004204   0x0000004c   Code   RO           66    .text.MX_SPI1_Init  spi.o
    0x08004250   0x08004250   0x0000007e   Code   RO           81    .text.MX_TIM3_Init  tim.o
    0x080042ce   0x080042ce   0x00000002   PAD
    0x080042d0   0x080042d0   0x000000f2   Code   RO           83    .text.MX_TIM4_Init  tim.o
    0x080043c2   0x080043c2   0x00000002   PAD
    0x080043c4   0x080043c4   0x0000003c   Code   RO          105    .text.MX_USART1_UART_Init  usart.o
    0x08004400   0x08004400   0x00000072   Code   RO         1770    .text.MX_USB_DEVICE_Init  usb_device.o
    0x08004472   0x08004472   0x00000002   PAD
    0x08004474   0x08004474   0x00000002   Code   RO          124    .text.MemManage_Handler  stm32f1xx_it.o
    0x08004476   0x08004476   0x00000002   PAD
    0x08004478   0x08004478   0x000001cc   Code   RO         1742    .text.MenuInit      menusetting.o
    0x08004644   0x08004644   0x00000002   Code   RO          120    .text.NMI_Handler   stm32f1xx_it.o
    0x08004646   0x08004646   0x00000002   PAD
    0x08004648   0x08004648   0x00000036   Code   RO         1682    .text.NodeAlloc     menucore.o
    0x0800467e   0x0800467e   0x00000002   PAD
    0x08004680   0x08004680   0x00000038   Code   RO         1684    .text.NodeBranchAlloc  menucore.o
    0x080046b8   0x080046b8   0x00000014   Code   RO         1426    .text.OLED_Clear    oled.o
    0x080046cc   0x080046cc   0x0000096a   Code   RO         1482    .text.OLED_DrawCircle  oled.o
    0x08005036   0x08005036   0x00000002   PAD
    0x08005038   0x08005038   0x0000003a   Code   RO         1472    .text.OLED_DrawPoint  oled.o
    0x08005072   0x08005072   0x00000002   PAD
    0x08005074   0x08005074   0x00000156   Code   RO         1548    .text.OLED_I2C_SendByte  oled_driver.o
    0x080051ca   0x080051ca   0x00000002   PAD
    0x080051cc   0x080051cc   0x000000ea   Code   RO         1570    .text.OLED_Init     oled_driver.o
    0x080052b6   0x080052b6   0x00000002   PAD
    0x080052b8   0x080052b8   0x000000a8   Code   RO         1436    .text.OLED_ShowChar  oled.o
    0x08005360   0x08005360   0x000002ac   Code   RO         1434    .text.OLED_ShowImage  oled.o
    0x0800560c   0x0800560c   0x000001b6   Code   RO         1440    .text.OLED_ShowSignedNum  oled.o
    0x080057c2   0x080057c2   0x00000002   PAD
    0x080057c4   0x080057c4   0x0000003c   Code   RO         1448    .text.OLED_ShowString  oled.o
    0x08005800   0x08005800   0x000000ec   Code   RO         1566    .text.OLED_Update   oled_driver.o
    0x080058ec   0x080058ec   0x00000084   Code   RO         1554    .text.OLED_WriteDataArr  oled_driver.o
    0x08005970   0x08005970   0x00000076   Code   RO         1550    .text.OLED_Write_CMD  oled_driver.o
    0x080059e6   0x080059e6   0x00000002   PAD
    0x080059e8   0x080059e8   0x00000002   Code   RO          134    .text.PendSV_Handler  stm32f1xx_it.o
    0x080059ea   0x080059ea   0x00000002   PAD
    0x080059ec   0x080059ec   0x000000d8   Code   RO         1717    .text.PrintSelector  menuselector.o
    0x08005ac4   0x08005ac4   0x0000017a   Code   RO         1401    .text.Read_joystick  remote_adc.o
    0x08005c3e   0x08005c3e   0x00000002   PAD
    0x08005c40   0x08005c40   0x000000c0   Code   RO         1757    .text.Remote_ADC_DisplayFunc  my_display.o
    0x08005d00   0x08005d00   0x00000016   Code   RO         1385    .text.Remote_ADC_Init  remote_adc.o
    0x08005d16   0x08005d16   0x00000002   PAD
    0x08005d18   0x08005d18   0x00000258   Code   RO         1759    .text.Remote_ADC_Joystick_Dis  my_display.o
    0x08005f70   0x08005f70   0x00000002   Code   RO          130    .text.SVC_Handler   stm32f1xx_it.o
    0x08005f72   0x08005f72   0x00000002   PAD
    0x08005f74   0x08005f74   0x00000010   Code   RO         1707    .text.SelectDOWN    menuselector.o
    0x08005f84   0x08005f84   0x00000064   Code   RO         1709    .text.SelectINorRUN  menuselector.o
    0x08005fe8   0x08005fe8   0x00000026   Code   RO         1711    .text.SelectOut     menuselector.o
    0x0800600e   0x0800600e   0x00000002   PAD
    0x08006010   0x08006010   0x00000010   Code   RO         1705    .text.SelectUP      menuselector.o
    0x08006020   0x08006020   0x00000012   Code   RO         1387    .text.Start_Joystick_Calibration  remote_adc.o
    0x08006032   0x08006032   0x00000002   PAD
    0x08006034   0x08006034   0x00000004   Code   RO          136    .text.SysTick_Handler  stm32f1xx_it.o
    0x08006038   0x08006038   0x000000dc   Code   RO           13    .text.SystemClock_Config  main.o
    0x08006114   0x08006114   0x00000002   Code   RO         1312    .text.SystemInit    system_stm32f1xx.o
    0x08006116   0x08006116   0x00000002   PAD
    0x08006118   0x08006118   0x0000000c   Code   RO          142    .text.TIM3_IRQHandler  stm32f1xx_it.o
    0x08006124   0x08006124   0x0000000c   Code   RO         1992    .text.USBD_CUSTOM_HID_DataIn  usbd_customhid.o
    0x08006130   0x08006130   0x00000020   Code   RO         1994    .text.USBD_CUSTOM_HID_DataOut  usbd_customhid.o
    0x08006150   0x08006150   0x00000038   Code   RO         1986    .text.USBD_CUSTOM_HID_DeInit  usbd_customhid.o
    0x08006188   0x08006188   0x00000020   Code   RO         1990    .text.USBD_CUSTOM_HID_EP0_RxReady  usbd_customhid.o
    0x080061a8   0x080061a8   0x00000010   Code   RO         2002    .text.USBD_CUSTOM_HID_GetDeviceQualifierDesc  usbd_customhid.o
    0x080061b8   0x080061b8   0x00000010   Code   RO         1998    .text.USBD_CUSTOM_HID_GetFSCfgDesc  usbd_customhid.o
    0x080061c8   0x080061c8   0x00000010   Code   RO         1996    .text.USBD_CUSTOM_HID_GetHSCfgDesc  usbd_customhid.o
    0x080061d8   0x080061d8   0x00000010   Code   RO         2000    .text.USBD_CUSTOM_HID_GetOtherSpeedCfgDesc  usbd_customhid.o
    0x080061e8   0x080061e8   0x0000004c   Code   RO         1984    .text.USBD_CUSTOM_HID_Init  usbd_customhid.o
    0x08006234   0x08006234   0x0000000e   Code   RO         2006    .text.USBD_CUSTOM_HID_RegisterInterface  usbd_customhid.o
    0x08006242   0x08006242   0x00000002   PAD
    0x08006244   0x08006244   0x00000038   Code   RO         2004    .text.USBD_CUSTOM_HID_SendReport  usbd_customhid.o
    0x0800627c   0x0800627c   0x000000ea   Code   RO         1988    .text.USBD_CUSTOM_HID_Setup  usbd_customhid.o
    0x08006366   0x08006366   0x00000002   PAD
    0x08006368   0x08006368   0x0000000e   Code   RO         1907    .text.USBD_ClrClassConfig  usbd_core.o
    0x08006376   0x08006376   0x00000002   PAD
    0x08006378   0x08006378   0x00000010   Code   RO         1968    .text.USBD_CtlContinueRx  usbd_ioreq.o
    0x08006388   0x08006388   0x00000010   Code   RO         1964    .text.USBD_CtlContinueSendData  usbd_ioreq.o
    0x08006398   0x08006398   0x00000016   Code   RO         1943    .text.USBD_CtlError  usbd_ctlreq.o
    0x080063ae   0x080063ae   0x00000002   PAD
    0x080063b0   0x080063b0   0x0000001a   Code   RO         1966    .text.USBD_CtlPrepareRx  usbd_ioreq.o
    0x080063ca   0x080063ca   0x00000002   PAD
    0x080063cc   0x080063cc   0x00000016   Code   RO         1972    .text.USBD_CtlReceiveStatus  usbd_ioreq.o
    0x080063e2   0x080063e2   0x00000002   PAD
    0x080063e4   0x080063e4   0x0000001a   Code   RO         1962    .text.USBD_CtlSendData  usbd_ioreq.o
    0x080063fe   0x080063fe   0x00000002   PAD
    0x08006400   0x08006400   0x00000016   Code   RO         1970    .text.USBD_CtlSendStatus  usbd_ioreq.o
    0x08006416   0x08006416   0x00000002   PAD
    0x08006418   0x08006418   0x0000002c   Code   RO         1789    .text.USBD_FS_ConfigStrDescriptor  usbd_desc.o
    0x08006444   0x08006444   0x0000000e   Code   RO         1779    .text.USBD_FS_DeviceDescriptor  usbd_desc.o
    0x08006452   0x08006452   0x00000002   PAD
    0x08006454   0x08006454   0x00000030   Code   RO         1791    .text.USBD_FS_InterfaceStrDescriptor  usbd_desc.o
    0x08006484   0x08006484   0x0000000e   Code   RO         1781    .text.USBD_FS_LangIDStrDescriptor  usbd_desc.o
    0x08006492   0x08006492   0x00000002   PAD
    0x08006494   0x08006494   0x0000002c   Code   RO         1783    .text.USBD_FS_ManufacturerStrDescriptor  usbd_desc.o
    0x080064c0   0x080064c0   0x00000030   Code   RO         1785    .text.USBD_FS_ProductStrDescriptor  usbd_desc.o
    0x080064f0   0x080064f0   0x00000088   Code   RO         1787    .text.USBD_FS_SerialStrDescriptor  usbd_desc.o
    0x08006578   0x08006578   0x00000072   Code   RO         1951    .text.USBD_GetString  usbd_ctlreq.o
    0x080065ea   0x080065ea   0x00000002   PAD
    0x080065ec   0x080065ec   0x00000030   Code   RO         1893    .text.USBD_Init     usbd_core.o
    0x0800661c   0x0800661c   0x00000022   Code   RO         1863    .text.USBD_LL_ClearStallEP  usbd_conf.o
    0x0800663e   0x0800663e   0x00000002   PAD
    0x08006640   0x08006640   0x00000022   Code   RO         1857    .text.USBD_LL_CloseEP  usbd_conf.o
    0x08006662   0x08006662   0x00000002   PAD
    0x08006664   0x08006664   0x000000c4   Code   RO         1913    .text.USBD_LL_DataInStage  usbd_core.o
    0x08006728   0x08006728   0x00000078   Code   RO         1911    .text.USBD_LL_DataOutStage  usbd_core.o
    0x080067a0   0x080067a0   0x00000074   Code   RO         1847    .text.USBD_LL_Init  usbd_conf.o
    0x08006814   0x08006814   0x0000002a   Code   RO         1865    .text.USBD_LL_IsStallEP  usbd_conf.o
    0x0800683e   0x0800683e   0x00000002   PAD
    0x08006840   0x08006840   0x00000028   Code   RO         1855    .text.USBD_LL_OpenEP  usbd_conf.o
    0x08006868   0x08006868   0x00000022   Code   RO         1871    .text.USBD_LL_PrepareReceive  usbd_conf.o
    0x0800688a   0x0800688a   0x00000002   PAD
    0x0800688c   0x0800688c   0x00000054   Code   RO         1915    .text.USBD_LL_Reset  usbd_core.o
    0x080068e0   0x080068e0   0x00000014   Code   RO         1921    .text.USBD_LL_Resume  usbd_core.o
    0x080068f4   0x080068f4   0x0000001c   Code   RO         1923    .text.USBD_LL_SOF   usbd_core.o
    0x08006910   0x08006910   0x00000008   Code   RO         1917    .text.USBD_LL_SetSpeed  usbd_core.o
    0x08006918   0x08006918   0x00000022   Code   RO         1867    .text.USBD_LL_SetUSBAddress  usbd_conf.o
    0x0800693a   0x0800693a   0x00000002   PAD
    0x0800693c   0x0800693c   0x00000056   Code   RO         1909    .text.USBD_LL_SetupStage  usbd_core.o
    0x08006992   0x08006992   0x00000002   PAD
    0x08006994   0x08006994   0x00000022   Code   RO         1861    .text.USBD_LL_StallEP  usbd_conf.o
    0x080069b6   0x080069b6   0x00000002   PAD
    0x080069b8   0x080069b8   0x00000022   Code   RO         1851    .text.USBD_LL_Start  usbd_conf.o
    0x080069da   0x080069da   0x00000002   PAD
    0x080069dc   0x080069dc   0x00000014   Code   RO         1919    .text.USBD_LL_Suspend  usbd_core.o
    0x080069f0   0x080069f0   0x00000022   Code   RO         1869    .text.USBD_LL_Transmit  usbd_conf.o
    0x08006a12   0x08006a12   0x00000002   PAD
    0x08006a14   0x08006a14   0x00000016   Code   RO         1949    .text.USBD_ParseSetupRequest  usbd_ctlreq.o
    0x08006a2a   0x08006a2a   0x00000002   PAD
    0x08006a2c   0x08006a2c   0x0000000e   Code   RO         1897    .text.USBD_RegisterClass  usbd_core.o
    0x08006a3a   0x08006a3a   0x00000002   PAD
    0x08006a3c   0x08006a3c   0x0000001c   Code   RO         1905    .text.USBD_SetClassConfig  usbd_core.o
    0x08006a58   0x08006a58   0x0000000a   Code   RO         1899    .text.USBD_Start    usbd_core.o
    0x08006a62   0x08006a62   0x00000002   PAD
    0x08006a64   0x08006a64   0x000002a2   Code   RO         1941    .text.USBD_StdDevReq  usbd_ctlreq.o
    0x08006d06   0x08006d06   0x00000002   PAD
    0x08006d08   0x08006d08   0x0000011e   Code   RO         1947    .text.USBD_StdEPReq  usbd_ctlreq.o
    0x08006e26   0x08006e26   0x00000002   PAD
    0x08006e28   0x08006e28   0x0000005c   Code   RO         1945    .text.USBD_StdItfReq  usbd_ctlreq.o
    0x08006e84   0x08006e84   0x00000002   Code   RO         1879    .text.USBD_static_free  usbd_conf.o
    0x08006e86   0x08006e86   0x00000002   PAD
    0x08006e88   0x08006e88   0x0000000a   Code   RO         1877    .text.USBD_static_malloc  usbd_conf.o
    0x08006e92   0x08006e92   0x00000002   PAD
    0x08006e94   0x08006e94   0x0000027a   Code   RO          280    .text.USB_ActivateEndpoint  stm32f1xx_ll_usb.o
    0x0800710e   0x0800710e   0x00000002   PAD
    0x08007110   0x08007110   0x00000004   Code   RO          266    .text.USB_CoreInit  stm32f1xx_ll_usb.o
    0x08007114   0x08007114   0x000000e2   Code   RO          282    .text.USB_DeactivateEndpoint  stm32f1xx_ll_usb.o
    0x080071f6   0x080071f6   0x00000002   PAD
    0x080071f8   0x080071f8   0x00000004   Code   RO          298    .text.USB_DevConnect  stm32f1xx_ll_usb.o
    0x080071fc   0x080071fc   0x00000004   Code   RO          300    .text.USB_DevDisconnect  stm32f1xx_ll_usb.o
    0x08007200   0x08007200   0x0000001a   Code   RO          274    .text.USB_DevInit   stm32f1xx_ll_usb.o
    0x0800721a   0x0800721a   0x00000002   PAD
    0x0800721c   0x0800721c   0x00000014   Code   RO          270    .text.USB_DisableGlobalInt  stm32f1xx_ll_usb.o
    0x08007230   0x08007230   0x00000004   Code   RO          314    .text.USB_EP0_OutStart  stm32f1xx_ll_usb.o
    0x08007234   0x08007234   0x0000007c   Code   RO          290    .text.USB_EPClearStall  stm32f1xx_ll_usb.o
    0x080072b0   0x080072b0   0x00000032   Code   RO          288    .text.USB_EPSetStall  stm32f1xx_ll_usb.o
    0x080072e2   0x080072e2   0x00000002   PAD
    0x080072e4   0x080072e4   0x00000836   Code   RO          284    .text.USB_EPStartXfer  stm32f1xx_ll_usb.o
    0x08007b1a   0x08007b1a   0x00000002   PAD
    0x08007b1c   0x08007b1c   0x00000012   Code   RO          268    .text.USB_EnableGlobalInt  stm32f1xx_ll_usb.o
    0x08007b2e   0x08007b2e   0x00000002   PAD
    0x08007b30   0x08007b30   0x0000000c   Code   RO          140    .text.USB_LP_CAN1_RX0_IRQHandler  stm32f1xx_it.o
    0x08007b3c   0x08007b3c   0x00000006   Code   RO          302    .text.USB_ReadInterrupts  stm32f1xx_ll_usb.o
    0x08007b42   0x08007b42   0x00000002   PAD
    0x08007b44   0x08007b44   0x000000b4   Code   RO          320    .text.USB_ReadPMA   stm32f1xx_ll_usb.o
    0x08007bf8   0x08007bf8   0x00000004   Code   RO          272    .text.USB_SetCurrentMode  stm32f1xx_ll_usb.o
    0x08007bfc   0x08007bfc   0x0000000e   Code   RO          296    .text.USB_SetDevAddress  stm32f1xx_ll_usb.o
    0x08007c0a   0x08007c0a   0x00000002   PAD
    0x08007c0c   0x08007c0c   0x0000009a   Code   RO          286    .text.USB_WritePMA  stm32f1xx_ll_usb.o
    0x08007ca6   0x08007ca6   0x00000002   PAD
    0x08007ca8   0x08007ca8   0x00000002   Code   RO          128    .text.UsageFault_Handler  stm32f1xx_it.o
    0x08007caa   0x08007caa   0x00000002   PAD
    0x08007cac   0x08007cac   0x00000028   Code   RO         1666    .text.block_decrease  block.o
    0x08007cd4   0x08007cd4   0x00000044   Code   RO         1664    .text.block_increase  block.o
    0x08007d18   0x08007d18   0x0000001e   Code   RO         1662    .text.block_init    block.o
    0x08007d36   0x08007d36   0x00000002   PAD
    0x08007d38   0x08007d38   0x0000010c   Code   RO           11    .text.main          main.o
    0x08007e44   0x08007e44   0x0000000e   Code   RO         1744    .text.myOLEDPrintStringLine  menusetting.o
    0x08007e52   0x08007e52   0x00000002   PAD
    0x08007e54   0x08007e54   0x00000004   Code   RO         1746    .text.myOLED_Clear  menusetting.o
    0x08007e58   0x08007e58   0x00000070   Code   RO         1688    .text.set_branch    menucore.o
    0x08007ec8   0x08007ec8   0x00000028   Code   RO         1686    .text.set_node      menucore.o
    0x08007ef0   0x08007ef0   0x00000034   Code   RO         2280    i.__0snprintf       mc_w.l(printfa.o)
    0x08007f24   0x08007f24   0x0000000e   Code   RO         2456    i.__scatterload_copy  mc_w.l(handlers.o)
    0x08007f32   0x08007f32   0x00000002   Code   RO         2457    i.__scatterload_null  mc_w.l(handlers.o)
    0x08007f34   0x08007f34   0x0000000e   Code   RO         2458    i.__scatterload_zeroinit  mc_w.l(handlers.o)
    0x08007f42   0x08007f42   0x00000002   PAD
    0x08007f44   0x08007f44   0x0000000c   Code   RO         2420    i.__set_errno       mc_w.l(errno.o)
    0x08007f50   0x08007f50   0x00000184   Code   RO         2286    i._fp_digits        mc_w.l(printfa.o)
    0x080080d4   0x080080d4   0x000006dc   Code   RO         2287    i._printf_core      mc_w.l(printfa.o)
    0x080087b0   0x080087b0   0x00000024   Code   RO         2288    i._printf_post_padding  mc_w.l(printfa.o)
    0x080087d4   0x080087d4   0x0000002e   Code   RO         2289    i._printf_pre_padding  mc_w.l(printfa.o)
    0x08008802   0x08008802   0x00000016   Code   RO         2290    i._snputc           mc_w.l(printfa.o)
    0x08008818   0x08008818   0x0000002c   Code   RO         2036    i.sqrtf             m_ws.l(sqrtf.o)
    0x08008844   0x08008844   0x00000006   Data   RO         1374    .rodata..Lswitch.table.LED_GetState  led.o
    0x0800884a   0x0800884a   0x00000010   Data   RO         1317    .rodata.AHBPrescTable  system_stm32f1xx.o
    0x0800885a   0x0800885a   0x00000008   Data   RO         1318    .rodata.APBPrescTable  system_stm32f1xx.o
    0x08008862   0x08008862   0x00000002   Data   RO          419    .rodata.HAL_RCC_GetSysClockFreq.aPredivFactorTable  stm32f1xx_hal_rcc.o
    0x08008864   0x08008864   0x00000b22   Data   RO         1503    .rodata.OLED_F10x20  oled_fonts.o
    0x08009386   0x08009386   0x0000023a   Data   RO         1506    .rodata.OLED_F6x8   oled_fonts.o
    0x080095c0   0x080095c0   0x00000532   Data   RO         1505    .rodata.OLED_F7x12  oled_fonts.o
    0x08009af2   0x08009af2   0x000005f0   Data   RO         1504    .rodata.OLED_F8x16  oled_fonts.o
    0x0800a0e2   0x0800a0e2   0x00000388   Data   RO           19    .rodata.XY_LOGO_Font  main.o
    0x0800a46a   0x0800a46a   0x00000010   Data   RO          418    .rodata.cst16       stm32f1xx_hal_rcc.o
    0x0800a47a   0x0800a47a   0x00000006   Data   RO         1761    .rodata.str1.1      my_display.o
    0x0800a480   0x0800a480   0x00000020   Data   RO         2455    Region$$Table       anon$$obj.o


    Execution Region RW_IRAM1 (Exec base: 0x20000000, Load base: 0x0800a4a0, Size: 0x00002820, Max: 0x00005000, ABSOLUTE, COMPRESSED[0x000000d8])

    Exec Addr    Load Addr    Size         Type   Attr      Idx    E Section Name        Object

    0x20000000   COMPRESSED   0x00000004   Data   RW         2421    .data               mc_w.l(errno.o)
    0x20000004   COMPRESSED   0x00000008   Data   RW          381    .data..L_MergedGlobals  stm32f1xx_hal.o
    0x2000000c   COMPRESSED   0x00000018   Data   RW         1407    .data..L_MergedGlobals  remote_adc.o
    0x20000024   COMPRESSED   0x00000039   Data   RW         1812    .data.CUSTOM_HID_ReportDesc_FS  usbd_custom_hid_if.o
    0x2000005d   COMPRESSED   0x00000001   Data   RW         1692    .data.ErrorRecord   menucore.o
    0x2000005e   COMPRESSED   0x00000002   PAD
    0x20000060   COMPRESSED   0x0000001c   Data   RW         1793    .data.FS_Desc       usbd_desc.o
    0x2000007c   COMPRESSED   0x00000002   Data   RW         1353    .data.Key_MOVE_TIME  key.o
    0x2000007e   COMPRESSED   0x00000001   Data   RW           21    .data.Read_key      main.o
    0x2000007f   COMPRESSED   0x00000001   PAD
    0x20000080   COMPRESSED   0x00000004   Data   RW         1316    .data.SystemCoreClock  system_stm32f1xx.o
    0x20000084   COMPRESSED   0x00000038   Data   RW         2008    .data.USBD_CUSTOM_HID  usbd_customhid.o
    0x200000bc   COMPRESSED   0x00000029   Data   RW         2010    .data.USBD_CUSTOM_HID_CfgFSDesc  usbd_customhid.o
    0x200000e5   COMPRESSED   0x00000003   PAD
    0x200000e8   COMPRESSED   0x00000029   Data   RW         2011    .data.USBD_CUSTOM_HID_CfgHSDesc  usbd_customhid.o
    0x20000111   COMPRESSED   0x00000003   PAD
    0x20000114   COMPRESSED   0x00000009   Data   RW         2009    .data.USBD_CUSTOM_HID_Desc  usbd_customhid.o
    0x2000011d   COMPRESSED   0x00000003   PAD
    0x20000120   COMPRESSED   0x0000000a   Data   RW         2013    .data.USBD_CUSTOM_HID_DeviceQualifierDesc  usbd_customhid.o
    0x2000012a   COMPRESSED   0x00000002   PAD
    0x2000012c   COMPRESSED   0x00000029   Data   RW         2012    .data.USBD_CUSTOM_HID_OtherSpeedCfgDesc  usbd_customhid.o
    0x20000155   COMPRESSED   0x00000003   PAD
    0x20000158   COMPRESSED   0x00000010   Data   RW         1813    .data.USBD_CustomHID_fops_FS  usbd_custom_hid_if.o
    0x20000168   COMPRESSED   0x00000012   Data   RW         1794    .data.USBD_FS_DeviceDesc  usbd_desc.o
    0x2000017a   COMPRESSED   0x00000002   PAD
    0x2000017c   COMPRESSED   0x00000004   Data   RW         1795    .data.USBD_LangIDDesc  usbd_desc.o
    0x20000180   COMPRESSED   0x0000001a   Data   RW         1796    .data.USBD_StringSerial  usbd_desc.o
    0x2000019a   COMPRESSED   0x00000006   PAD
    0x200001a0        -       0x0000003c   Zero   RW           48    .bss..L_MergedGlobals  adc.o
    0x200001dc        -       0x0000004c   Zero   RW           92    .bss..L_MergedGlobals  tim.o
    0x20000228        -       0x00000006   Zero   RW         1355    .bss..L_MergedGlobals  key.o
    0x2000022e   COMPRESSED   0x00000002   PAD
    0x20000230        -       0x00000008   Zero   RW         1727    .bss..L_MergedGlobals  menuselector.o
    0x20000238        -       0x00000004   Zero   RW         1408    .bss..L_MergedGlobals.8  remote_adc.o
    0x2000023c        -       0x00000002   Zero   RW         1693    .bss.NodeAllocHead  menucore.o
    0x2000023e   COMPRESSED   0x00000002   PAD
    0x20000240        -       0x00000e10   Zero   RW         1694    .bss.NodeArr        menucore.o
    0x20001050        -       0x00000002   Zero   RW         1695    .bss.NodeBranchAllocHead  menucore.o
    0x20001052   COMPRESSED   0x00000002   PAD
    0x20001054        -       0x000007d0   Zero   RW         1696    .bss.NodeBranchArr  menucore.o
    0x20001824        -       0x00000002   Zero   RW         1579    .bss.OLED_Brightness.Last_Brightness  oled_driver.o
    0x20001826        -       0x00000400   Zero   RW         1578    .bss.OLED_DisplayBuf  oled_driver.o
    0x20001c26        -       0x00000001   Zero   RW         1953    .bss.USBD_SetConfig.cfgidx  usbd_ctlreq.o
    0x20001c27   COMPRESSED   0x00000001   PAD
    0x20001c28        -       0x00000100   Zero   RW         1797    .bss.USBD_StrDesc   usbd_desc.o
    0x20001d28        -       0x0000001c   Zero   RW         1884    .bss.USBD_static_malloc.mem  usbd_conf.o
    0x20001d44        -       0x00000005   Zero   RW         1405    .bss.gamepad_report  remote_adc.o
    0x20001d49   COMPRESSED   0x00000003   PAD
    0x20001d4c        -       0x000002c4   Zero   RW         1772    .bss.hUsbDeviceFS   usb_device.o
    0x20002010        -       0x00000044   Zero   RW           47    .bss.hdma_adc1      adc.o
    0x20002054        -       0x000002d8   Zero   RW         1883    .bss.hpcd_USB_FS    usbd_conf.o
    0x2000232c        -       0x00000058   Zero   RW           72    .bss.hspi1          spi.o
    0x20002384        -       0x00000048   Zero   RW           91    .bss.htim4          tim.o
    0x200023cc        -       0x00000048   Zero   RW          111    .bss.huart1         usart.o
    0x20002414        -       0x00000004   Zero   RW         1748    .bss.rootNode       menusetting.o
    0x20002418        -       0x00000004   Zero   RW          380    .bss.uwTick         stm32f1xx_hal.o
    0x2000241c   COMPRESSED   0x00000004   PAD
    0x20002420        -       0x00000400   Zero   RW            1    STACK               startup_stm32f103xb.o


==============================================================================

Image component sizes


      Code (inc. data)   RO Data    RW Data    ZI Data      Debug   Object Name

       426          0          0          0        128       4772   adc.o
        24          0          0          0          0       1516   beep.o
       138          0          0          0          0       1632   block.o
        52          0          0          0          0       2168   dma.o
       294          0          0          0          0       1679   gpio.o
       562          6          0          2          6       3816   key.o
       142          0          6          0          0       2352   led.o
       526          0        904          1          0       3694   main.o
       262          0          0          1       5604       2803   menucore.o
       434         16          0          0          8       4067   menuselector.o
       494        120          0          0          4       2240   menusetting.o
       792        128          6          0          0       2429   my_display.o
      3838         20          0          0          0      69449   oled.o
      1062          0          0          0       1026       5635   oled_driver.o
         0          0       6270          0          0       2213   oled_fonts.o
       824          8          0         24          9       3683   remote_adc.o
       198          0          0          0         88       4279   spi.o
        36          8        236          0       1024        776   startup_stm32f103xb.o
       188          0          0          8          4       5745   stm32f1xx_hal.o
      1388          0          0          0          0      13654   stm32f1xx_hal_adc.o
       282          0          0          0          0       9917   stm32f1xx_hal_adc_ex.o
       196          0          0          0          0       8399   stm32f1xx_hal_cortex.o
       708          0          0          0          0       8266   stm32f1xx_hal_dma.o
       546         22          0          0          0       4673   stm32f1xx_hal_gpio.o
        66          0          0          0          0       1194   stm32f1xx_hal_msp.o
      3516          0          0          0          0      16849   stm32f1xx_hal_pcd.o
        76          0          0          0          0       4146   stm32f1xx_hal_pcd_ex.o
      1542          0         18          0          0       7933   stm32f1xx_hal_rcc.o
       506         20          0          0          0       3623   stm32f1xx_hal_rcc_ex.o
       168          0          0          0          0      23661   stm32f1xx_hal_spi.o
      2206          6          0          0          0      57652   stm32f1xx_hal_tim.o
       130          0          0          0          0      20894   stm32f1xx_hal_tim_ex.o
       226          0          0          0          0      32605   stm32f1xx_hal_uart.o
        56          0          0          0          0       6486   stm32f1xx_it.o
      3574          6          0          0          0      22184   stm32f1xx_ll_usb.o
         2          0         24          4          0       1583   system_stm32f1xx.o
       624          0          0          0        148       7291   tim.o
       186          0          0          0         72       4920   usart.o
       114          0          0          0        708       2912   usb_device.o
       664          0          0          0        756      16143   usbd_conf.o
       676          0          0          0          0       7873   usbd_core.o
      1210         24          0          0          1       8801   usbd_ctlreq.o
        12          0          0         73          0       1477   usbd_custom_hid_if.o
       576         22          0        198          0       7621   usbd_customhid.o
       348         88          0         76        256       3630   usbd_desc.o
       128          0          0          0          0       4412   usbd_ioreq.o

    ----------------------------------------------------------------------
     30264        494       7496        408       9860     433747   Object Totals
         0          0         32          0          0          0   (incl. Generated)
       246          0          0         21         18          0   (incl. Padding)

    ----------------------------------------------------------------------

      Code (inc. data)   RO Data    RW Data    ZI Data      Debug   Library Member Name

        44          0          0          0          0         80   sqrtf.o
        86          0          0          0          0          0   __dczerorl2.o
         0          0          0          0          0          0   entry.o
         0          0          0          0          0          0   entry10a.o
         0          0          0          0          0          0   entry11a.o
         8          4          0          0          0          0   entry2.o
         4          0          0          0          0          0   entry5.o
         0          0          0          0          0          0   entry7b.o
         0          0          0          0          0          0   entry8b.o
         8          4          0          0          0          0   entry9a.o
        12          6          0          4          0         68   errno.o
        30          0          0          0          0          0   handlers.o
        48         10          0          0          0         68   init.o
         0          0          0          0          0          0   iusefp.o
        30          0          0          0          0         68   llshl.o
        36          0          0          0          0         68   llsshr.o
        32          0          0          0          0         68   llushr.o
        36          0          0          0          0        108   memseta.o
      2300         84          0          0          0        524   printfa.o
        44          0          0          0          0         80   uidiv.o
        98          0          0          0          0         92   uldiv.o
        48          0          0          0          0         68   cdrcmple.o
       334          0          0          0          0        148   dadd.o
       222          0          0          0          0        100   ddiv.o
       186          0          0          0          0        176   depilogue.o
        48          0          0          0          0         68   dfixul.o
       228          0          0          0          0         96   dmul.o
       124          0          0          0          0         88   fdiv.o
       110          0          0          0          0        168   fepilogue.o
        50          0          0          0          0         68   ffixi.o
        18          0          0          0          0         68   fflti.o
       100          0          0          0          0         76   fmul.o
        94          0          0          0          0         96   fsqrt.o

    ----------------------------------------------------------------------
      4384        108          0          4          0       2444   Library Totals
         6          0          0          0          0          0   (incl. Padding)

    ----------------------------------------------------------------------

      Code (inc. data)   RO Data    RW Data    ZI Data      Debug   Library Name

        44          0          0          0          0         80   m_ws.l
      2772        108          0          4          0       1144   mc_w.l
      1562          0          0          0          0       1220   mf_w.l

    ----------------------------------------------------------------------
      4384        108          0          4          0       2444   Library Totals

    ----------------------------------------------------------------------

==============================================================================


      Code (inc. data)   RO Data    RW Data    ZI Data      Debug   

     34648        602       7496        412       9860     434315   Grand Totals
     34648        602       7496        216       9860     434315   ELF Image Totals (compressed)
     34648        602       7496        216          0          0   ROM Totals

==============================================================================

    Total RO  Size (Code + RO Data)                42144 (  41.16kB)
    Total RW  Size (RW Data + ZI Data)             10272 (  10.03kB)
    Total ROM Size (Code + RO Data + RW Data)      42360 (  41.37kB)

==============================================================================

