Component: ARM Compiler 5.06 update 7 (build 960) Tool: armlink [4d3601]

==============================================================================

Section Cross References

    startup_stm32f103xb.o(RESET) refers to startup_stm32f103xb.o(STACK) for __initial_sp
    startup_stm32f103xb.o(RESET) refers to startup_stm32f103xb.o(.text) for Reset_Handler
    startup_stm32f103xb.o(RESET) refers to stm32f1xx_it.o(i.NMI_Handler) for NMI_Handler
    startup_stm32f103xb.o(RESET) refers to stm32f1xx_it.o(i.HardFault_Handler) for HardFault_Handler
    startup_stm32f103xb.o(RESET) refers to stm32f1xx_it.o(i.MemManage_Handler) for MemManage_Handler
    startup_stm32f103xb.o(RESET) refers to stm32f1xx_it.o(i.BusFault_Handler) for BusFault_Handler
    startup_stm32f103xb.o(RESET) refers to stm32f1xx_it.o(i.UsageFault_Handler) for UsageFault_Handler
    startup_stm32f103xb.o(RESET) refers to stm32f1xx_it.o(i.SVC_Handler) for SVC_Handler
    startup_stm32f103xb.o(RESET) refers to stm32f1xx_it.o(i.DebugMon_Handler) for DebugMon_Handler
    startup_stm32f103xb.o(RESET) refers to stm32f1xx_it.o(i.PendSV_Handler) for PendSV_Handler
    startup_stm32f103xb.o(RESET) refers to stm32f1xx_it.o(i.SysTick_Handler) for SysTick_Handler
    startup_stm32f103xb.o(RESET) refers to stm32f1xx_it.o(i.DMA1_Channel1_IRQHandler) for DMA1_Channel1_IRQHandler
    startup_stm32f103xb.o(RESET) refers to stm32f1xx_it.o(i.USB_LP_CAN1_RX0_IRQHandler) for USB_LP_CAN1_RX0_IRQHandler
    startup_stm32f103xb.o(RESET) refers to stm32f1xx_it.o(i.TIM3_IRQHandler) for TIM3_IRQHandler
    startup_stm32f103xb.o(.text) refers to system_stm32f1xx.o(i.SystemInit) for SystemInit
    startup_stm32f103xb.o(.text) refers to entry.o(.ARM.Collect$$$$00000000) for __main
    main.o(i.Error_Handler) refers to led.o(i.LED_Toggle) for LED_Toggle
    main.o(i.Error_Handler) refers to stm32f1xx_hal.o(i.HAL_Delay) for HAL_Delay
    main.o(i.SystemClock_Config) refers to memseta.o(.text) for __aeabi_memclr4
    main.o(i.SystemClock_Config) refers to stm32f1xx_hal_rcc.o(i.HAL_RCC_OscConfig) for HAL_RCC_OscConfig
    main.o(i.SystemClock_Config) refers to stm32f1xx_hal_rcc.o(i.HAL_RCC_ClockConfig) for HAL_RCC_ClockConfig
    main.o(i.SystemClock_Config) refers to stm32f1xx_hal_rcc_ex.o(i.HAL_RCCEx_PeriphCLKConfig) for HAL_RCCEx_PeriphCLKConfig
    main.o(i.SystemClock_Config) refers to main.o(i.Error_Handler) for Error_Handler
    main.o(i.User_Init) refers to led.o(i.LED_Init) for LED_Init
    main.o(i.User_Init) refers to led.o(i.LED_Init_Task) for LED_Init_Task
    main.o(i.User_Init) refers to beep.o(i.Beep_Init) for Beep_Init
    main.o(i.User_Init) refers to key.o(i.Key_Init) for Key_Init
    main.o(i.User_Init) refers to remote_adc.o(i.Remote_ADC_Init) for Remote_ADC_Init
    main.o(i.User_Init) refers to menusetting.o(i.MenuInit) for MenuInit
    main.o(i.main) refers to stm32f1xx_hal.o(i.HAL_Init) for HAL_Init
    main.o(i.main) refers to main.o(i.SystemClock_Config) for SystemClock_Config
    main.o(i.main) refers to gpio.o(i.MX_GPIO_Init) for MX_GPIO_Init
    main.o(i.main) refers to dma.o(i.MX_DMA_Init) for MX_DMA_Init
    main.o(i.main) refers to adc.o(i.MX_ADC1_Init) for MX_ADC1_Init
    main.o(i.main) refers to spi.o(i.MX_SPI1_Init) for MX_SPI1_Init
    main.o(i.main) refers to usart.o(i.MX_USART1_UART_Init) for MX_USART1_UART_Init
    main.o(i.main) refers to tim.o(i.MX_TIM4_Init) for MX_TIM4_Init
    main.o(i.main) refers to tim.o(i.MX_TIM3_Init) for MX_TIM3_Init
    main.o(i.main) refers to usb_device.o(i.MX_USB_DEVICE_Init) for MX_USB_DEVICE_Init
    main.o(i.main) refers to oled_driver.o(i.OLED_Init) for OLED_Init
    main.o(i.main) refers to oled.o(i.OLED_ShowImage) for OLED_ShowImage
    main.o(i.main) refers to oled_driver.o(i.OLED_Update) for OLED_Update
    main.o(i.main) refers to main.o(i.User_Init) for User_Init
    main.o(i.main) refers to stm32f1xx_hal.o(i.HAL_Delay) for HAL_Delay
    main.o(i.main) refers to oled.o(i.OLED_Clear) for OLED_Clear
    main.o(i.main) refers to remote_adc.o(i.Read_joystick) for Read_joystick
    main.o(i.main) refers to my_display.o(i.Remote_ADC_DisplayFunc) for Remote_ADC_DisplayFunc
    main.o(i.main) refers to usbd_customhid.o(i.USBD_CUSTOM_HID_SendReport) for USBD_CUSTOM_HID_SendReport
    main.o(i.main) refers to main.o(.constdata) for .constdata
    main.o(i.main) refers to tim.o(.data) for main_1ms_flag
    main.o(i.main) refers to remote_adc.o(.data) for gamepad_report
    main.o(i.main) refers to usb_device.o(.bss) for hUsbDeviceFS
    gpio.o(i.MX_GPIO_Init) refers to stm32f1xx_hal_gpio.o(i.HAL_GPIO_WritePin) for HAL_GPIO_WritePin
    gpio.o(i.MX_GPIO_Init) refers to stm32f1xx_hal_gpio.o(i.HAL_GPIO_Init) for HAL_GPIO_Init
    adc.o(i.HAL_ADC_MspDeInit) refers to stm32f1xx_hal_gpio.o(i.HAL_GPIO_DeInit) for HAL_GPIO_DeInit
    adc.o(i.HAL_ADC_MspDeInit) refers to stm32f1xx_hal_dma.o(i.HAL_DMA_DeInit) for HAL_DMA_DeInit
[...]
    i.USBD_GetDescriptor                     0x08003f98   Section        0  usbd_ctlreq.o(i.USBD_GetDescriptor)
    USBD_GetDescriptor                       0x08003f99   Thumb Code   426  usbd_ctlreq.o(i.USBD_GetDescriptor)
    i.USBD_GetLen                            0x08004142   Section        0  usbd_ctlreq.o(i.USBD_GetLen)
    USBD_GetLen                              0x08004143   Thumb Code    24  usbd_ctlreq.o(i.USBD_GetLen)
    i.USBD_GetStatus                         0x0800415a   Section        0  usbd_ctlreq.o(i.USBD_GetStatus)
    USBD_GetStatus                           0x0800415b   Thumb Code    54  usbd_ctlreq.o(i.USBD_GetStatus)
    i.USBD_GetString                         0x08004190   Section        0  usbd_ctlreq.o(i.USBD_GetString)
    i.USBD_Get_USB_Status                    0x080041d4   Section        0  usbd_conf.o(i.USBD_Get_USB_Status)
    USBD_Get_USB_Status                      0x080041d5   Thumb Code    36  usbd_conf.o(i.USBD_Get_USB_Status)
    i.USBD_Init                              0x080041f8   Section        0  usbd_core.o(i.USBD_Init)
    i.USBD_LL_ClearStallEP                   0x08004224   Section        0  usbd_conf.o(i.USBD_LL_ClearStallEP)
    i.USBD_LL_CloseEP                        0x08004236   Section        0  usbd_conf.o(i.USBD_LL_CloseEP)
    i.USBD_LL_DataInStage                    0x08004248   Section        0  usbd_core.o(i.USBD_LL_DataInStage)
    i.USBD_LL_DataOutStage                   0x0800431e   Section        0  usbd_core.o(i.USBD_LL_DataOutStage)
    i.USBD_LL_Init                           0x080043a8   Section        0  usbd_conf.o(i.USBD_LL_Init)
    i.USBD_LL_IsStallEP                      0x08004418   Section        0  usbd_conf.o(i.USBD_LL_IsStallEP)
    i.USBD_LL_OpenEP                         0x08004438   Section        0  usbd_conf.o(i.USBD_LL_OpenEP)
    i.USBD_LL_PrepareReceive                 0x08004450   Section        0  usbd_conf.o(i.USBD_LL_PrepareReceive)
    i.USBD_LL_Reset                          0x08004462   Section        0  usbd_core.o(i.USBD_LL_Reset)
    i.USBD_LL_Resume                         0x080044b4   Section        0  usbd_core.o(i.USBD_LL_Resume)
    i.USBD_LL_SOF                            0x080044c8   Section        0  usbd_core.o(i.USBD_LL_SOF)
    i.USBD_LL_SetSpeed                       0x080044e0   Section        0  usbd_core.o(i.USBD_LL_SetSpeed)
    i.USBD_LL_SetUSBAddress                  0x080044e6   Section        0  usbd_conf.o(i.USBD_LL_SetUSBAddress)
    i.USBD_LL_SetupStage                     0x080044f8   Section        0  usbd_core.o(i.USBD_LL_SetupStage)
    i.USBD_LL_StallEP                        0x08004556   Section        0  usbd_conf.o(i.USBD_LL_StallEP)
    i.USBD_LL_Start                          0x08004568   Section        0  usbd_conf.o(i.USBD_LL_Start)
    i.USBD_LL_Suspend                        0x0800457a   Section        0  usbd_core.o(i.USBD_LL_Suspend)
    i.USBD_LL_Transmit                       0x0800458c   Section        0  usbd_conf.o(i.USBD_LL_Transmit)
    i.USBD_ParseSetupRequest                 0x0800459e   Section        0  usbd_ctlreq.o(i.USBD_ParseSetupRequest)
    i.USBD_RegisterClass                     0x080045c6   Section        0  usbd_core.o(i.USBD_RegisterClass)
    i.USBD_RunTestMode                       0x080045d8   Section        0  usbd_core.o(i.USBD_RunTestMode)
    i.USBD_SetAddress                        0x080045dc   Section        0  usbd_ctlreq.o(i.USBD_SetAddress)
    USBD_SetAddress                          0x080045dd   Thumb Code    88  usbd_ctlreq.o(i.USBD_SetAddress)
    i.USBD_SetClassConfig                    0x08004634   Section        0  usbd_core.o(i.USBD_SetClassConfig)
    i.USBD_SetConfig                         0x0800464c   Section        0  usbd_ctlreq.o(i.USBD_SetConfig)
    USBD_SetConfig                           0x0800464d   Thumb Code   198  usbd_ctlreq.o(i.USBD_SetConfig)
    i.USBD_SetFeature                        0x08004718   Section        0  usbd_ctlreq.o(i.USBD_SetFeature)
    USBD_SetFeature                          0x08004719   Thumb Code    16  usbd_ctlreq.o(i.USBD_SetFeature)
    i.USBD_Start                             0x08004728   Section        0  usbd_core.o(i.USBD_Start)
    i.USBD_StdDevReq                         0x08004732   Section        0  usbd_ctlreq.o(i.USBD_StdDevReq)
    i.USBD_StdEPReq                          0x080047b2   Section        0  usbd_ctlreq.o(i.USBD_StdEPReq)
    i.USBD_StdItfReq                         0x080049a2   Section        0  usbd_ctlreq.o(i.USBD_StdItfReq)
    i.USBD_static_free                       0x08004a0c   Section        0  usbd_conf.o(i.USBD_static_free)
    i.USBD_static_malloc                     0x08004a10   Section        0  usbd_conf.o(i.USBD_static_malloc)
    i.USB_ActivateEndpoint                   0x08004a18   Section        0  stm32f1xx_ll_usb.o(i.USB_ActivateEndpoint)
    i.USB_CoreInit                           0x08004cb4   Section        0  stm32f1xx_ll_usb.o(i.USB_CoreInit)
    i.USB_DeactivateEndpoint                 0x08004cb8   Section        0  stm32f1xx_ll_usb.o(i.USB_DeactivateEndpoint)
    i.USB_DevConnect                         0x08004dc6   Section        0  stm32f1xx_ll_usb.o(i.USB_DevConnect)
    i.USB_DevDisconnect                      0x08004dca   Section        0  stm32f1xx_ll_usb.o(i.USB_DevDisconnect)
    i.USB_DevInit                            0x08004dce   Section        0  stm32f1xx_ll_usb.o(i.USB_DevInit)
    i.USB_DisableGlobalInt                   0x08004de0   Section        0  stm32f1xx_ll_usb.o(i.USB_DisableGlobalInt)
    i.USB_EP0_OutStart                       0x08004dee   Section        0  stm32f1xx_ll_usb.o(i.USB_EP0_OutStart)
    i.USB_EPClearStall                       0x08004df2   Section        0  stm32f1xx_ll_usb.o(i.USB_EPClearStall)
    i.USB_EPSetStall                         0x08004e6a   Section        0  stm32f1xx_ll_usb.o(i.USB_EPSetStall)
    i.USB_EPStartXfer                        0x08004e9c   Section        0  stm32f1xx_ll_usb.o(i.USB_EPStartXfer)
    i.USB_EnableGlobalInt                    0x0800537e   Section        0  stm32f1xx_ll_usb.o(i.USB_EnableGlobalInt)
    i.USB_LP_CAN1_RX0_IRQHandler             0x08005390   Section        0  stm32f1xx_it.o(i.USB_LP_CAN1_RX0_IRQHandler)
    i.USB_ReadInterrupts                     0x0800539c   Section        0  stm32f1xx_ll_usb.o(i.USB_ReadInterrupts)
    i.USB_ReadPMA                            0x080053a4   Section        0  stm32f1xx_ll_usb.o(i.USB_ReadPMA)
    i.USB_SetCurrentMode                     0x080053d0   Section        0  stm32f1xx_ll_usb.o(i.USB_SetCurrentMode)
    i.USB_SetDevAddress                      0x080053d4   Section        0  stm32f1xx_ll_usb.o(i.USB_SetDevAddress)
    i.USB_WritePMA                           0x080053e0   Section        0  stm32f1xx_ll_usb.o(i.USB_WritePMA)
    i.UsageFault_Handler                     0x08005406   Section        0  stm32f1xx_it.o(i.UsageFault_Handler)
    i.User_Init                              0x08005408   Section        0  main.o(i.User_Init)
    i.__NVIC_SetPriority                     0x08005426   Section        0  stm32f1xx_hal_cortex.o(i.__NVIC_SetPriority)
    __NVIC_SetPriority                       0x08005427   Thumb Code    32  stm32f1xx_hal_cortex.o(i.__NVIC_SetPriority)
    i.__scatterload_copy                     0x08005446   Section       14  handlers.o(i.__scatterload_copy)
    i.__scatterload_null                     0x08005454   Section        2  handlers.o(i.__scatterload_null)
    i.__scatterload_zeroinit                 0x08005456   Section       14  handlers.o(i.__scatterload_zeroinit)
    i.block_decrease                         0x08005464   Section        0  block.o(i.block_decrease)
    i.block_increase                         0x08005484   Section        0  block.o(i.block_increase)
    i.block_init                             0x080054b2   Section        0  block.o(i.block_init)
    i.main                                   0x080054d4   Section        0  main.o(i.main)
    i.set_branch                             0x08005564   Section        0  menucore.o(i.set_branch)
    i.set_node                               0x080055a8   Section        0  menucore.o(i.set_node)
    .constdata                               0x080055c6   Section      904  main.o(.constdata)
    .constdata                               0x0800594e   Section       18  stm32f1xx_hal_rcc.o(.constdata)
    aPredivFactorTable                       0x0800594e   Data           2  stm32f1xx_hal_rcc.o(.constdata)
    aPLLMULFactorTable                       0x08005950   Data          16  stm32f1xx_hal_rcc.o(.constdata)
    .constdata                               0x08005960   Section       18  stm32f1xx_hal_rcc_ex.o(.constdata)
    aPredivFactorTable                       0x08005960   Data           2  stm32f1xx_hal_rcc_ex.o(.constdata)
    aPLLMULFactorTable                       0x08005962   Data          16  stm32f1xx_hal_rcc_ex.o(.constdata)
    .constdata                               0x08005972   Section       16  system_stm32f1xx.o(.constdata)
    .constdata                               0x08005982   Section        8  system_stm32f1xx.o(.constdata)
    .constdata                               0x0800598c   Section       36  key.o(.constdata)
    Key_PORTS                                0x0800598c   Data          24  key.o(.constdata)
    Key_PINS                                 0x080059a4   Data          12  key.o(.constdata)
    .constdata                               0x080059b0   Section     2850  oled_fonts.o(.constdata)
    .constdata                               0x080064d2   Section     1520  oled_fonts.o(.constdata)
    .constdata                               0x08006ac2   Section     1330  oled_fonts.o(.constdata)
    .constdata                               0x08006ff4   Section      570  oled_fonts.o(.constdata)
    .data                                    0x20000000   Section        1  main.o(.data)
    .data                                    0x20000002   Section        4  tim.o(.data)
    ledState                                 0x20000003   Data           1  tim.o(.data)
    .data                                    0x20000008   Section       12  stm32f1xx_hal.o(.data)
    .data                                    0x20000014   Section        4  system_stm32f1xx.o(.data)
    .data                                    0x20000018   Section        6  key.o(.data)
    key_state                                0x20000018   Data           6  key.o(.data)
    .data                                    0x2000001e   Section        5  remote_adc.o(.data)
    .data                                    0x20000024   Section        4  oled_driver.o(.data)
    Last_OLED_ColorMode                      0x20000025   Data           1  oled_driver.o(.data)
    Last_Brightness                          0x20000026   Data           2  oled_driver.o(.data)
    .data                                    0x20000028   Section        6  menucore.o(.data)
    ErrorRecord                              0x20000028   Data           1  menucore.o(.data)
    NodeAllocHead                            0x2000002a   Data           2  menucore.o(.data)
    NodeBranchAllocHead                      0x2000002c   Data           2  menucore.o(.data)
    .data                                    0x20000030   Section        8  menuselector.o(.data)
    blk_length                               0x20000030   Data           2  menuselector.o(.data)
    .data                                    0x20000038   Section        4  menusetting.o(.data)
    .data                                    0x2000003c   Section       28  usbd_desc.o(.data)
    .data                                    0x20000058   Section       50  usbd_desc.o(.data)
    .data                                    0x2000008c   Section       57  usbd_custom_hid_if.o(.data)
    CUSTOM_HID_ReportDesc_FS                 0x2000008c   Data          57  usbd_custom_hid_if.o(.data)
    .data                                    0x200000c8   Section       16  usbd_custom_hid_if.o(.data)
    .data                                    0x200000d8   Section        1  usbd_ctlreq.o(.data)
    cfgidx                                   0x200000d8   Data           1  usbd_ctlreq.o(.data)
    .data                                    0x200000dc   Section       56  usbd_customhid.o(.data)
    .data                                    0x20000114   Section      154  usbd_customhid.o(.data)
    USBD_CUSTOM_HID_CfgFSDesc                0x20000114   Data          41  usbd_customhid.o(.data)
    USBD_CUSTOM_HID_CfgHSDesc                0x20000140   Data          41  usbd_customhid.o(.data)
    USBD_CUSTOM_HID_OtherSpeedCfgDesc        0x2000016c   Data          41  usbd_customhid.o(.data)
    USBD_CUSTOM_HID_Desc                     0x20000198   Data           9  usbd_customhid.o(.data)
    USBD_CUSTOM_HID_DeviceQualifierDesc      0x200001a4   Data          10  usbd_customhid.o(.data)
    .bss                                     0x200001b0   Section      128  adc.o(.bss)
    .bss                                     0x20000230   Section       88  spi.o(.bss)
    .bss                                     0x20000288   Section      144  tim.o(.bss)
    .bss                                     0x20000318   Section       72  usart.o(.bss)
    .bss                                     0x20000360   Section     1024  oled_driver.o(.bss)
    .bss                                     0x20000760   Section     5600  menucore.o(.bss)
    .bss                                     0x20001d40   Section      708  usb_device.o(.bss)
    .bss                                     0x20002004   Section      256  usbd_desc.o(.bss)
    .bss                                     0x20002104   Section      756  usbd_conf.o(.bss)
    mem                                      0x20002104   Data          28  usbd_conf.o(.bss)
    STACK                                    0x200023f8   Section     1024  startup_stm32f103xb.o(STACK)

    Global Symbols

    Symbol Name                              Value     Ov Type        Size  Object(Section)

    BuildAttributes$$THM_ISAv4$P$D$K$B$S$PE$A:L22UL41UL21$X:L11$S22US41US21$IEEE1$IW$USESV6$~STKCKD$USESV7$~SHL$OTIME$ROPI$IEEEX$EBA8$MICROLIB$REQ8$PRES8$EABIv2 0x00000000   Number         0  anon$$obj.o ABSOLUTE
    __ARM_use_no_argv                        0x00000000   Number         0  main.o ABSOLUTE
    _printf_a                                0x00000000   Number         0  stubs.o ABSOLUTE
    _printf_c                                0x00000000   Number         0  stubs.o ABSOLUTE
    _printf_charcount                        0x00000000   Number         0  stubs.o ABSOLUTE
    _printf_d                                0x00000000   Number         0  stubs.o ABSOLUTE
    _printf_e                                0x00000000   Number         0  stubs.o ABSOLUTE
    _printf_f                                0x00000000   Number         0  stubs.o ABSOLUTE
    _printf_flags                            0x00000000   Number         0  stubs.o ABSOLUTE
    _printf_fp_dec                           0x00000000   Number         0  stubs.o ABSOLUTE
    _printf_fp_hex                           0x00000000   Number         0  stubs.o ABSOLUTE
    _printf_g                                0x00000000   Number         0  stubs.o ABSOLUTE
    _printf_i                                0x00000000   Number         0  stubs.o ABSOLUTE
    _printf_int_dec                          0x00000000   Number         0  stubs.o ABSOLUTE
    _printf_l                                0x00000000   Number         0  stubs.o ABSOLUTE
    _printf_lc                               0x00000000   Number         0  stubs.o ABSOLUTE
    _printf_ll                               0x00000000   Number         0  stubs.o ABSOLUTE
    _printf_lld                              0x00000000   Number         0  stubs.o ABSOLUTE
    _printf_lli                              0x00000000   Number         0  stubs.o ABSOLUTE
    _printf_llo                              0x00000000   Number         0  stubs.o ABSOLUTE
    _printf_llu                              0x00000000   Number         0  stubs.o ABSOLUTE
    _printf_llx                              0x00000000   Number         0  stubs.o ABSOLUTE
    _printf_longlong_dec                     0x00000000   Number         0  stubs.o ABSOLUTE
    _printf_longlong_hex                     0x00000000   Number         0  stubs.o ABSOLUTE
    _printf_longlong_oct                     0x00000000   Number         0  stubs.o ABSOLUTE
    _printf_ls                               0x00000000   Number         0  stubs.o ABSOLUTE
    _printf_mbtowc                           0x00000000   Number         0  stubs.o ABSOLUTE
    _printf_n                                0x00000000   Number         0  stubs.o ABSOLUTE
    _printf_o                                0x00000000   Number         0  stubs.o ABSOLUTE
    _printf_p                                0x00000000   Number         0  stubs.o ABSOLUTE
    _printf_percent                          0x00000000   Number         0  stubs.o ABSOLUTE
    _printf_pre_padding                      0x00000000   Number         0  stubs.o ABSOLUTE
    _printf_return_value                     0x00000000   Number         0  stubs.o ABSOLUTE
    _printf_s                                0x00000000   Number         0  stubs.o ABSOLUTE
    _printf_sizespec                         0x00000000   Number         0  stubs.o ABSOLUTE
    _printf_str                              0x00000000   Number         0  stubs.o ABSOLUTE
    _printf_truncate_signed                  0x00000000   Number         0  stubs.o ABSOLUTE
    _printf_truncate_unsigned                0x00000000   Number         0  stubs.o ABSOLUTE
    _printf_u                                0x00000000   Number         0  stubs.o ABSOLUTE
    _printf_wc                               0x00000000   Number         0  stubs.o ABSOLUTE
    _printf_wctomb                           0x00000000   Number         0  stubs.o ABSOLUTE
    _printf_widthprec                        0x00000000   Number         0  stubs.o ABSOLUTE
    _printf_x                                0x00000000   Number         0  stubs.o ABSOLUTE
    __arm_fini_                               - Undefined Weak Reference
    __cpp_initialize__aeabi_                  - Undefined Weak Reference
    __cxa_finalize                            - Undefined Weak Reference
    _clock_init                               - Undefined Weak Reference
    _microlib_exit                            - Undefined Weak Reference
    __Vectors_Size                           0x000000ec   Number         0  startup_stm32f103xb.o ABSOLUTE
    __Vectors                                0x08000000   Data           4  startup_stm32f103xb.o(RESET)
    __Vectors_End                            0x080000ec   Data           0  startup_stm32f103xb.o(RESET)
    __main                                   0x080000ed   Thumb Code     0  entry.o(.ARM.Collect$$$$00000000)
    _main_stk                                0x080000ed   Thumb Code     0  entry2.o(.ARM.Collect$$$$00000001)
    _main_scatterload                        0x080000f1   Thumb Code     0  entry5.o(.ARM.Collect$$$$00000004)
    __main_after_scatterload                 0x080000f5   Thumb Code     0  entry5.o(.ARM.Collect$$$$00000004)
    _main_clock                              0x080000f5   Thumb Code     0  entry7b.o(.ARM.Collect$$$$00000008)
    _main_cpp_init                           0x080000f5   Thumb Code     0  entry8b.o(.ARM.Collect$$$$0000000A)
    _main_init                               0x080000f5   Thumb Code     0  entry9a.o(.ARM.Collect$$$$0000000B)
    __rt_lib_shutdown_fini                   0x080000fd   Thumb Code     0  entry12b.o(.ARM.Collect$$$$0000000E)
    __rt_final_cpp                           0x08000101   Thumb Code     0  entry10a.o(.ARM.Collect$$$$0000000F)
    __rt_final_exit                          0x08000101   Thumb Code     0  entry11a.o(.ARM.Collect$$$$00000011)
    Reset_Handler                            0x08000105   Thumb Code     8  startup_stm32f103xb.o(.text)
    ADC1_2_IRQHandler                        0x0800011f   Thumb Code     0  startup_stm32f103xb.o(.text)
    CAN1_RX1_IRQHandler                      0x0800011f   Thumb Code     0  startup_stm32f103xb.o(.text)
    CAN1_SCE_IRQHandler                      0x0800011f   Thumb Code     0  startup_stm32f103xb.o(.text)
    DMA1_Channel2_IRQHandler                 0x0800011f   Thumb Code     0  startup_stm32f103xb.o(.text)
    DMA1_Channel3_IRQHandler                 0x0800011f   Thumb Code     0  startup_stm32f103xb.o(.text)
    DMA1_Channel4_IRQHandler                 0x0800011f   Thumb Code     0  startup_stm32f103xb.o(.text)
    DMA1_Channel5_IRQHandler                 0x0800011f   Thumb Code     0  startup_stm32f103xb.o(.text)
    DMA1_Channel6_IRQHandler                 0x0800011f   Thumb Code     0  startup_stm32f103xb.o(.text)
    DMA1_Channel7_IRQHandler                 0x0800011f   Thumb Code     0  startup_stm32f103xb.o(.text)
    EXTI0_IRQHandler                         0x0800011f   Thumb Code     0  startup_stm32f103xb.o(.text)
    EXTI15_10_IRQHandler                     0x0800011f   Thumb Code     0  startup_stm32f103xb.o(.text)
    EXTI1_IRQHandler                         0x0800011f   Thumb Code     0  startup_stm32f103xb.o(.text)
    EXTI2_IRQHandler                         0x0800011f   Thumb Code     0  startup_stm32f103xb.o(.text)
    EXTI3_IRQHandler                         0x0800011f   Thumb Code     0  startup_stm32f103xb.o(.text)
    EXTI4_IRQHandler                         0x0800011f   Thumb Code     0  startup_stm32f103xb.o(.text)
    EXTI9_5_IRQHandler                       0x0800011f   Thumb Code     0  startup_stm32f103xb.o(.text)
    FLASH_IRQHandler                         0x0800011f   Thumb Code     0  startup_stm32f103xb.o(.text)
    I2C1_ER_IRQHandler                       0x0800011f   Thumb Code     0  startup_stm32f103xb.o(.text)
    I2C1_EV_IRQHandler                       0x0800011f   Thumb Code     0  startup_stm32f103xb.o(.text)
    I2C2_ER_IRQHandler                       0x0800011f   Thumb Code     0  startup_stm32f103xb.o(.text)
    I2C2_EV_IRQHandler                       0x0800011f   Thumb Code     0  startup_stm32f103xb.o(.text)
    PVD_IRQHandler                           0x0800011f   Thumb Code     0  startup_stm32f103xb.o(.text)
    RCC_IRQHandler                           0x0800011f   Thumb Code     0  startup_stm32f103xb.o(.text)
    RTC_Alarm_IRQHandler                     0x0800011f   Thumb Code     0  startup_stm32f103xb.o(.text)
    RTC_IRQHandler                           0x0800011f   Thumb Code     0  startup_stm32f103xb.o(.text)
    SPI1_IRQHandler                          0x0800011f   Thumb Code     0  startup_stm32f103xb.o(.text)
    SPI2_IRQHandler                          0x0800011f   Thumb Code     0  startup_stm32f103xb.o(.text)
    TAMPER_IRQHandler                        0x0800011f   Thumb Code     0  startup_stm32f103xb.o(.text)
    TIM1_BRK_IRQHandler                      0x0800011f   Thumb Code     0  startup_stm32f103xb.o(.text)
    TIM1_CC_IRQHandler                       0x0800011f   Thumb Code     0  startup_stm32f103xb.o(.text)
    TIM1_TRG_COM_IRQHandler                  0x0800011f   Thumb Code     0  startup_stm32f103xb.o(.text)
    TIM1_UP_IRQHandler                       0x0800011f   Thumb Code     0  startup_stm32f103xb.o(.text)
    TIM2_IRQHandler                          0x0800011f   Thumb Code     0  startup_stm32f103xb.o(.text)
    TIM4_IRQHandler                          0x0800011f   Thumb Code     0  startup_stm32f103xb.o(.text)
    USART1_IRQHandler                        0x0800011f   Thumb Code     0  startup_stm32f103xb.o(.text)
    USART2_IRQHandler                        0x0800011f   Thumb Code     0  startup_stm32f103xb.o(.text)
    USART3_IRQHandler                        0x0800011f   Thumb Code     0  startup_stm32f103xb.o(.text)
    USBWakeUp_IRQHandler                     0x0800011f   Thumb Code     0  startup_stm32f103xb.o(.text)
    USB_HP_CAN1_TX_IRQHandler                0x0800011f   Thumb Code     0  startup_stm32f103xb.o(.text)
    WWDG_IRQHandler                          0x0800011f   Thumb Code     0  startup_stm32f103xb.o(.text)
    __aeabi_memset                           0x08000129   Thumb Code    14  memseta.o(.text)
    __aeabi_memset4                          0x08000129   Thumb Code     0  memseta.o(.text)
    __aeabi_memset8                          0x08000129   Thumb Code     0  memseta.o(.text)
    __aeabi_memclr                           0x08000137   Thumb Code     4  memseta.o(.text)
    __aeabi_memclr4                          0x08000137   Thumb Code     0  memseta.o(.text)
    __aeabi_memclr8                          0x08000137   Thumb Code     0  memseta.o(.text)
    _memset$wrapper                          0x0800013b   Thumb Code    18  memseta.o(.text)
    __scatterload                            0x0800014d   Thumb Code    28  init.o(.text)
    __scatterload_rt2                        0x0800014d   Thumb Code     0  init.o(.text)
    __decompress                             0x08000171   Thumb Code     0  __dczerorl2.o(.text)
    __decompress1                            0x08000171   Thumb Code    86  __dczerorl2.o(.text)
    ADC_ConversionStop_Disable               0x080001c9   Thumb Code    86  stm32f1xx_hal_adc.o(i.ADC_ConversionStop_Disable)
    ADC_DMAConvCplt                          0x0800021f   Thumb Code    78  stm32f1xx_hal_adc.o(i.ADC_DMAConvCplt)
    ADC_DMAError                             0x0800026d   Thumb Code    26  stm32f1xx_hal_adc.o(i.ADC_DMAError)
    ADC_DMAHalfConvCplt                      0x08000287   Thumb Code    10  stm32f1xx_hal_adc.o(i.ADC_DMAHalfConvCplt)
    ADC_Enable                               0x08000291   Thumb Code   114  stm32f1xx_hal_adc.o(i.ADC_Enable)
    Beep_Init                                0x0800030d   Thumb Code     2  beep.o(i.Beep_Init)
    BusFault_Handler                         0x0800030f   Thumb Code     2  stm32f1xx_it.o(i.BusFault_Handler)
    DMA1_Channel1_IRQHandler                 0x0800031d   Thumb Code     6  stm32f1xx_it.o(i.DMA1_Channel1_IRQHandler)
    DebugMon_Handler                         0x08000353   Thumb Code     2  stm32f1xx_it.o(i.DebugMon_Handler)
    Error_Handler                            0x08000355   Thumb Code    32  main.o(i.Error_Handler)
    HAL_ADCEx_Calibration_Start              0x080003ad   Thumb Code   210  stm32f1xx_hal_adc_ex.o(i.HAL_ADCEx_Calibration_Start)
    HAL_ADC_ConfigChannel                    0x08000485   Thumb Code   240  stm32f1xx_hal_adc.o(i.HAL_ADC_ConfigChannel)
    HAL_ADC_ConvCpltCallback                 0x08000581   Thumb Code     2  stm32f1xx_hal_adc.o(i.HAL_ADC_ConvCpltCallback)
    HAL_ADC_ConvHalfCpltCallback             0x08000583   Thumb Code     2  stm32f1xx_hal_adc.o(i.HAL_ADC_ConvHalfCpltCallback)
    HAL_ADC_ErrorCallback                    0x08000585   Thumb Code     2  stm32f1xx_hal_adc.o(i.HAL_ADC_ErrorCallback)
    HAL_ADC_Init                             0x08000589   Thumb Code   272  stm32f1xx_hal_adc.o(i.HAL_ADC_Init)
    HAL_ADC_MspInit                          0x080006a5   Thumb Code   154  adc.o(i.HAL_ADC_MspInit)
    HAL_ADC_Start_DMA                        0x08000759   Thumb Code   246  stm32f1xx_hal_adc.o(i.HAL_ADC_Start_DMA)
    HAL_DMA_IRQHandler                       0x08000865   Thumb Code   316  stm32f1xx_hal_dma.o(i.HAL_DMA_IRQHandler)
    HAL_DMA_Init                             0x080009b9   Thumb Code    84  stm32f1xx_hal_dma.o(i.HAL_DMA_Init)
    HAL_DMA_Start_IT                         0x08000a15   Thumb Code   112  stm32f1xx_hal_dma.o(i.HAL_DMA_Start_IT)
    HAL_Delay                                0x08000a85   Thumb Code    32  stm32f1xx_hal.o(i.HAL_Delay)
    HAL_GPIO_Init                            0x08000aa9   Thumb Code   446  stm32f1xx_hal_gpio.o(i.HAL_GPIO_Init)
    HAL_GPIO_ReadPin                         0x08000c89   Thumb Code    10  stm32f1xx_hal_gpio.o(i.HAL_GPIO_ReadPin)
    HAL_GPIO_WritePin                        0x08000c93   Thumb Code    10  stm32f1xx_hal_gpio.o(i.HAL_GPIO_WritePin)
    HAL_GetTick                              0x08000c9d   Thumb Code     6  stm32f1xx_hal.o(i.HAL_GetTick)
    HAL_IncTick                              0x08000ca9   Thumb Code    12  stm32f1xx_hal.o(i.HAL_IncTick)
    HAL_Init                                 0x08000cb9   Thumb Code    32  stm32f1xx_hal.o(i.HAL_Init)
    HAL_InitTick                             0x08000cdd   Thumb Code    54  stm32f1xx_hal.o(i.HAL_InitTick)
    HAL_MspInit                              0x08000d1d   Thumb Code    52  stm32f1xx_hal_msp.o(i.HAL_MspInit)
    HAL_NVIC_EnableIRQ                       0x08000d59   Thumb Code    26  stm32f1xx_hal_cortex.o(i.HAL_NVIC_EnableIRQ)
    HAL_NVIC_SetPriority                     0x08000d75   Thumb Code    60  stm32f1xx_hal_cortex.o(i.HAL_NVIC_SetPriority)
    HAL_NVIC_SetPriorityGrouping             0x08000db5   Thumb Code    26  stm32f1xx_hal_cortex.o(i.HAL_NVIC_SetPriorityGrouping)
    HAL_PCDEx_PMAConfig                      0x08000dd9   Thumb Code    60  stm32f1xx_hal_pcd_ex.o(i.HAL_PCDEx_PMAConfig)
    HAL_PCDEx_SetConnectionState             0x08000e15   Thumb Code     2  usbd_conf.o(i.HAL_PCDEx_SetConnectionState)
    HAL_PCD_DataInStageCallback              0x08000e17   Thumb Code    18  usbd_conf.o(i.HAL_PCD_DataInStageCallback)
    HAL_PCD_DataOutStageCallback             0x08000e29   Thumb Code    20  usbd_conf.o(i.HAL_PCD_DataOutStageCallback)
    HAL_PCD_EP_Close                         0x08000e3d   Thumb Code    74  stm32f1xx_hal_pcd.o(i.HAL_PCD_EP_Close)
    HAL_PCD_EP_ClrStall                      0x08000e87   Thumb Code    90  stm32f1xx_hal_pcd.o(i.HAL_PCD_EP_ClrStall)
    HAL_PCD_EP_Open                          0x080012ff   Thumb Code    88  stm32f1xx_hal_pcd.o(i.HAL_PCD_EP_Open)
    HAL_PCD_EP_Receive                       0x08001357   Thumb Code    46  stm32f1xx_hal_pcd.o(i.HAL_PCD_EP_Receive)
    HAL_PCD_EP_SetStall                      0x08001385   Thumb Code   112  stm32f1xx_hal_pcd.o(i.HAL_PCD_EP_SetStall)
    HAL_PCD_EP_Transmit                      0x080013f5   Thumb Code    46  stm32f1xx_hal_pcd.o(i.HAL_PCD_EP_Transmit)
    HAL_PCD_IRQHandler                       0x08001425   Thumb Code   308  stm32f1xx_hal_pcd.o(i.HAL_PCD_IRQHandler)
    HAL_PCD_Init                             0x08001559   Thumb Code   186  stm32f1xx_hal_pcd.o(i.HAL_PCD_Init)
    HAL_PCD_MspInit                          0x08001615   Thumb Code    54  usbd_conf.o(i.HAL_PCD_MspInit)
    HAL_PCD_ResetCallback                    0x08001651   Thumb Code    38  usbd_conf.o(i.HAL_PCD_ResetCallback)
    HAL_PCD_ResumeCallback                   0x08001677   Thumb Code     8  usbd_conf.o(i.HAL_PCD_ResumeCallback)
    HAL_PCD_SOFCallback                      0x0800167f   Thumb Code     8  usbd_conf.o(i.HAL_PCD_SOFCallback)
    HAL_PCD_SetAddress                       0x08001687   Thumb Code    38  stm32f1xx_hal_pcd.o(i.HAL_PCD_SetAddress)
    HAL_PCD_SetupStageCallback               0x080016ad   Thumb Code    14  usbd_conf.o(i.HAL_PCD_SetupStageCallback)
    HAL_PCD_Start                            0x080016bb   Thumb Code    50  stm32f1xx_hal_pcd.o(i.HAL_PCD_Start)
    HAL_PCD_SuspendCallback                  0x080016ed   Thumb Code    30  usbd_conf.o(i.HAL_PCD_SuspendCallback)
    HAL_RCCEx_GetPeriphCLKFreq               0x08001711   Thumb Code   148  stm32f1xx_hal_rcc_ex.o(i.HAL_RCCEx_GetPeriphCLKFreq)
    HAL_RCCEx_PeriphCLKConfig                0x080017b5   Thumb Code   224  stm32f1xx_hal_rcc_ex.o(i.HAL_RCCEx_PeriphCLKConfig)
    HAL_RCC_ClockConfig                      0x080018a1   Thumb Code   280  stm32f1xx_hal_rcc.o(i.HAL_RCC_ClockConfig)
    HAL_RCC_GetPCLK1Freq                     0x080019cd   Thumb Code    20  stm32f1xx_hal_rcc.o(i.HAL_RCC_GetPCLK1Freq)
    HAL_RCC_GetPCLK2Freq                     0x080019ed   Thumb Code    20  stm32f1xx_hal_rcc.o(i.HAL_RCC_GetPCLK2Freq)
    HAL_RCC_GetSysClockFreq                  0x08001a0d   Thumb Code    58  stm32f1xx_hal_rcc.o(i.HAL_RCC_GetSysClockFreq)
    HAL_RCC_OscConfig                        0x08001a59   Thumb Code   778  stm32f1xx_hal_rcc.o(i.HAL_RCC_OscConfig)
    HAL_SPI_Init                             0x08001d79   Thumb Code   178  stm32f1xx_hal_spi.o(i.HAL_SPI_Init)
    HAL_SPI_MspInit                          0x08001e2d   Thumb Code    98  spi.o(i.HAL_SPI_MspInit)
    HAL_SYSTICK_Config                       0x08001e9d   Thumb Code    40  stm32f1xx_hal_cortex.o(i.HAL_SYSTICK_Config)
    HAL_TIMEx_BreakCallback                  0x08001ec5   Thumb Code     2  stm32f1xx_hal_tim_ex.o(i.HAL_TIMEx_BreakCallback)
    HAL_TIMEx_CommutCallback                 0x08001ec7   Thumb Code     2  stm32f1xx_hal_tim_ex.o(i.HAL_TIMEx_CommutCallback)
    HAL_TIMEx_MasterConfigSynchronization    0x08001ec9   Thumb Code    92  stm32f1xx_hal_tim_ex.o(i.HAL_TIMEx_MasterConfigSynchronization)
    HAL_TIM_Base_Init                        0x08001f31   Thumb Code    90  stm32f1xx_hal_tim.o(i.HAL_TIM_Base_Init)
    HAL_TIM_Base_MspInit                     0x08001f8d   Thumb Code    72  tim.o(i.HAL_TIM_Base_MspInit)
    HAL_TIM_Base_Start                       0x08001fe1   Thumb Code    66  stm32f1xx_hal_tim.o(i.HAL_TIM_Base_Start)
    HAL_TIM_Base_Start_IT                    0x08002031   Thumb Code    76  stm32f1xx_hal_tim.o(i.HAL_TIM_Base_Start_IT)
    HAL_TIM_ConfigClockSource                0x08002089   Thumb Code   220  stm32f1xx_hal_tim.o(i.HAL_TIM_ConfigClockSource)
    HAL_TIM_IC_CaptureCallback               0x08002165   Thumb Code     2  stm32f1xx_hal_tim.o(i.HAL_TIM_IC_CaptureCallback)
    HAL_TIM_IRQHandler                       0x08002167   Thumb Code   304  stm32f1xx_hal_tim.o(i.HAL_TIM_IRQHandler)
    HAL_TIM_OC_DelayElapsedCallback          0x08002297   Thumb Code     2  stm32f1xx_hal_tim.o(i.HAL_TIM_OC_DelayElapsedCallback)
    HAL_TIM_PWM_ConfigChannel                0x08002299   Thumb Code   204  stm32f1xx_hal_tim.o(i.HAL_TIM_PWM_ConfigChannel)
    HAL_TIM_PWM_Init                         0x08002365   Thumb Code    90  stm32f1xx_hal_tim.o(i.HAL_TIM_PWM_Init)
    HAL_TIM_PWM_MspInit                      0x080023bf   Thumb Code     2  stm32f1xx_hal_tim.o(i.HAL_TIM_PWM_MspInit)
    HAL_TIM_PWM_PulseFinishedCallback        0x080023c1   Thumb Code     2  stm32f1xx_hal_tim.o(i.HAL_TIM_PWM_PulseFinishedCallback)
    HAL_TIM_PWM_Start                        0x080023c5   Thumb Code   144  stm32f1xx_hal_tim.o(i.HAL_TIM_PWM_Start)
    HAL_TIM_PeriodElapsedCallback            0x08002461   Thumb Code    98  tim.o(i.HAL_TIM_PeriodElapsedCallback)
    HAL_TIM_TriggerCallback                  0x080024d1   Thumb Code     2  stm32f1xx_hal_tim.o(i.HAL_TIM_TriggerCallback)
    HAL_UART_Init                            0x080024d3   Thumb Code   100  stm32f1xx_hal_uart.o(i.HAL_UART_Init)
    HAL_UART_MspInit                         0x08002539   Thumb Code   100  usart.o(i.HAL_UART_MspInit)
    HardFault_Handler                        0x080025a9   Thumb Code     2  stm32f1xx_it.o(i.HardFault_Handler)
    Key_Handler                              0x080025e9   Thumb Code    32  key.o(i.Key_Handler)
    Key_Init                                 0x08002609   Thumb Code     2  key.o(i.Key_Init)
    Key_Scan                                 0x0800260d   Thumb Code   120  key.o(i.Key_Scan)
    LED_GetState                             0x0800268d   Thumb Code    46  led.o(i.LED_GetState)
    LED_Init                                 0x080026c1   Thumb Code     2  led.o(i.LED_Init)
    LED_Init_Task                            0x080026c3   Thumb Code    52  led.o(i.LED_Init_Task)
    LED_Toggle                               0x080026f9   Thumb Code    60  led.o(i.LED_Toggle)
    LED_TurnFunc                             0x08002739   Thumb Code    26  menusetting.o(i.LED_TurnFunc)
    MX_ADC1_Init                             0x08002755   Thumb Code   180  adc.o(i.MX_ADC1_Init)
    MX_DMA_Init                              0x08002811   Thumb Code    40  dma.o(i.MX_DMA_Init)
    MX_GPIO_Init                             0x0800283d   Thumb Code   256  gpio.o(i.MX_GPIO_Init)
    MX_SPI1_Init                             0x0800294d   Thumb Code    62  spi.o(i.MX_SPI1_Init)
    MX_TIM3_Init                             0x08002995   Thumb Code   108  tim.o(i.MX_TIM3_Init)
    MX_TIM4_Init                             0x08002a09   Thumb Code   174  tim.o(i.MX_TIM4_Init)
    MX_USART1_UART_Init                      0x08002ac1   Thumb Code    48  usart.o(i.MX_USART1_UART_Init)
    MX_USB_DEVICE_Init                       0x08002af9   Thumb Code    66  usb_device.o(i.MX_USB_DEVICE_Init)
    MemManage_Handler                        0x08002b4d   Thumb Code     2  stm32f1xx_it.o(i.MemManage_Handler)
    MenuInit                                 0x08002b51   Thumb Code   214  menusetting.o(i.MenuInit)
    NMI_Handler                              0x08002c79   Thumb Code     2  stm32f1xx_it.o(i.NMI_Handler)
    NodeAlloc                                0x08002c7d   Thumb Code    36  menucore.o(i.NodeAlloc)
    NodeBranchAlloc                          0x08002ca9   Thumb Code    38  menucore.o(i.NodeBranchAlloc)
    OLED_Brightness                          0x08002cd9   Thumb Code    48  oled_driver.o(i.OLED_Brightness)
    OLED_Clear                               0x08002d0d   Thumb Code    34  oled.o(i.OLED_Clear)
    OLED_ClearArea                           0x08002d35   Thumb Code   122  oled.o(i.OLED_ClearArea)
    OLED_I2C_Init                            0x08002db5   Thumb Code    28  oled_driver.o(i.OLED_I2C_Init)
    OLED_I2C_SendByte                        0x08002dd5   Thumb Code    94  oled_driver.o(i.OLED_I2C_SendByte)
    OLED_I2C_Start                           0x08002e39   Thumb Code    52  oled_driver.o(i.OLED_I2C_Start)
    OLED_I2C_Stop                            0x08002e71   Thumb Code    42  oled_driver.o(i.OLED_I2C_Stop)
    OLED_Init                                0x08002ea1   Thumb Code   216  oled_driver.o(i.OLED_Init)
    OLED_Pow                                 0x08002f79   Thumb Code    14  oled.o(i.OLED_Pow)
    OLED_SetCursor                           0x08002f87   Thumb Code    34  oled_driver.o(i.OLED_SetCursor)
    OLED_ShowChar                            0x08002fa9   Thumb Code   104  oled.o(i.OLED_ShowChar)
    OLED_ShowImage                           0x08003021   Thumb Code   328  oled.o(i.OLED_ShowImage)
    OLED_ShowSignedNum                       0x0800316d   Thumb Code    94  oled.o(i.OLED_ShowSignedNum)
    OLED_ShowString                          0x080031cb   Thumb Code    44  oled.o(i.OLED_ShowString)
    OLED_Update                              0x080031f9   Thumb Code    34  oled_driver.o(i.OLED_Update)
    OLED_WriteDataArr                        0x08003221   Thumb Code    48  oled_driver.o(i.OLED_WriteDataArr)
    OLED_Write_CMD                           0x08003251   Thumb Code    34  oled_driver.o(i.OLED_Write_CMD)
    PendSV_Handler                           0x08003619   Thumb Code     2  stm32f1xx_it.o(i.PendSV_Handler)
    Read_joystick                            0x0800361d   Thumb Code    58  remote_adc.o(i.Read_joystick)
    Remote_ADC_DisplayFunc                   0x0800365d   Thumb Code   136  my_display.o(i.Remote_ADC_DisplayFunc)
    Remote_ADC_Init                          0x08003709   Thumb Code    18  remote_adc.o(i.Remote_ADC_Init)
    SVC_Handler                              0x08003721   Thumb Code     2  stm32f1xx_it.o(i.SVC_Handler)
    SelectDOWN                               0x08003725   Thumb Code    10  menuselector.o(i.SelectDOWN)
    SelectINorRUN                            0x08003735   Thumb Code    52  menuselector.o(i.SelectINorRUN)
    SelectOut                                0x0800376d   Thumb Code    20  menuselector.o(i.SelectOut)
    SelectUP                                 0x08003785   Thumb Code    10  menuselector.o(i.SelectUP)
    SysTick_Handler                          0x08003795   Thumb Code     4  stm32f1xx_it.o(i.SysTick_Handler)
    SystemClock_Config                       0x08003799   Thumb Code   112  main.o(i.SystemClock_Config)
    SystemInit                               0x08003809   Thumb Code     2  system_stm32f1xx.o(i.SystemInit)
    TIM3_IRQHandler                          0x0800380d   Thumb Code     6  stm32f1xx_it.o(i.TIM3_IRQHandler)
    TIM_Base_SetConfig                       0x08003819   Thumb Code   108  stm32f1xx_hal_tim.o(i.TIM_Base_SetConfig)
    TIM_CCxChannelCmd                        0x08003891   Thumb Code    26  stm32f1xx_hal_tim.o(i.TIM_CCxChannelCmd)
    TIM_ETR_SetConfig                        0x080038ab   Thumb Code    20  stm32f1xx_hal_tim.o(i.TIM_ETR_SetConfig)
    TIM_OC2_SetConfig                        0x08003921   Thumb Code    84  stm32f1xx_hal_tim.o(i.TIM_OC2_SetConfig)
    USBD_CUSTOM_HID_RegisterInterface        0x08003c25   Thumb Code    16  usbd_customhid.o(i.USBD_CUSTOM_HID_RegisterInterface)
    USBD_CUSTOM_HID_SendReport               0x08003c35   Thumb Code    52  usbd_customhid.o(i.USBD_CUSTOM_HID_SendReport)
    USBD_ClrClassConfig                      0x08003d91   Thumb Code    14  usbd_core.o(i.USBD_ClrClassConfig)
    USBD_CtlContinueRx                       0x08003dc5   Thumb Code    16  usbd_ioreq.o(i.USBD_CtlContinueRx)
    USBD_CtlContinueSendData                 0x08003dd5   Thumb Code    16  usbd_ioreq.o(i.USBD_CtlContinueSendData)
    USBD_CtlError                            0x08003de5   Thumb Code    24  usbd_ctlreq.o(i.USBD_CtlError)
    USBD_CtlPrepareRx                        0x08003dfd   Thumb Code    30  usbd_ioreq.o(i.USBD_CtlPrepareRx)
    USBD_CtlReceiveStatus                    0x08003e1b   Thumb Code    22  usbd_ioreq.o(i.USBD_CtlReceiveStatus)
    USBD_CtlSendData                         0x08003e31   Thumb Code    26  usbd_ioreq.o(i.USBD_CtlSendData)
    USBD_CtlSendStatus                       0x08003e4b   Thumb Code    22  usbd_ioreq.o(i.USBD_CtlSendStatus)
    USBD_FS_ConfigStrDescriptor              0x08003e61   Thumb Code    32  usbd_desc.o(i.USBD_FS_ConfigStrDescriptor)
    USBD_FS_DeviceDescriptor                 0x08003e99   Thumb Code     8  usbd_desc.o(i.USBD_FS_DeviceDescriptor)
    USBD_FS_InterfaceStrDescriptor           0x08003ea5   Thumb Code    32  usbd_desc.o(i.USBD_FS_InterfaceStrDescriptor)
    USBD_FS_LangIDStrDescriptor              0x08003ee1   Thumb Code     8  usbd_desc.o(i.USBD_FS_LangIDStrDescriptor)
    USBD_FS_ManufacturerStrDescriptor        0x08003eed   Thumb Code    16  usbd_desc.o(i.USBD_FS_ManufacturerStrDescriptor)
    USBD_FS_ProductStrDescriptor             0x08003f15   Thumb Code    32  usbd_desc.o(i.USBD_FS_ProductStrDescriptor)
    USBD_FS_SerialStrDescriptor              0x08003f51   Thumb Code    14  usbd_desc.o(i.USBD_FS_SerialStrDescriptor)
    USBD_GetString                           0x08004191   Thumb Code    68  usbd_ctlreq.o(i.USBD_GetString)
    USBD_Init                                0x080041f9   Thumb Code    44  usbd_core.o(i.USBD_Init)
    USBD_LL_ClearStallEP                     0x08004225   Thumb Code    18  usbd_conf.o(i.USBD_LL_ClearStallEP)
    USBD_LL_CloseEP                          0x08004237   Thumb Code    18  usbd_conf.o(i.USBD_LL_CloseEP)
    USBD_LL_DataInStage                      0x08004249   Thumb Code   214  usbd_core.o(i.USBD_LL_DataInStage)
    USBD_LL_DataOutStage                     0x0800431f   Thumb Code   138  usbd_core.o(i.USBD_LL_DataOutStage)
    USBD_LL_Init                             0x080043a9   Thumb Code   104  usbd_conf.o(i.USBD_LL_Init)
    USBD_LL_IsStallEP                        0x08004419   Thumb Code    32  usbd_conf.o(i.USBD_LL_IsStallEP)
    USBD_LL_OpenEP                           0x08004439   Thumb Code    24  usbd_conf.o(i.USBD_LL_OpenEP)
    USBD_LL_PrepareReceive                   0x08004451   Thumb Code    18  usbd_conf.o(i.USBD_LL_PrepareReceive)
    USBD_LL_Reset                            0x08004463   Thumb Code    82  usbd_core.o(i.USBD_LL_Reset)
    USBD_LL_Resume                           0x080044b5   Thumb Code    20  usbd_core.o(i.USBD_LL_Resume)
    USBD_LL_SOF                              0x080044c9   Thumb Code    24  usbd_core.o(i.USBD_LL_SOF)
    USBD_LL_SetSpeed                         0x080044e1   Thumb Code     6  usbd_core.o(i.USBD_LL_SetSpeed)
    USBD_LL_SetUSBAddress                    0x080044e7   Thumb Code    18  usbd_conf.o(i.USBD_LL_SetUSBAddress)
    USBD_LL_SetupStage                       0x080044f9   Thumb Code    94  usbd_core.o(i.USBD_LL_SetupStage)
    USBD_LL_StallEP                          0x08004557   Thumb Code    18  usbd_conf.o(i.USBD_LL_StallEP)
    USBD_LL_Start                            0x08004569   Thumb Code    18  usbd_conf.o(i.USBD_LL_Start)
    USBD_LL_Suspend                          0x0800457b   Thumb Code    18  usbd_core.o(i.USBD_LL_Suspend)
    USBD_LL_Transmit                         0x0800458d   Thumb Code    18  usbd_conf.o(i.USBD_LL_Transmit)
    USBD_ParseSetupRequest                   0x0800459f   Thumb Code    40  usbd_ctlreq.o(i.USBD_ParseSetupRequest)
    USBD_RegisterClass                       0x080045c7   Thumb Code    18  usbd_core.o(i.USBD_RegisterClass)
    USBD_RunTestMode                         0x080045d9   Thumb Code     4  usbd_core.o(i.USBD_RunTestMode)
    USBD_SetClassConfig                      0x08004635   Thumb Code    24  usbd_core.o(i.USBD_SetClassConfig)
    USBD_Start                               0x08004729   Thumb Code    10  usbd_core.o(i.USBD_Start)
    USBD_StdDevReq                           0x08004733   Thumb Code   128  usbd_ctlreq.o(i.USBD_StdDevReq)
    USBD_StdEPReq                            0x080047b3   Thumb Code   496  usbd_ctlreq.o(i.USBD_StdEPReq)
    USBD_StdItfReq                           0x080049a3   Thumb Code   106  usbd_ctlreq.o(i.USBD_StdItfReq)
    USBD_static_free                         0x08004a0d   Thumb Code     2  usbd_conf.o(i.USBD_static_free)
    USBD_static_malloc                       0x08004a11   Thumb Code     4  usbd_conf.o(i.USBD_static_malloc)
    USB_ActivateEndpoint                     0x08004a19   Thumb Code   668  stm32f1xx_ll_usb.o(i.USB_ActivateEndpoint)
    USB_CoreInit                             0x08004cb5   Thumb Code     4  stm32f1xx_ll_usb.o(i.USB_CoreInit)
    USB_DeactivateEndpoint                   0x08004cb9   Thumb Code   270  stm32f1xx_ll_usb.o(i.USB_DeactivateEndpoint)
    USB_DevConnect                           0x08004dc7   Thumb Code     4  stm32f1xx_ll_usb.o(i.USB_DevConnect)
    USB_DevDisconnect                        0x08004dcb   Thumb Code     4  stm32f1xx_ll_usb.o(i.USB_DevDisconnect)
    USB_DevInit                              0x08004dcf   Thumb Code    18  stm32f1xx_ll_usb.o(i.USB_DevInit)
    USB_DisableGlobalInt                     0x08004de1   Thumb Code    14  stm32f1xx_ll_usb.o(i.USB_DisableGlobalInt)
    USB_EP0_OutStart                         0x08004def   Thumb Code     4  stm32f1xx_ll_usb.o(i.USB_EP0_OutStart)
    USB_EPClearStall                         0x08004df3   Thumb Code   120  stm32f1xx_ll_usb.o(i.USB_EPClearStall)
    USB_EPSetStall                           0x08004e6b   Thumb Code    50  stm32f1xx_ll_usb.o(i.USB_EPSetStall)
    USB_EPStartXfer                          0x08004e9d   Thumb Code  1250  stm32f1xx_ll_usb.o(i.USB_EPStartXfer)
    USB_EnableGlobalInt                      0x0800537f   Thumb Code    18  stm32f1xx_ll_usb.o(i.USB_EnableGlobalInt)
    USB_LP_CAN1_RX0_IRQHandler               0x08005391   Thumb Code     6  stm32f1xx_it.o(i.USB_LP_CAN1_RX0_IRQHandler)
    USB_ReadInterrupts                       0x0800539d   Thumb Code     6  stm32f1xx_ll_usb.o(i.USB_ReadInterrupts)
    USB_ReadPMA                              0x080053a5   Thumb Code    44  stm32f1xx_ll_usb.o(i.USB_ReadPMA)
    USB_SetCurrentMode                       0x080053d1   Thumb Code     4  stm32f1xx_ll_usb.o(i.USB_SetCurrentMode)
    USB_SetDevAddress                        0x080053d5   Thumb Code    12  stm32f1xx_ll_usb.o(i.USB_SetDevAddress)
    USB_WritePMA                             0x080053e1   Thumb Code    38  stm32f1xx_ll_usb.o(i.USB_WritePMA)
    UsageFault_Handler                       0x08005407   Thumb Code     2  stm32f1xx_it.o(i.UsageFault_Handler)
    User_Init                                0x08005409   Thumb Code    30  main.o(i.User_Init)
    __scatterload_copy                       0x08005447   Thumb Code    14  handlers.o(i.__scatterload_copy)
    __scatterload_null                       0x08005455   Thumb Code     2  handlers.o(i.__scatterload_null)
    __scatterload_zeroinit                   0x08005457   Thumb Code    14  handlers.o(i.__scatterload_zeroinit)
    block_decrease                           0x08005465   Thumb Code    32  block.o(i.block_decrease)
    block_increase                           0x08005485   Thumb Code    46  block.o(i.block_increase)
    block_init                               0x080054b3   Thumb Code    32  block.o(i.block_init)
    main                                     0x080054d5   Thumb Code   126  main.o(i.main)
    set_branch                               0x08005565   Thumb Code    68  menucore.o(i.set_branch)
    set_node                                 0x080055a9   Thumb Code    30  menucore.o(i.set_node)
    XY_LOGO_Font                             0x080055c6   Data         904  main.o(.constdata)
    AHBPrescTable                            0x08005972   Data          16  system_stm32f1xx.o(.constdata)
    APBPrescTable                            0x08005982   Data           8  system_stm32f1xx.o(.constdata)
    OLED_F10x20                              0x080059b0   Data        2850  oled_fonts.o(.constdata)
    OLED_F8x16                               0x080064d2   Data        1520  oled_fonts.o(.constdata)
    OLED_F7x12                               0x08006ac2   Data        1330  oled_fonts.o(.constdata)
    OLED_F6x8                                0x08006ff4   Data         570  oled_fonts.o(.constdata)
    Region$$Table$$Base                      0x08007230   Number         0  anon$$obj.o(Region$$Table)
    Region$$Table$$Limit                     0x08007250   Number         0  anon$$obj.o(Region$$Table)
    Read_key                                 0x20000000   Data           1  main.o(.data)
    main_1ms_flag                            0x20000002   Data           1  tim.o(.data)
    System_1MS                               0x20000004   Data           2  tim.o(.data)
    uwTickFreq                               0x20000008   Data           1  stm32f1xx_hal.o(.data)
    uwTickPrio                               0x2000000c   Data           4  stm32f1xx_hal.o(.data)
    uwTick                                   0x20000010   Data           4  stm32f1xx_hal.o(.data)
    SystemCoreClock                          0x20000014   Data           4  system_stm32f1xx.o(.data)
    gamepad_report                           0x2000001e   Data           5  remote_adc.o(.data)
    OLED_ColorMode                           0x20000024   Data           1  oled_driver.o(.data)
    Selector                                 0x20000034   Data           4  menuselector.o(.data)
    rootNode                                 0x20000038   Data           4  menusetting.o(.data)
    FS_Desc                                  0x2000003c   Data          28  usbd_desc.o(.data)
    USBD_LangIDDesc                          0x20000058   Data           4  usbd_desc.o(.data)
    USBD_FS_DeviceDesc                       0x2000005c   Data          18  usbd_desc.o(.data)
    USBD_StringSerial                        0x20000070   Data          26  usbd_desc.o(.data)
    USBD_CustomHID_fops_FS                   0x200000c8   Data          16  usbd_custom_hid_if.o(.data)
    USBD_CUSTOM_HID                          0x200000dc   Data          56  usbd_customhid.o(.data)
    ADC_Buf                                  0x200001b0   Data          10  adc.o(.bss)
    hadc1                                    0x200001bc   Data          48  adc.o(.bss)
    hdma_adc1                                0x200001ec   Data          68  adc.o(.bss)
    hspi1                                    0x20000230   Data          88  spi.o(.bss)
    htim3                                    0x20000288   Data          72  tim.o(.bss)
    htim4                                    0x200002d0   Data          72  tim.o(.bss)
    huart1                                   0x20000318   Data          72  usart.o(.bss)
    OLED_DisplayBuf                          0x20000360   Data        1024  oled_driver.o(.bss)
    NodeArr                                  0x20000760   Data        3600  menucore.o(.bss)
    NodeBranchArr                            0x20001570   Data        2000  menucore.o(.bss)
    hUsbDeviceFS                             0x20001d40   Data         708  usb_device.o(.bss)
    USBD_StrDesc                             0x20002004   Data         256  usbd_desc.o(.bss)
    hpcd_USB_FS                              0x20002120   Data         728  usbd_conf.o(.bss)
    __initial_sp                             0x200027f8   Data           0  startup_stm32f103xb.o(STACK)



==============================================================================

Memory Map of the image

  Image Entry point : 0x080000ed

  Load Region LR_IROM1 (Base: 0x08000000, Size: 0x00007400, Max: 0x00010000, ABSOLUTE, COMPRESSED[0x00007320])

    Execution Region ER_IROM1 (Exec base: 0x08000000, Load base: 0x08000000, Size: 0x00007250, Max: 0x00010000, ABSOLUTE)

    Exec Addr    Load Addr    Size         Type   Attr      Idx    E Section Name        Object

    0x08000000   0x08000000   0x000000ec   Data   RO            3    RESET               startup_stm32f103xb.o
    0x080000ec   0x080000ec   0x00000000   Code   RO         5916  * .ARM.Collect$$$$00000000  mc_w.l(entry.o)
    0x080000ec   0x080000ec   0x00000004   Code   RO         6266    .ARM.Collect$$$$00000001  mc_w.l(entry2.o)
    0x080000f0   0x080000f0   0x00000004   Code   RO         6269    .ARM.Collect$$$$00000004  mc_w.l(entry5.o)
    0x080000f4   0x080000f4   0x00000000   Code   RO         6271    .ARM.Collect$$$$00000008  mc_w.l(entry7b.o)
    0x080000f4   0x080000f4   0x00000000   Code   RO         6273    .ARM.Collect$$$$0000000A  mc_w.l(entry8b.o)
    0x080000f4   0x080000f4   0x00000008   Code   RO         6274    .ARM.Collect$$$$0000000B  mc_w.l(entry9a.o)
    0x080000fc   0x080000fc   0x00000004   Code   RO         6281    .ARM.Collect$$$$0000000E  mc_w.l(entry12b.o)
    0x08000100   0x08000100   0x00000000   Code   RO         6276    .ARM.Collect$$$$0000000F  mc_w.l(entry10a.o)
    0x08000100   0x08000100   0x00000000   Code   RO         6278    .ARM.Collect$$$$00000011  mc_w.l(entry11a.o)
    0x08000100   0x08000100   0x00000004   Code   RO         6267    .ARM.Collect$$$$00002712  mc_w.l(entry2.o)
    0x08000104   0x08000104   0x00000024   Code   RO            4    .text               startup_stm32f103xb.o
    0x08000128   0x08000128   0x00000024   Code   RO         5923    .text               mc_w.l(memseta.o)
    0x0800014c   0x0800014c   0x00000024   Code   RO         6313    .text               mc_w.l(init.o)
    0x08000170   0x08000170   0x00000056   Code   RO         6327    .text               mc_w.l(__dczerorl2.o)
    0x080001c6   0x080001c6   0x00000002   PAD
    0x080001c8   0x080001c8   0x00000056   Code   RO         2116    i.ADC_ConversionStop_Disable  stm32f1xx_hal_adc.o
    0x0800021e   0x0800021e   0x0000004e   Code   RO         2117    i.ADC_DMAConvCplt   stm32f1xx_hal_adc.o
    0x0800026c   0x0800026c   0x0000001a   Code   RO         2118    i.ADC_DMAError      stm32f1xx_hal_adc.o
    0x08000286   0x08000286   0x0000000a   Code   RO         2119    i.ADC_DMAHalfConvCplt  stm32f1xx_hal_adc.o
    0x08000290   0x08000290   0x0000007c   Code   RO         2120    i.ADC_Enable        stm32f1xx_hal_adc.o
    0x0800030c   0x0800030c   0x00000002   Code   RO         4088    i.Beep_Init         beep.o
    0x0800030e   0x0800030e   0x00000002   Code   RO          520    i.BusFault_Handler  stm32f1xx_it.o
    0x08000310   0x08000310   0x00000004   Code   RO         5260    i.CUSTOM_HID_DeInit_FS  usbd_custom_hid_if.o
    0x08000314   0x08000314   0x00000004   Code   RO         5261    i.CUSTOM_HID_Init_FS  usbd_custom_hid_if.o
    0x08000318   0x08000318   0x00000004   Code   RO         5262    i.CUSTOM_HID_OutEvent_FS  usbd_custom_hid_if.o
    0x0800031c   0x0800031c   0x0000000c   Code   RO          521    i.DMA1_Channel1_IRQHandler  stm32f1xx_it.o
    0x08000328   0x08000328   0x0000002a   Code   RO         1519    i.DMA_SetConfig     stm32f1xx_hal_dma.o
    0x08000352   0x08000352   0x00000002   Code   RO          522    i.DebugMon_Handler  stm32f1xx_it.o
    0x08000354   0x08000354   0x00000020   Code   RO           13    i.Error_Handler     main.o
    0x08000374   0x08000374   0x00000038   Code   RO         5176    i.Get_SerialNum     usbd_desc.o
    0x080003ac   0x080003ac   0x000000d8   Code   RO         2296    i.HAL_ADCEx_Calibration_Start  stm32f1xx_hal_adc_ex.o
    0x08000484   0x08000484   0x000000fc   Code   RO         2122    i.HAL_ADC_ConfigChannel  stm32f1xx_hal_adc.o
    0x08000580   0x08000580   0x00000002   Code   RO         2123    i.HAL_ADC_ConvCpltCallback  stm32f1xx_hal_adc.o
    0x08000582   0x08000582   0x00000002   Code   RO         2124    i.HAL_ADC_ConvHalfCpltCallback  stm32f1xx_hal_adc.o
    0x08000584   0x08000584   0x00000002   Code   RO         2126    i.HAL_ADC_ErrorCallback  stm32f1xx_hal_adc.o
    0x08000586   0x08000586   0x00000002   PAD
    0x08000588   0x08000588   0x0000011c   Code   RO         2131    i.HAL_ADC_Init      stm32f1xx_hal_adc.o
    0x080006a4   0x080006a4   0x000000b4   Code   RO          299    i.HAL_ADC_MspInit   adc.o
    0x08000758   0x08000758   0x0000010c   Code   RO         2138    i.HAL_ADC_Start_DMA  stm32f1xx_hal_adc.o
    0x08000864   0x08000864   0x00000154   Code   RO         1525    i.HAL_DMA_IRQHandler  stm32f1xx_hal_dma.o
    0x080009b8   0x080009b8   0x0000005c   Code   RO         1526    i.HAL_DMA_Init      stm32f1xx_hal_dma.o
    0x08000a14   0x08000a14   0x00000070   Code   RO         1530    i.HAL_DMA_Start_IT  stm32f1xx_hal_dma.o
    0x08000a84   0x08000a84   0x00000024   Code   RO         1146    i.HAL_Delay         stm32f1xx_hal.o
    0x08000aa8   0x08000aa8   0x000001e0   Code   RO         1456    i.HAL_GPIO_Init     stm32f1xx_hal_gpio.o
    0x08000c88   0x08000c88   0x0000000a   Code   RO         1458    i.HAL_GPIO_ReadPin  stm32f1xx_hal_gpio.o
    0x08000c92   0x08000c92   0x0000000a   Code   RO         1460    i.HAL_GPIO_WritePin  stm32f1xx_hal_gpio.o
    0x08000c9c   0x08000c9c   0x0000000c   Code   RO         1150    i.HAL_GetTick       stm32f1xx_hal.o
    0x08000ca8   0x08000ca8   0x00000010   Code   RO         1156    i.HAL_IncTick       stm32f1xx_hal.o
    0x08000cb8   0x08000cb8   0x00000024   Code   RO         1157    i.HAL_Init          stm32f1xx_hal.o
    0x08000cdc   0x08000cdc   0x00000040   Code   RO         1158    i.HAL_InitTick      stm32f1xx_hal.o
    0x08000d1c   0x08000d1c   0x0000003c   Code   RO          614    i.HAL_MspInit       stm32f1xx_hal_msp.o
    0x08000d58   0x08000d58   0x0000001a   Code   RO         1616    i.HAL_NVIC_EnableIRQ  stm32f1xx_hal_cortex.o
    0x08000d72   0x08000d72   0x00000002   PAD
    0x08000d74   0x08000d74   0x00000040   Code   RO         1622    i.HAL_NVIC_SetPriority  stm32f1xx_hal_cortex.o
    0x08000db4   0x08000db4   0x00000024   Code   RO         1623    i.HAL_NVIC_SetPriorityGrouping  stm32f1xx_hal_cortex.o
    0x08000dd8   0x08000dd8   0x0000003c   Code   RO          913    i.HAL_PCDEx_PMAConfig  stm32f1xx_hal_pcd_ex.o
    0x08000e14   0x08000e14   0x00000002   Code   RO         5301    i.HAL_PCDEx_SetConnectionState  usbd_conf.o
    0x08000e16   0x08000e16   0x00000012   Code   RO         5303    i.HAL_PCD_DataInStageCallback  usbd_conf.o
    0x08000e28   0x08000e28   0x00000014   Code   RO         5304    i.HAL_PCD_DataOutStageCallback  usbd_conf.o
    0x08000e3c   0x08000e3c   0x0000004a   Code   RO          684    i.HAL_PCD_EP_Close  stm32f1xx_hal_pcd.o
    0x08000e86   0x08000e86   0x0000005a   Code   RO          685    i.HAL_PCD_EP_ClrStall  stm32f1xx_hal_pcd.o
    0x08000ee0   0x08000ee0   0x000000e6   Code   RO          686    i.HAL_PCD_EP_DB_Receive  stm32f1xx_hal_pcd.o
    0x08000fc6   0x08000fc6   0x00000338   Code   RO          687    i.HAL_PCD_EP_DB_Transmit  stm32f1xx_hal_pcd.o
    0x080012fe   0x080012fe   0x00000058   Code   RO          690    i.HAL_PCD_EP_Open   stm32f1xx_hal_pcd.o
    0x08001356   0x08001356   0x0000002e   Code   RO          691    i.HAL_PCD_EP_Receive  stm32f1xx_hal_pcd.o
    0x08001384   0x08001384   0x00000070   Code   RO          692    i.HAL_PCD_EP_SetStall  stm32f1xx_hal_pcd.o
    0x080013f4   0x080013f4   0x0000002e   Code   RO          693    i.HAL_PCD_EP_Transmit  stm32f1xx_hal_pcd.o
    0x08001422   0x08001422   0x00000002   PAD
    0x08001424   0x08001424   0x00000134   Code   RO          695    i.HAL_PCD_IRQHandler  stm32f1xx_hal_pcd.o
    0x08001558   0x08001558   0x000000ba   Code   RO          698    i.HAL_PCD_Init      stm32f1xx_hal_pcd.o
    0x08001612   0x08001612   0x00000002   PAD
    0x08001614   0x08001614   0x0000003c   Code   RO         5309    i.HAL_PCD_MspInit   usbd_conf.o
    0x08001650   0x08001650   0x00000026   Code   RO         5310    i.HAL_PCD_ResetCallback  usbd_conf.o
    0x08001676   0x08001676   0x00000008   Code   RO         5311    i.HAL_PCD_ResumeCallback  usbd_conf.o
    0x0800167e   0x0800167e   0x00000008   Code   RO         5312    i.HAL_PCD_SOFCallback  usbd_conf.o
    0x08001686   0x08001686   0x00000026   Code   RO          704    i.HAL_PCD_SetAddress  stm32f1xx_hal_pcd.o
    0x080016ac   0x080016ac   0x0000000e   Code   RO         5313    i.HAL_PCD_SetupStageCallback  usbd_conf.o
    0x080016ba   0x080016ba   0x00000032   Code   RO          706    i.HAL_PCD_Start     stm32f1xx_hal_pcd.o
    0x080016ec   0x080016ec   0x00000024   Code   RO         5314    i.HAL_PCD_SuspendCallback  usbd_conf.o
    0x08001710   0x08001710   0x000000a4   Code   RO         1417    i.HAL_RCCEx_GetPeriphCLKFreq  stm32f1xx_hal_rcc_ex.o
    0x080017b4   0x080017b4   0x000000ec   Code   RO         1418    i.HAL_RCCEx_PeriphCLKConfig  stm32f1xx_hal_rcc_ex.o
    0x080018a0   0x080018a0   0x0000012c   Code   RO         1314    i.HAL_RCC_ClockConfig  stm32f1xx_hal_rcc.o
    0x080019cc   0x080019cc   0x00000020   Code   RO         1321    i.HAL_RCC_GetPCLK1Freq  stm32f1xx_hal_rcc.o
    0x080019ec   0x080019ec   0x00000020   Code   RO         1322    i.HAL_RCC_GetPCLK2Freq  stm32f1xx_hal_rcc.o
    0x08001a0c   0x08001a0c   0x0000004c   Code   RO         1323    i.HAL_RCC_GetSysClockFreq  stm32f1xx_hal_rcc.o
    0x08001a58   0x08001a58   0x00000320   Code   RO         1326    i.HAL_RCC_OscConfig  stm32f1xx_hal_rcc.o
    0x08001d78   0x08001d78   0x000000b2   Code   RO         2403    i.HAL_SPI_Init      stm32f1xx_hal_spi.o
    0x08001e2a   0x08001e2a   0x00000002   PAD
    0x08001e2c   0x08001e2c   0x00000070   Code   RO          365    i.HAL_SPI_MspInit   spi.o
    0x08001e9c   0x08001e9c   0x00000028   Code   RO         1627    i.HAL_SYSTICK_Config  stm32f1xx_hal_cortex.o
    0x08001ec4   0x08001ec4   0x00000002   Code   RO         3420    i.HAL_TIMEx_BreakCallback  stm32f1xx_hal_tim_ex.o
    0x08001ec6   0x08001ec6   0x00000002   Code   RO         3421    i.HAL_TIMEx_CommutCallback  stm32f1xx_hal_tim_ex.o
    0x08001ec8   0x08001ec8   0x00000068   Code   RO         3439    i.HAL_TIMEx_MasterConfigSynchronization  stm32f1xx_hal_tim_ex.o
    0x08001f30   0x08001f30   0x0000005a   Code   RO         2716    i.HAL_TIM_Base_Init  stm32f1xx_hal_tim.o
    0x08001f8a   0x08001f8a   0x00000002   PAD
    0x08001f8c   0x08001f8c   0x00000054   Code   RO          407    i.HAL_TIM_Base_MspInit  tim.o
    0x08001fe0   0x08001fe0   0x00000050   Code   RO         2719    i.HAL_TIM_Base_Start  stm32f1xx_hal_tim.o
    0x08002030   0x08002030   0x00000058   Code   RO         2721    i.HAL_TIM_Base_Start_IT  stm32f1xx_hal_tim.o
    0x08002088   0x08002088   0x000000dc   Code   RO         2725    i.HAL_TIM_ConfigClockSource  stm32f1xx_hal_tim.o
    0x08002164   0x08002164   0x00000002   Code   RO         2750    i.HAL_TIM_IC_CaptureCallback  stm32f1xx_hal_tim.o
    0x08002166   0x08002166   0x00000130   Code   RO         2764    i.HAL_TIM_IRQHandler  stm32f1xx_hal_tim.o
    0x08002296   0x08002296   0x00000002   Code   RO         2767    i.HAL_TIM_OC_DelayElapsedCallback  stm32f1xx_hal_tim.o
    0x08002298   0x08002298   0x000000cc   Code   RO         2788    i.HAL_TIM_PWM_ConfigChannel  stm32f1xx_hal_tim.o
    0x08002364   0x08002364   0x0000005a   Code   RO         2791    i.HAL_TIM_PWM_Init  stm32f1xx_hal_tim.o
    0x080023be   0x080023be   0x00000002   Code   RO         2793    i.HAL_TIM_PWM_MspInit  stm32f1xx_hal_tim.o
    0x080023c0   0x080023c0   0x00000002   Code   RO         2794    i.HAL_TIM_PWM_PulseFinishedCallback  stm32f1xx_hal_tim.o
    0x080023c2   0x080023c2   0x00000002   PAD
    0x080023c4   0x080023c4   0x0000009c   Code   RO         2796    i.HAL_TIM_PWM_Start  stm32f1xx_hal_tim.o
    0x08002460   0x08002460   0x00000070   Code   RO          408    i.HAL_TIM_PeriodElapsedCallback  tim.o
    0x080024d0   0x080024d0   0x00000002   Code   RO         2807    i.HAL_TIM_TriggerCallback  stm32f1xx_hal_tim.o
    0x080024d2   0x080024d2   0x00000064   Code   RO         3717    i.HAL_UART_Init     stm32f1xx_hal_uart.o
    0x08002536   0x08002536   0x00000002   PAD
    0x08002538   0x08002538   0x00000070   Code   RO          467    i.HAL_UART_MspInit  usart.o
    0x080025a8   0x080025a8   0x00000002   Code   RO          523    i.HardFault_Handler  stm32f1xx_it.o
    0x080025aa   0x080025aa   0x0000003e   Code   RO         5177    i.IntToUnicode      usbd_desc.o
    0x080025e8   0x080025e8   0x00000020   Code   RO         4133    i.Key_Handler       key.o
    0x08002608   0x08002608   0x00000002   Code   RO         4134    i.Key_Init          key.o
    0x0800260a   0x0800260a   0x00000002   PAD
    0x0800260c   0x0800260c   0x00000080   Code   RO         4135    i.Key_Scan          key.o
    0x0800268c   0x0800268c   0x00000034   Code   RO         4197    i.LED_GetState      led.o
    0x080026c0   0x080026c0   0x00000002   Code   RO         4198    i.LED_Init          led.o
    0x080026c2   0x080026c2   0x00000034   Code   RO         4199    i.LED_Init_Task     led.o
    0x080026f6   0x080026f6   0x00000002   PAD
    0x080026f8   0x080026f8   0x00000040   Code   RO         4200    i.LED_Toggle        led.o
    0x08002738   0x08002738   0x0000001a   Code   RO         5059    i.LED_TurnFunc      menusetting.o
    0x08002752   0x08002752   0x00000002   PAD
    0x08002754   0x08002754   0x000000bc   Code   RO          300    i.MX_ADC1_Init      adc.o
    0x08002810   0x08002810   0x0000002c   Code   RO          340    i.MX_DMA_Init       dma.o
    0x0800283c   0x0800283c   0x00000110   Code   RO          274    i.MX_GPIO_Init      gpio.o
    0x0800294c   0x0800294c   0x00000048   Code   RO          366    i.MX_SPI1_Init      spi.o
    0x08002994   0x08002994   0x00000074   Code   RO          409    i.MX_TIM3_Init      tim.o
    0x08002a08   0x08002a08   0x000000b8   Code   RO          410    i.MX_TIM4_Init      tim.o
    0x08002ac0   0x08002ac0   0x00000038   Code   RO          468    i.MX_USART1_UART_Init  usart.o
    0x08002af8   0x08002af8   0x00000054   Code   RO         5141    i.MX_USB_DEVICE_Init  usb_device.o
    0x08002b4c   0x08002b4c   0x00000002   Code   RO          524    i.MemManage_Handler  stm32f1xx_it.o
    0x08002b4e   0x08002b4e   0x00000002   PAD
    0x08002b50   0x08002b50   0x00000128   Code   RO         5060    i.MenuInit          menusetting.o
    0x08002c78   0x08002c78   0x00000002   Code   RO          525    i.NMI_Handler       stm32f1xx_it.o
    0x08002c7a   0x08002c7a   0x00000002   PAD
    0x08002c7c   0x08002c7c   0x0000002c   Code   RO         4955    i.NodeAlloc         menucore.o
    0x08002ca8   0x08002ca8   0x00000030   Code   RO         4956    i.NodeBranchAlloc   menucore.o
    0x08002cd8   0x08002cd8   0x00000034   Code   RO         4611    i.OLED_Brightness   oled_driver.o
    0x08002d0c   0x08002d0c   0x00000028   Code   RO         4295    i.OLED_Clear        oled.o
    0x08002d34   0x08002d34   0x00000080   Code   RO         4296    i.OLED_ClearArea    oled.o
    0x08002db4   0x08002db4   0x00000020   Code   RO         4616    i.OLED_I2C_Init     oled_driver.o
    0x08002dd4   0x08002dd4   0x00000064   Code   RO         4617    i.OLED_I2C_SendByte  oled_driver.o
    0x08002e38   0x08002e38   0x00000038   Code   RO         4618    i.OLED_I2C_Start    oled_driver.o
    0x08002e70   0x08002e70   0x00000030   Code   RO         4619    i.OLED_I2C_Stop     oled_driver.o
    0x08002ea0   0x08002ea0   0x000000d8   Code   RO         4620    i.OLED_Init         oled_driver.o
    0x08002f78   0x08002f78   0x0000000e   Code   RO         4307    i.OLED_Pow          oled.o
    0x08002f86   0x08002f86   0x00000022   Code   RO         4622    i.OLED_SetCursor    oled_driver.o
    0x08002fa8   0x08002fa8   0x00000078   Code   RO         4315    i.OLED_ShowChar     oled.o
    0x08003020   0x08003020   0x0000014c   Code   RO         4321    i.OLED_ShowImage    oled.o
    0x0800316c   0x0800316c   0x0000005e   Code   RO         4326    i.OLED_ShowSignedNum  oled.o
    0x080031ca   0x080031ca   0x0000002c   Code   RO         4327    i.OLED_ShowString   oled.o
    0x080031f6   0x080031f6   0x00000002   PAD
    0x080031f8   0x080031f8   0x00000028   Code   RO         4623    i.OLED_Update       oled_driver.o
    0x08003220   0x08003220   0x00000030   Code   RO         4625    i.OLED_WriteDataArr  oled_driver.o
    0x08003250   0x08003250   0x00000022   Code   RO         4626    i.OLED_Write_CMD    oled_driver.o
    0x08003272   0x08003272   0x000003a6   Code   RO          710    i.PCD_EP_ISR_Handler  stm32f1xx_hal_pcd.o
    0x08003618   0x08003618   0x00000002   Code   RO          526    i.PendSV_Handler    stm32f1xx_it.o
    0x0800361a   0x0800361a   0x00000002   PAD
    0x0800361c   0x0800361c   0x00000040   Code   RO         4248    i.Read_joystick     remote_adc.o
    0x0800365c   0x0800365c   0x000000ac   Code   RO         5117    i.Remote_ADC_DisplayFunc  my_display.o
    0x08003708   0x08003708   0x00000018   Code   RO         4249    i.Remote_ADC_Init   remote_adc.o
    0x08003720   0x08003720   0x00000002   Code   RO          527    i.SVC_Handler       stm32f1xx_it.o
    0x08003722   0x08003722   0x00000002   PAD
    0x08003724   0x08003724   0x00000010   Code   RO         5010    i.SelectDOWN        menuselector.o
    0x08003734   0x08003734   0x00000038   Code   RO         5011    i.SelectINorRUN     menuselector.o
    0x0800376c   0x0800376c   0x00000018   Code   RO         5012    i.SelectOut         menuselector.o
    0x08003784   0x08003784   0x00000010   Code   RO         5013    i.SelectUP          menuselector.o
    0x08003794   0x08003794   0x00000004   Code   RO          528    i.SysTick_Handler   stm32f1xx_it.o
    0x08003798   0x08003798   0x00000070   Code   RO           14    i.SystemClock_Config  main.o
    0x08003808   0x08003808   0x00000002   Code   RO         4051    i.SystemInit        system_stm32f1xx.o
    0x0800380a   0x0800380a   0x00000002   PAD
    0x0800380c   0x0800380c   0x0000000c   Code   RO          529    i.TIM3_IRQHandler   stm32f1xx_it.o
    0x08003818   0x08003818   0x00000078   Code   RO         2809    i.TIM_Base_SetConfig  stm32f1xx_hal_tim.o
    0x08003890   0x08003890   0x0000001a   Code   RO         2810    i.TIM_CCxChannelCmd  stm32f1xx_hal_tim.o
    0x080038aa   0x080038aa   0x00000014   Code   RO         2820    i.TIM_ETR_SetConfig  stm32f1xx_hal_tim.o
    0x080038be   0x080038be   0x00000010   Code   RO         2821    i.TIM_ITRx_SetConfig  stm32f1xx_hal_tim.o
    0x080038ce   0x080038ce   0x00000002   PAD
    0x080038d0   0x080038d0   0x00000050   Code   RO         2822    i.TIM_OC1_SetConfig  stm32f1xx_hal_tim.o
    0x08003920   0x08003920   0x00000058   Code   RO         2823    i.TIM_OC2_SetConfig  stm32f1xx_hal_tim.o
    0x08003978   0x08003978   0x00000058   Code   RO         2824    i.TIM_OC3_SetConfig  stm32f1xx_hal_tim.o
    0x080039d0   0x080039d0   0x00000044   Code   RO         2825    i.TIM_OC4_SetConfig  stm32f1xx_hal_tim.o
    0x08003a14   0x08003a14   0x00000022   Code   RO         2827    i.TIM_TI1_ConfigInputStage  stm32f1xx_hal_tim.o
    0x08003a36   0x08003a36   0x00000024   Code   RO         2829    i.TIM_TI2_ConfigInputStage  stm32f1xx_hal_tim.o
    0x08003a5a   0x08003a5a   0x00000002   PAD
    0x08003a5c   0x08003a5c   0x000000b8   Code   RO         3743    i.UART_SetConfig    stm32f1xx_hal_uart.o
    0x08003b14   0x08003b14   0x0000000c   Code   RO         5806    i.USBD_CUSTOM_HID_DataIn  usbd_customhid.o
    0x08003b20   0x08003b20   0x00000024   Code   RO         5807    i.USBD_CUSTOM_HID_DataOut  usbd_customhid.o
    0x08003b44   0x08003b44   0x0000003a   Code   RO         5808    i.USBD_CUSTOM_HID_DeInit  usbd_customhid.o
    0x08003b7e   0x08003b7e   0x00000022   Code   RO         5809    i.USBD_CUSTOM_HID_EP0_RxReady  usbd_customhid.o
    0x08003ba0   0x08003ba0   0x0000000c   Code   RO         5810    i.USBD_CUSTOM_HID_GetDeviceQualifierDesc  usbd_customhid.o
    0x08003bac   0x08003bac   0x0000000c   Code   RO         5811    i.USBD_CUSTOM_HID_GetFSCfgDesc  usbd_customhid.o
    0x08003bb8   0x08003bb8   0x0000000c   Code   RO         5812    i.USBD_CUSTOM_HID_GetHSCfgDesc  usbd_customhid.o
    0x08003bc4   0x08003bc4   0x0000000c   Code   RO         5813    i.USBD_CUSTOM_HID_GetOtherSpeedCfgDesc  usbd_customhid.o
    0x08003bd0   0x08003bd0   0x00000054   Code   RO         5814    i.USBD_CUSTOM_HID_Init  usbd_customhid.o
    0x08003c24   0x08003c24   0x00000010   Code   RO         5815    i.USBD_CUSTOM_HID_RegisterInterface  usbd_customhid.o
    0x08003c34   0x08003c34   0x00000034   Code   RO         5816    i.USBD_CUSTOM_HID_SendReport  usbd_customhid.o
    0x08003c68   0x08003c68   0x00000128   Code   RO         5817    i.USBD_CUSTOM_HID_Setup  usbd_customhid.o
    0x08003d90   0x08003d90   0x0000000e   Code   RO         5513    i.USBD_ClrClassConfig  usbd_core.o
    0x08003d9e   0x08003d9e   0x00000026   Code   RO         5651    i.USBD_ClrFeature   usbd_ctlreq.o
    0x08003dc4   0x08003dc4   0x00000010   Code   RO         5746    i.USBD_CtlContinueRx  usbd_ioreq.o
    0x08003dd4   0x08003dd4   0x00000010   Code   RO         5747    i.USBD_CtlContinueSendData  usbd_ioreq.o
    0x08003de4   0x08003de4   0x00000018   Code   RO         5652    i.USBD_CtlError     usbd_ctlreq.o
    0x08003dfc   0x08003dfc   0x0000001e   Code   RO         5748    i.USBD_CtlPrepareRx  usbd_ioreq.o
    0x08003e1a   0x08003e1a   0x00000016   Code   RO         5749    i.USBD_CtlReceiveStatus  usbd_ioreq.o
    0x08003e30   0x08003e30   0x0000001a   Code   RO         5750    i.USBD_CtlSendData  usbd_ioreq.o
    0x08003e4a   0x08003e4a   0x00000016   Code   RO         5751    i.USBD_CtlSendStatus  usbd_ioreq.o
    0x08003e60   0x08003e60   0x00000038   Code   RO         5178    i.USBD_FS_ConfigStrDescriptor  usbd_desc.o
    0x08003e98   0x08003e98   0x0000000c   Code   RO         5179    i.USBD_FS_DeviceDescriptor  usbd_desc.o
    0x08003ea4   0x08003ea4   0x0000003c   Code   RO         5180    i.USBD_FS_InterfaceStrDescriptor  usbd_desc.o
    0x08003ee0   0x08003ee0   0x0000000c   Code   RO         5181    i.USBD_FS_LangIDStrDescriptor  usbd_desc.o
    0x08003eec   0x08003eec   0x00000028   Code   RO         5182    i.USBD_FS_ManufacturerStrDescriptor  usbd_desc.o
    0x08003f14   0x08003f14   0x0000003c   Code   RO         5183    i.USBD_FS_ProductStrDescriptor  usbd_desc.o
    0x08003f50   0x08003f50   0x00000014   Code   RO         5184    i.USBD_FS_SerialStrDescriptor  usbd_desc.o
    0x08003f64   0x08003f64   0x00000034   Code   RO         5653    i.USBD_GetConfig    usbd_ctlreq.o
    0x08003f98   0x08003f98   0x000001aa   Code   RO         5654    i.USBD_GetDescriptor  usbd_ctlreq.o
    0x08004142   0x08004142   0x00000018   Code   RO         5655    i.USBD_GetLen       usbd_ctlreq.o
    0x0800415a   0x0800415a   0x00000036   Code   RO         5656    i.USBD_GetStatus    usbd_ctlreq.o
    0x08004190   0x08004190   0x00000044   Code   RO         5657    i.USBD_GetString    usbd_ctlreq.o
    0x080041d4   0x080041d4   0x00000024   Code   RO         5315    i.USBD_Get_USB_Status  usbd_conf.o
    0x080041f8   0x080041f8   0x0000002c   Code   RO         5515    i.USBD_Init         usbd_core.o
    0x08004224   0x08004224   0x00000012   Code   RO         5316    i.USBD_LL_ClearStallEP  usbd_conf.o
    0x08004236   0x08004236   0x00000012   Code   RO         5317    i.USBD_LL_CloseEP   usbd_conf.o
    0x08004248   0x08004248   0x000000d6   Code   RO         5516    i.USBD_LL_DataInStage  usbd_core.o
    0x0800431e   0x0800431e   0x0000008a   Code   RO         5517    i.USBD_LL_DataOutStage  usbd_core.o
    0x080043a8   0x080043a8   0x00000070   Code   RO         5322    i.USBD_LL_Init      usbd_conf.o
    0x08004418   0x08004418   0x00000020   Code   RO         5323    i.USBD_LL_IsStallEP  usbd_conf.o
    0x08004438   0x08004438   0x00000018   Code   RO         5324    i.USBD_LL_OpenEP    usbd_conf.o
    0x08004450   0x08004450   0x00000012   Code   RO         5325    i.USBD_LL_PrepareReceive  usbd_conf.o
    0x08004462   0x08004462   0x00000052   Code   RO         5522    i.USBD_LL_Reset     usbd_core.o
    0x080044b4   0x080044b4   0x00000014   Code   RO         5523    i.USBD_LL_Resume    usbd_core.o
    0x080044c8   0x080044c8   0x00000018   Code   RO         5524    i.USBD_LL_SOF       usbd_core.o
    0x080044e0   0x080044e0   0x00000006   Code   RO         5525    i.USBD_LL_SetSpeed  usbd_core.o
    0x080044e6   0x080044e6   0x00000012   Code   RO         5326    i.USBD_LL_SetUSBAddress  usbd_conf.o
    0x080044f8   0x080044f8   0x0000005e   Code   RO         5526    i.USBD_LL_SetupStage  usbd_core.o
    0x08004556   0x08004556   0x00000012   Code   RO         5327    i.USBD_LL_StallEP   usbd_conf.o
    0x08004568   0x08004568   0x00000012   Code   RO         5328    i.USBD_LL_Start     usbd_conf.o
    0x0800457a   0x0800457a   0x00000012   Code   RO         5527    i.USBD_LL_Suspend   usbd_core.o
    0x0800458c   0x0800458c   0x00000012   Code   RO         5330    i.USBD_LL_Transmit  usbd_conf.o
    0x0800459e   0x0800459e   0x00000028   Code   RO         5658    i.USBD_ParseSetupRequest  usbd_ctlreq.o
    0x080045c6   0x080045c6   0x00000012   Code   RO         5528    i.USBD_RegisterClass  usbd_core.o
    0x080045d8   0x080045d8   0x00000004   Code   RO         5529    i.USBD_RunTestMode  usbd_core.o
    0x080045dc   0x080045dc   0x00000058   Code   RO         5659    i.USBD_SetAddress   usbd_ctlreq.o
    0x08004634   0x08004634   0x00000018   Code   RO         5530    i.USBD_SetClassConfig  usbd_core.o
    0x0800464c   0x0800464c   0x000000cc   Code   RO         5660    i.USBD_SetConfig    usbd_ctlreq.o
    0x08004718   0x08004718   0x00000010   Code   RO         5661    i.USBD_SetFeature   usbd_ctlreq.o
    0x08004728   0x08004728   0x0000000a   Code   RO         5531    i.USBD_Start        usbd_core.o
    0x08004732   0x08004732   0x00000080   Code   RO         5662    i.USBD_StdDevReq    usbd_ctlreq.o
    0x080047b2   0x080047b2   0x000001f0   Code   RO         5663    i.USBD_StdEPReq     usbd_ctlreq.o
    0x080049a2   0x080049a2   0x0000006a   Code   RO         5664    i.USBD_StdItfReq    usbd_ctlreq.o
    0x08004a0c   0x08004a0c   0x00000002   Code   RO         5331    i.USBD_static_free  usbd_conf.o
    0x08004a0e   0x08004a0e   0x00000002   PAD
    0x08004a10   0x08004a10   0x00000008   Code   RO         5332    i.USBD_static_malloc  usbd_conf.o
    0x08004a18   0x08004a18   0x0000029c   Code   RO          953    i.USB_ActivateEndpoint  stm32f1xx_ll_usb.o
    0x08004cb4   0x08004cb4   0x00000004   Code   RO          956    i.USB_CoreInit      stm32f1xx_ll_usb.o
    0x08004cb8   0x08004cb8   0x0000010e   Code   RO          958    i.USB_DeactivateEndpoint  stm32f1xx_ll_usb.o
    0x08004dc6   0x08004dc6   0x00000004   Code   RO          959    i.USB_DevConnect    stm32f1xx_ll_usb.o
    0x08004dca   0x08004dca   0x00000004   Code   RO          960    i.USB_DevDisconnect  stm32f1xx_ll_usb.o
    0x08004dce   0x08004dce   0x00000012   Code   RO          961    i.USB_DevInit       stm32f1xx_ll_usb.o
    0x08004de0   0x08004de0   0x0000000e   Code   RO          962    i.USB_DisableGlobalInt  stm32f1xx_ll_usb.o
    0x08004dee   0x08004dee   0x00000004   Code   RO          963    i.USB_EP0_OutStart  stm32f1xx_ll_usb.o
    0x08004df2   0x08004df2   0x00000078   Code   RO          964    i.USB_EPClearStall  stm32f1xx_ll_usb.o
    0x08004e6a   0x08004e6a   0x00000032   Code   RO          965    i.USB_EPSetStall    stm32f1xx_ll_usb.o
    0x08004e9c   0x08004e9c   0x000004e2   Code   RO          966    i.USB_EPStartXfer   stm32f1xx_ll_usb.o
    0x0800537e   0x0800537e   0x00000012   Code   RO          968    i.USB_EnableGlobalInt  stm32f1xx_ll_usb.o
    0x08005390   0x08005390   0x0000000c   Code   RO          530    i.USB_LP_CAN1_RX0_IRQHandler  stm32f1xx_it.o
    0x0800539c   0x0800539c   0x00000006   Code   RO          975    i.USB_ReadInterrupts  stm32f1xx_ll_usb.o
    0x080053a2   0x080053a2   0x00000002   PAD
    0x080053a4   0x080053a4   0x0000002c   Code   RO          976    i.USB_ReadPMA       stm32f1xx_ll_usb.o
    0x080053d0   0x080053d0   0x00000004   Code   RO          977    i.USB_SetCurrentMode  stm32f1xx_ll_usb.o
    0x080053d4   0x080053d4   0x0000000c   Code   RO          978    i.USB_SetDevAddress  stm32f1xx_ll_usb.o
    0x080053e0   0x080053e0   0x00000026   Code   RO          980    i.USB_WritePMA      stm32f1xx_ll_usb.o
    0x08005406   0x08005406   0x00000002   Code   RO          531    i.UsageFault_Handler  stm32f1xx_it.o
    0x08005408   0x08005408   0x0000001e   Code   RO           15    i.User_Init         main.o
    0x08005426   0x08005426   0x00000020   Code   RO         1629    i.__NVIC_SetPriority  stm32f1xx_hal_cortex.o
    0x08005446   0x08005446   0x0000000e   Code   RO         6321    i.__scatterload_copy  mc_w.l(handlers.o)
    0x08005454   0x08005454   0x00000002   Code   RO         6322    i.__scatterload_null  mc_w.l(handlers.o)
    0x08005456   0x08005456   0x0000000e   Code   RO         6323    i.__scatterload_zeroinit  mc_w.l(handlers.o)
    0x08005464   0x08005464   0x00000020   Code   RO         4923    i.block_decrease    block.o
    0x08005484   0x08005484   0x0000002e   Code   RO         4924    i.block_increase    block.o
    0x080054b2   0x080054b2   0x00000020   Code   RO         4925    i.block_init        block.o
    0x080054d2   0x080054d2   0x00000002   PAD
    0x080054d4   0x080054d4   0x00000090   Code   RO           16    i.main              main.o
    0x08005564   0x08005564   0x00000044   Code   RO         4957    i.set_branch        menucore.o
    0x080055a8   0x080055a8   0x0000001e   Code   RO         4958    i.set_node          menucore.o
    0x080055c6   0x080055c6   0x00000388   Data   RO           17    .constdata          main.o
    0x0800594e   0x0800594e   0x00000012   Data   RO         1327    .constdata          stm32f1xx_hal_rcc.o
    0x08005960   0x08005960   0x00000012   Data   RO         1419    .constdata          stm32f1xx_hal_rcc_ex.o
    0x08005972   0x08005972   0x00000010   Data   RO         4052    .constdata          system_stm32f1xx.o
    0x08005982   0x08005982   0x00000008   Data   RO         4053    .constdata          system_stm32f1xx.o
    0x0800598a   0x0800598a   0x00000002   PAD
    0x0800598c   0x0800598c   0x00000024   Data   RO         4138    .constdata          key.o
    0x080059b0   0x080059b0   0x00000b22   Data   RO         4563    .constdata          oled_fonts.o
    0x080064d2   0x080064d2   0x000005f0   Data   RO         4564    .constdata          oled_fonts.o
    0x08006ac2   0x08006ac2   0x00000532   Data   RO         4565    .constdata          oled_fonts.o
    0x08006ff4   0x08006ff4   0x0000023a   Data   RO         4566    .constdata          oled_fonts.o
    0x0800722e   0x0800722e   0x00000002   PAD
    0x08007230   0x08007230   0x00000020   Data   RO         6319    Region$$Table       anon$$obj.o


    Execution Region RW_IRAM1 (Exec base: 0x20000000, Load base: 0x08007250, Size: 0x000027f8, Max: 0x00005000, ABSOLUTE, COMPRESSED[0x000000d0])

    Exec Addr    Load Addr    Size         Type   Attr      Idx    E Section Name        Object

    0x20000000   COMPRESSED   0x00000001   Data   RW           19    .data               main.o
    0x20000001   COMPRESSED   0x00000001   PAD
    0x20000002   COMPRESSED   0x00000004   Data   RW          412    .data               tim.o
    0x20000006   COMPRESSED   0x00000002   PAD
    0x20000008   COMPRESSED   0x0000000c   Data   RW         1164    .data               stm32f1xx_hal.o
    0x20000014   COMPRESSED   0x00000004   Data   RW         4054    .data               system_stm32f1xx.o
    0x20000018   COMPRESSED   0x00000006   Data   RW         4139    .data               key.o
    0x2000001e   COMPRESSED   0x00000005   Data   RW         4255    .data               remote_adc.o
    0x20000023   COMPRESSED   0x00000001   PAD
    0x20000024   COMPRESSED   0x00000004   Data   RW         4629    .data               oled_driver.o
    0x20000028   COMPRESSED   0x00000006   Data   RW         4962    .data               menucore.o
    0x2000002e   COMPRESSED   0x00000002   PAD
    0x20000030   COMPRESSED   0x00000008   Data   RW         5014    .data               menuselector.o
    0x20000038   COMPRESSED   0x00000004   Data   RW         5063    .data               menusetting.o
    0x2000003c   COMPRESSED   0x0000001c   Data   RW         5186    .data               usbd_desc.o
    0x20000058   COMPRESSED   0x00000032   Data   RW         5187    .data               usbd_desc.o
    0x2000008a   COMPRESSED   0x00000002   PAD
    0x2000008c   COMPRESSED   0x00000039   Data   RW         5263    .data               usbd_custom_hid_if.o
    0x200000c5   COMPRESSED   0x00000003   PAD
    0x200000c8   COMPRESSED   0x00000010   Data   RW         5264    .data               usbd_custom_hid_if.o
    0x200000d8   COMPRESSED   0x00000001   Data   RW         5665    .data               usbd_ctlreq.o
    0x200000d9   COMPRESSED   0x00000003   PAD
    0x200000dc   COMPRESSED   0x00000038   Data   RW         5818    .data               usbd_customhid.o
    0x20000114   COMPRESSED   0x0000009a   Data   RW         5819    .data               usbd_customhid.o
    0x200001ae   COMPRESSED   0x00000002   PAD
    0x200001b0        -       0x00000080   Zero   RW          301    .bss                adc.o
    0x20000230        -       0x00000058   Zero   RW          367    .bss                spi.o
    0x20000288        -       0x00000090   Zero   RW          411    .bss                tim.o
    0x20000318        -       0x00000048   Zero   RW          471    .bss                usart.o
    0x20000360        -       0x00000400   Zero   RW         4628    .bss                oled_driver.o
    0x20000760        -       0x000015e0   Zero   RW         4959    .bss                menucore.o
    0x20001d40        -       0x000002c4   Zero   RW         5142    .bss                usb_device.o
    0x20002004        -       0x00000100   Zero   RW         5185    .bss                usbd_desc.o
    0x20002104        -       0x000002f4   Zero   RW         5333    .bss                usbd_conf.o
    0x200023f8        -       0x00000400   Zero   RW            1    STACK               startup_stm32f103xb.o


==============================================================================

Image component sizes


      Code (inc. data)   RO Data    RW Data    ZI Data      Debug   Object Name

       368         34          0          0        128       1883   adc.o
         2          0          0          0          0        384   beep.o
       110          0          0          0          0       1967   block.o
        44          4          0          0          0        718   dma.o
       272         16          0          0          0        979   gpio.o
       162         20         36          6          0       3049   key.o
       170         10          0          0          0       2367   led.o
       318         18        904          1          0     479072   main.o
       190         18          0          6       5600       4316   menucore.o
       112         20          0          8          0       3315   menuselector.o
       322         82          0          4          0       1209   menusetting.o
       172         36          0          0          0        537   my_display.o
       772         32          0          0          0       6623   oled.o
       660         30          0          4       1024       7216   oled_driver.o
         0          0       6270          0          0       3076   oled_fonts.o
        88         12          0          5          0       2417   remote_adc.o
       184         24          0          0         88       1577   spi.o
        36          8        236          0       1024        784   startup_stm32f103xb.o
       164         28          0         12          0       5749   stm32f1xx_hal.o
      1134         56          0          0          0       8298   stm32f1xx_hal_adc.o
       216          6          0          0          0       1398   stm32f1xx_hal_adc_ex.o
       198         14          0          0          0      28831   stm32f1xx_hal_cortex.o
       586         32          0          0          0       3503   stm32f1xx_hal_dma.o
       500         34          0          0          0       3439   stm32f1xx_hal_gpio.o
        60          8          0          0          0        838   stm32f1xx_hal_msp.o
      3026          0          0          0          0      13381   stm32f1xx_hal_pcd.o
        60          0          0          0          0       1134   stm32f1xx_hal_pcd_ex.o
      1240         84         18          0          0       4996   stm32f1xx_hal_rcc.o
       400         28         18          0          0       2413   stm32f1xx_hal_rcc_ex.o
       178          0          0          0          0       1119   stm32f1xx_hal_spi.o
      1818         70          0          0          0      16307   stm32f1xx_hal_tim.o
       108         12          0          0          0       2325   stm32f1xx_hal_tim_ex.o
       284          6          0          0          0       1876   stm32f1xx_hal_uart.o
        56         18          0          0          0       4972   stm32f1xx_it.o
      2528          0          0          0          0      15779   stm32f1xx_ll_usb.o
         2          0         24          4          0       1059   system_stm32f1xx.o
       496         44          0          4        144       3239   tim.o
       168         20          0          0         72       1662   usart.o
        84         18          0          0        708        756   usb_device.o
       544         24          0          0        756      13293   usbd_conf.o
       710          0          0          0          0       9663   usbd_core.o
      1764         30          0          1          0      11016   usbd_ctlreq.o
        12          0          0         73          0       2028   usbd_custom_hid_if.o
       636         30          0        210          0      10767   usbd_customhid.o
       378        126          0         78        256       6465   usbd_desc.o
       132          0          0          0          0       4204   usbd_ioreq.o

    ----------------------------------------------------------------------
     21508       1052       7542        432       9800     701999   Object Totals
         0          0         32          0          0          0   (incl. Generated)
        44          0          4         16          0          0   (incl. Padding)

    ----------------------------------------------------------------------

      Code (inc. data)   RO Data    RW Data    ZI Data      Debug   Library Member Name

        86          0          0          0          0          0   __dczerorl2.o
         0          0          0          0          0          0   entry.o
         0          0          0          0          0          0   entry10a.o
         0          0          0          0          0          0   entry11a.o
         4          0          0          0          0          0   entry12b.o
         8          4          0          0          0          0   entry2.o
         4          0          0          0          0          0   entry5.o
         0          0          0          0          0          0   entry7b.o
         0          0          0          0          0          0   entry8b.o
         8          4          0          0          0          0   entry9a.o
        30          0          0          0          0          0   handlers.o
        36          8          0          0          0         68   init.o
        36          0          0          0          0        108   memseta.o

    ----------------------------------------------------------------------
       214         16          0          0          0        176   Library Totals
         2          0          0          0          0          0   (incl. Padding)

    ----------------------------------------------------------------------

      Code (inc. data)   RO Data    RW Data    ZI Data      Debug   Library Name

       212         16          0          0          0        176   mc_w.l

    ----------------------------------------------------------------------
       214         16          0          0          0        176   Library Totals

    ----------------------------------------------------------------------

==============================================================================


      Code (inc. data)   RO Data    RW Data    ZI Data      Debug   

     21722       1068       7542        432       9800     689979   Grand Totals
     21722       1068       7542        208       9800     689979   ELF Image Totals (compressed)
     21722       1068       7542        208          0          0   ROM Totals

==============================================================================

    Total RO  Size (Code + RO Data)                29264 (  28.58kB)
    Total RW  Size (RW Data + ZI Data)             10232 (   9.99kB)
    Total ROM Size (Code + RO Data + RW Data)      29472 (  28.78kB)

==============================================================================

